../Core/Src/main.c:96:5:_write	24	static
../Core/Src/main.c:109:5:main	8	static
../Core/Src/main.c:276:6:SystemClock_Config	96	static
../Core/Src/main.c:320:13:MX_ADC1_Init	24	static
../Core/Src/main.c:367:13:MX_SPI2_Init	8	static
../Core/Src/main.c:405:13:MX_TIM2_Init	48	static
../Core/Src/main.c:463:13:MX_TIM3_Init	56	static
../Core/Src/main.c:512:13:MX_TIM4_Init	56	static
../Core/Src/main.c:561:13:MX_TIM6_Init	16	static
../Core/Src/main.c:599:13:MX_TIM8_Init	80	static
../Core/Src/main.c:676:13:MX_UART5_Init	8	static
../Core/Src/main.c:709:13:MX_USART1_UART_Init	8	static
../Core/Src/main.c:742:13:MX_GPIO_Init	40	static
../Core/Src/main.c:811:6:Error_Handler	4	static,ignoring_inline_asm
