../Core/Src/main.c:96:5:_write	24	static
../Core/Src/main.c:109:5:main	8	static
../Core/Src/main.c:269:6:SystemClock_Config	96	static
../Core/Src/main.c:313:13:MX_ADC1_Init	24	static
../Core/Src/main.c:360:13:MX_SPI2_Init	8	static
../Core/Src/main.c:398:13:MX_TIM2_Init	48	static
../Core/Src/main.c:456:13:MX_TIM3_Init	56	static
../Core/Src/main.c:505:13:MX_TIM4_Init	56	static
../Core/Src/main.c:554:13:MX_TIM6_Init	16	static
../Core/Src/main.c:592:13:MX_TIM8_Init	80	static
../Core/Src/main.c:669:13:MX_UART5_Init	8	static
../Core/Src/main.c:702:13:MX_USART1_UART_Init	8	static
../Core/Src/main.c:735:13:MX_GPIO_Init	40	static
../Core/Src/main.c:804:6:Error_Handler	4	static,ignoring_inline_asm
