../Core/Src/oled.c:33:6:OLED_Init	16	static
../Core/Src/oled.c:92:6:SSD1306_UpdateScreen	16	static
../Core/Src/oled.c:107:6:SSD1306_ToggleInvert	16	static
../Core/Src/oled.c:125:6:SSD1306_Fill	16	static
../Core/Src/oled.c:137:6:SSD1306_DrawPixel	16	static
../Core/Src/oled.c:161:6:SSD1306_GotoXY	16	static
../Core/Src/oled.c:173:6:SSD1306_Putc	32	static
../Core/Src/oled.c:210:6:SSD1306_Puts	24	static
../Core/Src/oled.c:230:6:SSD1306_DrawLine	40	static
../Core/Src/oled.c:331:6:SSD1306_DrawRectangle	32	static
../Core/Src/oled.c:359:6:SSD1306_DrawFilledRectangle	40	static
../Core/Src/oled.c:392:6:SSD1306_ON	8	static
../Core/Src/oled.c:398:6:SSD1306_OFF	8	static
../Core/Src/oled.c:407:6:ssd1306_I2C_WriteMulti	16	static
../Core/Src/oled.c:412:6:ssd1306_I2C_Write	16	static
../Core/Src/oled.c:419:6:OLED_Clear	8	static
../Core/Src/oled.c:425:6:OLED_Refresh	8	static
../Core/Src/oled.c:431:6:OLED_Draw_String	16	static
../Core/Src/oled.c:440:6:OLED_Draw_Line	24	static
