../Core/Src/oled.i2c.c:24:13:Delay_For_Pin	24	static
../Core/Src/oled.i2c.c:34:6:OLED_I2C_Init	8	static
../Core/Src/oled.i2c.c:46:6:OLED_IIC_Init	4	static
../Core/Src/oled.i2c.c:55:5:OLED_IIC_Start	8	static
../Core/Src/oled.i2c.c:72:6:OLED_IIC_Stop	8	static
../Core/Src/oled.i2c.c:87:5:OLED_IIC_Wait_Ack	16	static
../Core/Src/oled.i2c.c:110:6:OLED_IIC_Ack	8	static
../Core/Src/oled.i2c.c:122:6:OLED_IIC_NAck	8	static
../Core/Src/oled.i2c.c:137:6:OLED_IIC_Send_Byte	24	static
../Core/Src/oled.i2c.c:158:5:OLED_i2cWrite	24	static
../Core/Src/oled.i2c.c:187:5:OLED_i2cRead	16	static
../Core/Src/oled.i2c.c:217:9:OLED_IIC_Read_Byte	24	static
../Core/Src/oled.i2c.c:239:15:OLED_I2C_ReadOneByte	24	static
../Core/Src/oled.i2c.c:264:9:OLED_OLED_IICreadBytes	32	static
../Core/Src/oled.i2c.c:291:9:OLED_OLED_IICwriteBytes	24	static
../Core/Src/oled.i2c.c:312:9:OLED_IICreadByte	16	static
../Core/Src/oled.i2c.c:320:15:OLED_IICwriteByte	16	static
../Core/Src/oled.i2c.c:327:9:OLED_OLED_IICwriteBits	32	static
../Core/Src/oled.i2c.c:348:9:OLED_IICwriteBit	32	static
