Archive member included to satisfy reference by file (symbol)

C:/ST/STM32CubeIDE_1.19.0/STM32CubeIDE/plugins/com.st.stm32cube.ide.mcu.externaltools.gnu-tools-for-stm32.13.3.rel1.win32_1.0.0.202411081344/tools/bin/../lib/gcc/arm-none-eabi/13.3.1/../../../../arm-none-eabi/lib/thumb/v7-m/nofp\libc_nano.a(libc_a-exit.o)
                              C:/ST/STM32CubeIDE_1.19.0/STM32CubeIDE/plugins/com.st.stm32cube.ide.mcu.externaltools.gnu-tools-for-stm32.13.3.rel1.win32_1.0.0.202411081344/tools/bin/../lib/gcc/arm-none-eabi/13.3.1/../../../../arm-none-eabi/lib/thumb/v7-m/nofp/crt0.o (exit)
C:/ST/STM32CubeIDE_1.19.0/STM32CubeIDE/plugins/com.st.stm32cube.ide.mcu.externaltools.gnu-tools-for-stm32.13.3.rel1.win32_1.0.0.202411081344/tools/bin/../lib/gcc/arm-none-eabi/13.3.1/../../../../arm-none-eabi/lib/thumb/v7-m/nofp\libc_nano.a(libc_a-nano-vfprintf_float.o)
                              (_printf_float)
C:/ST/STM32CubeIDE_1.19.0/STM32CubeIDE/plugins/com.st.stm32cube.ide.mcu.externaltools.gnu-tools-for-stm32.13.3.rel1.win32_1.0.0.202411081344/tools/bin/../lib/gcc/arm-none-eabi/13.3.1/../../../../arm-none-eabi/lib/thumb/v7-m/nofp\libc_nano.a(libc_a-nano-vfprintf_i.o)
                              C:/ST/STM32CubeIDE_1.19.0/STM32CubeIDE/plugins/com.st.stm32cube.ide.mcu.externaltools.gnu-tools-for-stm32.13.3.rel1.win32_1.0.0.202411081344/tools/bin/../lib/gcc/arm-none-eabi/13.3.1/../../../../arm-none-eabi/lib/thumb/v7-m/nofp\libc_nano.a(libc_a-nano-vfprintf_float.o) (_printf_common)
C:/ST/STM32CubeIDE_1.19.0/STM32CubeIDE/plugins/com.st.stm32cube.ide.mcu.externaltools.gnu-tools-for-stm32.13.3.rel1.win32_1.0.0.202411081344/tools/bin/../lib/gcc/arm-none-eabi/13.3.1/../../../../arm-none-eabi/lib/thumb/v7-m/nofp\libc_nano.a(libc_a-nano-vfscanf_float.o)
                              (_scanf_float)
C:/ST/STM32CubeIDE_1.19.0/STM32CubeIDE/plugins/com.st.stm32cube.ide.mcu.externaltools.gnu-tools-for-stm32.13.3.rel1.win32_1.0.0.202411081344/tools/bin/../lib/gcc/arm-none-eabi/13.3.1/../../../../arm-none-eabi/lib/thumb/v7-m/nofp\libc_nano.a(libc_a-findfp.o)
                              C:/ST/STM32CubeIDE_1.19.0/STM32CubeIDE/plugins/com.st.stm32cube.ide.mcu.externaltools.gnu-tools-for-stm32.13.3.rel1.win32_1.0.0.202411081344/tools/bin/../lib/gcc/arm-none-eabi/13.3.1/../../../../arm-none-eabi/lib/thumb/v7-m/nofp\libc_nano.a(libc_a-exit.o) (__stdio_exit_handler)
C:/ST/STM32CubeIDE_1.19.0/STM32CubeIDE/plugins/com.st.stm32cube.ide.mcu.externaltools.gnu-tools-for-stm32.13.3.rel1.win32_1.0.0.202411081344/tools/bin/../lib/gcc/arm-none-eabi/13.3.1/../../../../arm-none-eabi/lib/thumb/v7-m/nofp\libc_nano.a(libc_a-fwalk.o)
                              C:/ST/STM32CubeIDE_1.19.0/STM32CubeIDE/plugins/com.st.stm32cube.ide.mcu.externaltools.gnu-tools-for-stm32.13.3.rel1.win32_1.0.0.202411081344/tools/bin/../lib/gcc/arm-none-eabi/13.3.1/../../../../arm-none-eabi/lib/thumb/v7-m/nofp\libc_nano.a(libc_a-findfp.o) (_fwalk_sglue)
C:/ST/STM32CubeIDE_1.19.0/STM32CubeIDE/plugins/com.st.stm32cube.ide.mcu.externaltools.gnu-tools-for-stm32.13.3.rel1.win32_1.0.0.202411081344/tools/bin/../lib/gcc/arm-none-eabi/13.3.1/../../../../arm-none-eabi/lib/thumb/v7-m/nofp\libc_nano.a(libc_a-printf.o)
                              ./Core/Src/KF.o (printf)
C:/ST/STM32CubeIDE_1.19.0/STM32CubeIDE/plugins/com.st.stm32cube.ide.mcu.externaltools.gnu-tools-for-stm32.13.3.rel1.win32_1.0.0.202411081344/tools/bin/../lib/gcc/arm-none-eabi/13.3.1/../../../../arm-none-eabi/lib/thumb/v7-m/nofp\libc_nano.a(libc_a-puts.o)
                              ./Core/Src/app_control.o (puts)
C:/ST/STM32CubeIDE_1.19.0/STM32CubeIDE/plugins/com.st.stm32cube.ide.mcu.externaltools.gnu-tools-for-stm32.13.3.rel1.win32_1.0.0.202411081344/tools/bin/../lib/gcc/arm-none-eabi/13.3.1/../../../../arm-none-eabi/lib/thumb/v7-m/nofp\libc_nano.a(libc_a-sprintf.o)
                              C:/ST/STM32CubeIDE_1.19.0/STM32CubeIDE/plugins/com.st.stm32cube.ide.mcu.externaltools.gnu-tools-for-stm32.13.3.rel1.win32_1.0.0.202411081344/tools/bin/../lib/gcc/arm-none-eabi/13.3.1/../../../../arm-none-eabi/lib/thumb/v7-m/nofp\libc_nano.a(libc_a-nano-vfscanf_float.o) (sprintf)
C:/ST/STM32CubeIDE_1.19.0/STM32CubeIDE/plugins/com.st.stm32cube.ide.mcu.externaltools.gnu-tools-for-stm32.13.3.rel1.win32_1.0.0.202411081344/tools/bin/../lib/gcc/arm-none-eabi/13.3.1/../../../../arm-none-eabi/lib/thumb/v7-m/nofp\libc_nano.a(libc_a-stdio.o)
                              C:/ST/STM32CubeIDE_1.19.0/STM32CubeIDE/plugins/com.st.stm32cube.ide.mcu.externaltools.gnu-tools-for-stm32.13.3.rel1.win32_1.0.0.202411081344/tools/bin/../lib/gcc/arm-none-eabi/13.3.1/../../../../arm-none-eabi/lib/thumb/v7-m/nofp\libc_nano.a(libc_a-findfp.o) (__sread)
C:/ST/STM32CubeIDE_1.19.0/STM32CubeIDE/plugins/com.st.stm32cube.ide.mcu.externaltools.gnu-tools-for-stm32.13.3.rel1.win32_1.0.0.202411081344/tools/bin/../lib/gcc/arm-none-eabi/13.3.1/../../../../arm-none-eabi/lib/thumb/v7-m/nofp\libc_nano.a(libc_a-wbuf.o)
[...]
Memory Configuration

Name             Origin             Length             Attributes
RAM              0x20000000         0x0000c000         xrw
FLASH            0x08000000         0x00040000         xr
*default*        0x00000000         0xffffffff

Linker script and memory map

LOAD C:/ST/STM32CubeIDE_1.19.0/STM32CubeIDE/plugins/com.st.stm32cube.ide.mcu.externaltools.gnu-tools-for-stm32.13.3.rel1.win32_1.0.0.202411081344/tools/bin/../lib/gcc/arm-none-eabi/13.3.1/thumb/v7-m/nofp/crti.o
LOAD C:/ST/STM32CubeIDE_1.19.0/STM32CubeIDE/plugins/com.st.stm32cube.ide.mcu.externaltools.gnu-tools-for-stm32.13.3.rel1.win32_1.0.0.202411081344/tools/bin/../lib/gcc/arm-none-eabi/13.3.1/thumb/v7-m/nofp/crtbegin.o
LOAD C:/ST/STM32CubeIDE_1.19.0/STM32CubeIDE/plugins/com.st.stm32cube.ide.mcu.externaltools.gnu-tools-for-stm32.13.3.rel1.win32_1.0.0.202411081344/tools/bin/../lib/gcc/arm-none-eabi/13.3.1/../../../../arm-none-eabi/lib/thumb/v7-m/nofp/crt0.o
LOAD ./Core/Inc/inv_mpu_dmp_motion_driver.o
LOAD ./Core/Src/KF.o
LOAD ./Core/Src/adc.o
LOAD ./Core/Src/app_control.o
LOAD ./Core/Src/app_ps2.o
LOAD ./Core/Src/delay.o
LOAD ./Core/Src/encoder.o
LOAD ./Core/Src/filtrer.o
LOAD ./Core/Src/font_oled.o
LOAD ./Core/Src/iOI2C.o
LOAD ./Core/Src/inv_mpu.o
LOAD ./Core/Src/key.o
LOAD ./Core/Src/led.o
LOAD ./Core/Src/main.o
LOAD ./Core/Src/motor.o
LOAD ./Core/Src/mpu6050.o
LOAD ./Core/Src/oled.o
LOAD ./Core/Src/oled.i2c.o
LOAD ./Core/Src/pid_control.o
LOAD ./Core/Src/ps2.o
LOAD ./Core/Src/stm32f1xx_hal_msp.o
LOAD ./Core/Src/stm32f1xx_it.o
LOAD ./Core/Src/syscalls.o
LOAD ./Core/Src/sysmem.o
LOAD ./Core/Src/system_stm32f1xx.o
LOAD ./Core/Src/uart5.o
LOAD ./Core/Src/ultrasonic.o
LOAD ./Core/Startup/startup_stm32f103rctx.o
LOAD ./Drivers/STM32F1xx_HAL_Driver/Src/stm32f1xx_hal.o
LOAD ./Drivers/STM32F1xx_HAL_Driver/Src/stm32f1xx_hal_adc.o
LOAD ./Drivers/STM32F1xx_HAL_Driver/Src/stm32f1xx_hal_adc_ex.o
LOAD ./Drivers/STM32F1xx_HAL_Driver/Src/stm32f1xx_hal_cortex.o
LOAD ./Drivers/STM32F1xx_HAL_Driver/Src/stm32f1xx_hal_dma.o
LOAD ./Drivers/STM32F1xx_HAL_Driver/Src/stm32f1xx_hal_exti.o
LOAD ./Drivers/STM32F1xx_HAL_Driver/Src/stm32f1xx_hal_flash.o
LOAD ./Drivers/STM32F1xx_HAL_Driver/Src/stm32f1xx_hal_flash_ex.o
LOAD ./Drivers/STM32F1xx_HAL_Driver/Src/stm32f1xx_hal_gpio.o
LOAD ./Drivers/STM32F1xx_HAL_Driver/Src/stm32f1xx_hal_gpio_ex.o
LOAD ./Drivers/STM32F1xx_HAL_Driver/Src/stm32f1xx_hal_pwr.o
LOAD ./Drivers/STM32F1xx_HAL_Driver/Src/stm32f1xx_hal_rcc.o
LOAD ./Drivers/STM32F1xx_HAL_Driver/Src/stm32f1xx_hal_rcc_ex.o
LOAD ./Drivers/STM32F1xx_HAL_Driver/Src/stm32f1xx_hal_spi.o
LOAD ./Drivers/STM32F1xx_HAL_Driver/Src/stm32f1xx_hal_tim.o
LOAD ./Drivers/STM32F1xx_HAL_Driver/Src/stm32f1xx_hal_tim_ex.o
LOAD ./Drivers/STM32F1xx_HAL_Driver/Src/stm32f1xx_hal_uart.o
START GROUP
LOAD C:/ST/STM32CubeIDE_1.19.0/STM32CubeIDE/plugins/com.st.stm32cube.ide.mcu.externaltools.gnu-tools-for-stm32.13.3.rel1.win32_1.0.0.202411081344/tools/bin/../lib/gcc/arm-none-eabi/13.3.1/../../../../arm-none-eabi/lib/thumb/v7-m/nofp\libc_nano.a
LOAD C:/ST/STM32CubeIDE_1.19.0/STM32CubeIDE/plugins/com.st.stm32cube.ide.mcu.externaltools.gnu-tools-for-stm32.13.3.rel1.win32_1.0.0.202411081344/tools/bin/../lib/gcc/arm-none-eabi/13.3.1/../../../../arm-none-eabi/lib/thumb/v7-m/nofp\libm.a
END GROUP
START GROUP
LOAD C:/ST/STM32CubeIDE_1.19.0/STM32CubeIDE/plugins/com.st.stm32cube.ide.mcu.externaltools.gnu-tools-for-stm32.13.3.rel1.win32_1.0.0.202411081344/tools/bin/../lib/gcc/arm-none-eabi/13.3.1/thumb/v7-m/nofp\libgcc.a
LOAD C:/ST/STM32CubeIDE_1.19.0/STM32CubeIDE/plugins/com.st.stm32cube.ide.mcu.externaltools.gnu-tools-for-stm32.13.3.rel1.win32_1.0.0.202411081344/tools/bin/../lib/gcc/arm-none-eabi/13.3.1/../../../../arm-none-eabi/lib/thumb/v7-m/nofp\libc_nano.a
END GROUP
START GROUP
LOAD C:/ST/STM32CubeIDE_1.19.0/STM32CubeIDE/plugins/com.st.stm32cube.ide.mcu.externaltools.gnu-tools-for-stm32.13.3.rel1.win32_1.0.0.202411081344/tools/bin/../lib/gcc/arm-none-eabi/13.3.1/thumb/v7-m/nofp\libgcc.a
LOAD C:/ST/STM32CubeIDE_1.19.0/STM32CubeIDE/plugins/com.st.stm32cube.ide.mcu.externaltools.gnu-tools-for-stm32.13.3.rel1.win32_1.0.0.202411081344/tools/bin/../lib/gcc/arm-none-eabi/13.3.1/../../../../arm-none-eabi/lib/thumb/v7-m/nofp\libc_nano.a
LOAD C:/ST/STM32CubeIDE_1.19.0/STM32CubeIDE/plugins/com.st.stm32cube.ide.mcu.externaltools.gnu-tools-for-stm32.13.3.rel1.win32_1.0.0.202411081344/tools/bin/../lib/gcc/arm-none-eabi/13.3.1/../../../../arm-none-eabi/lib/thumb/v7-m/nofp\libnosys.a
END GROUP
START GROUP
LOAD C:/ST/STM32CubeIDE_1.19.0/STM32CubeIDE/plugins/com.st.stm32cube.ide.mcu.externaltools.gnu-tools-for-stm32.13.3.rel1.win32_1.0.0.202411081344/tools/bin/../lib/gcc/arm-none-eabi/13.3.1/thumb/v7-m/nofp\libgcc.a
LOAD C:/ST/STM32CubeIDE_1.19.0/STM32CubeIDE/plugins/com.st.stm32cube.ide.mcu.externaltools.gnu-tools-for-stm32.13.3.rel1.win32_1.0.0.202411081344/tools/bin/../lib/gcc/arm-none-eabi/13.3.1/../../../../arm-none-eabi/lib/thumb/v7-m/nofp\libc_nano.a
LOAD C:/ST/STM32CubeIDE_1.19.0/STM32CubeIDE/plugins/com.st.stm32cube.ide.mcu.externaltools.gnu-tools-for-stm32.13.3.rel1.win32_1.0.0.202411081344/tools/bin/../lib/gcc/arm-none-eabi/13.3.1/../../../../arm-none-eabi/lib/thumb/v7-m/nofp\libnosys.a
END GROUP
LOAD C:/ST/STM32CubeIDE_1.19.0/STM32CubeIDE/plugins/com.st.stm32cube.ide.mcu.externaltools.gnu-tools-for-stm32.13.3.rel1.win32_1.0.0.202411081344/tools/bin/../lib/gcc/arm-none-eabi/13.3.1/thumb/v7-m/nofp/crtend.o
LOAD C:/ST/STM32CubeIDE_1.19.0/STM32CubeIDE/plugins/com.st.stm32cube.ide.mcu.externaltools.gnu-tools-for-stm32.13.3.rel1.win32_1.0.0.202411081344/tools/bin/../lib/gcc/arm-none-eabi/13.3.1/thumb/v7-m/nofp/crtn.o
                0x2000c000                        _estack = (ORIGIN (RAM) + LENGTH (RAM))
                0x00000200                        _Min_Heap_Size = 0x200
                0x00000400                        _Min_Stack_Size = 0x400

.isr_vector     0x08000000      0x1e4
                0x08000000                        . = ALIGN (0x4)
 *(.isr_vector)
 .isr_vector    0x08000000      0x1e4 ./Core/Startup/startup_stm32f103rctx.o
                0x08000000                g_pfnVectors
                0x080001e4                        . = ALIGN (0x4)

.text           0x080001e8    0x124cc
                0x080001e8                        . = ALIGN (0x4)
 *(.text)
 .text          0x080001e8       0x40 C:/ST/STM32CubeIDE_1.19.0/STM32CubeIDE/plugins/com.st.stm32cube.ide.mcu.externaltools.gnu-tools-for-stm32.13.3.rel1.win32_1.0.0.202411081344/tools/bin/../lib/gcc/arm-none-eabi/13.3.1/thumb/v7-m/nofp/crtbegin.o
 .text          0x08000228       0x10 C:/ST/STM32CubeIDE_1.19.0/STM32CubeIDE/plugins/com.st.stm32cube.ide.mcu.externaltools.gnu-tools-for-stm32.13.3.rel1.win32_1.0.0.202411081344/tools/bin/../lib/gcc/arm-none-eabi/13.3.1/../../../../arm-none-eabi/lib/thumb/v7-m/nofp\libc_nano.a(libc_a-strlen.o)
                0x08000228                strlen
 .text          0x08000238      0x378 C:/ST/STM32CubeIDE_1.19.0/STM32CubeIDE/plugins/com.st.stm32cube.ide.mcu.externaltools.gnu-tools-for-stm32.13.3.rel1.win32_1.0.0.202411081344/tools/bin/../lib/gcc/arm-none-eabi/13.3.1/thumb/v7-m/nofp\libgcc.a(_arm_addsubdf3.o)
                0x08000238                __aeabi_drsub
                0x08000240                __aeabi_dsub
                0x08000240                __subdf3
                0x08000244                __aeabi_dadd
                0x08000244                __adddf3
                0x080004bc                __floatunsidf
                0x080004bc                __aeabi_ui2d
                0x080004dc                __floatsidf
                0x080004dc                __aeabi_i2d
                0x08000500                __aeabi_f2d
                0x08000500                __extendsfdf2
                0x08000544                __floatundidf
                0x08000544                __aeabi_ul2d
                0x08000554                __floatdidf
                0x08000554                __aeabi_l2d
 .text          0x080005b0      0x424 C:/ST/STM32CubeIDE_1.19.0/STM32CubeIDE/plugins/com.st.stm32cube.ide.mcu.externaltools.gnu-tools-for-stm32.13.3.rel1.win32_1.0.0.202411081344/tools/bin/../lib/gcc/arm-none-eabi/13.3.1/thumb/v7-m/nofp\libgcc.a(_arm_muldivdf3.o)
                0x080005b0                __aeabi_dmul
                0x080005b0                __muldf3
                0x08000804                __divdf3
                0x08000804                __aeabi_ddiv
 .text          0x080009d4      0x110 C:/ST/STM32CubeIDE_1.19.0/STM32CubeIDE/plugins/com.st.stm32cube.ide.mcu.externaltools.gnu-tools-for-stm32.13.3.rel1.win32_1.0.0.202411081344/tools/bin/../lib/gcc/arm-none-eabi/13.3.1/thumb/v7-m/nofp\libgcc.a(_arm_cmpdf2.o)
                0x080009d4                __gtdf2
                0x080009d4                __gedf2
                0x080009dc                __ltdf2
                0x080009dc                __ledf2
                0x080009e4                __nedf2
                0x080009e4                __eqdf2
                0x080009e4                __cmpdf2
                0x08000a60                __aeabi_cdrcmple
                0x08000a70                __aeabi_cdcmpeq
                0x08000a70                __aeabi_cdcmple
                0x08000a80                __aeabi_dcmpeq
                0x08000a94                __aeabi_dcmplt
                0x08000aa8                __aeabi_dcmple
                0x08000abc                __aeabi_dcmpge
                0x08000ad0                __aeabi_dcmpgt
 .text          0x08000ae4       0x2c C:/ST/STM32CubeIDE_1.19.0/STM32CubeIDE/plugins/com.st.stm32cube.ide.mcu.externaltools.gnu-tools-for-stm32.13.3.rel1.win32_1.0.0.202411081344/tools/bin/../lib/gcc/arm-none-eabi/13.3.1/thumb/v7-m/nofp\libgcc.a(_arm_unorddf2.o)
                0x08000ae4                __unorddf2
                0x08000ae4                __aeabi_dcmpun
 .text          0x08000b10       0x50 C:/ST/STM32CubeIDE_1.19.0/STM32CubeIDE/plugins/com.st.stm32cube.ide.mcu.externaltools.gnu-tools-for-stm32.13.3.rel1.win32_1.0.0.202411081344/tools/bin/../lib/gcc/arm-none-eabi/13.3.1/thumb/v7-m/nofp\libgcc.a(_arm_fixdfsi.o)
                0x08000b10                __aeabi_d2iz
                0x08000b10                __fixdfsi
 .text          0x08000b60       0x40 C:/ST/STM32CubeIDE_1.19.0/STM32CubeIDE/plugins/com.st.stm32cube.ide.mcu.externaltools.gnu-tools-for-stm32.13.3.rel1.win32_1.0.0.202411081344/tools/bin/../lib/gcc/arm-none-eabi/13.3.1/thumb/v7-m/nofp\libgcc.a(_arm_fixunsdfsi.o)
                0x08000b60                __aeabi_d2uiz
                0x08000b60                __fixunsdfsi
 .text          0x08000ba0       0xa0 C:/ST/STM32CubeIDE_1.19.0/STM32CubeIDE/plugins/com.st.stm32cube.ide.mcu.externaltools.gnu-tools-for-stm32.13.3.rel1.win32_1.0.0.202411081344/tools/bin/../lib/gcc/arm-none-eabi/13.3.1/thumb/v7-m/nofp\libgcc.a(_arm_truncdfsf2.o)
                0x08000ba0                __truncdfsf2
                0x08000ba0                __aeabi_d2f
 .text          0x08000c40      0x21c C:/ST/STM32CubeIDE_1.19.0/STM32CubeIDE/plugins/com.st.stm32cube.ide.mcu.externaltools.gnu-tools-for-stm32.13.3.rel1.win32_1.0.0.202411081344/tools/bin/../lib/gcc/arm-none-eabi/13.3.1/thumb/v7-m/nofp\libgcc.a(_arm_addsubsf3.o)
                0x08000c40                __aeabi_frsub
                0x08000c48                __subsf3
                0x08000c48                __aeabi_fsub
                0x08000c4c                __aeabi_fadd
                0x08000c4c                __addsf3
                0x08000dac                __aeabi_ui2f
                0x08000dac                __floatunsisf
                0x08000db4                __aeabi_i2f
                0x08000db4                __floatsisf
                0x08000dd0                __aeabi_ul2f
                0x08000dd0                __floatundisf
                0x08000de0                __aeabi_l2f
                0x08000de0                __floatdisf
 .text          0x08000e5c      0x2a0 C:/ST/STM32CubeIDE_1.19.0/STM32CubeIDE/plugins/com.st.stm32cube.ide.mcu.externaltools.gnu-tools-for-stm32.13.3.rel1.win32_1.0.0.202411081344/tools/bin/../lib/gcc/arm-none-eabi/13.3.1/thumb/v7-m/nofp\libgcc.a(_arm_muldivsf3.o)
                0x08000e5c                __mulsf3
                0x08000e5c                __aeabi_fmul
                0x08000fc4                __aeabi_fdiv
                0x08000fc4                __divsf3
 .text          0x080010fc       0xec C:/ST/STM32CubeIDE_1.19.0/STM32CubeIDE/plugins/com.st.stm32cube.ide.mcu.externaltools.gnu-tools-for-stm32.13.3.rel1.win32_1.0.0.202411081344/tools/bin/../lib/gcc/arm-none-eabi/13.3.1/thumb/v7-m/nofp\libgcc.a(_arm_cmpsf2.o)
                0x080010fc                __gesf2
                0x080010fc                __gtsf2
                0x08001104                __lesf2
                0x08001104                __ltsf2
                0x0800110c                __nesf2
                0x0800110c                __eqsf2
                0x0800110c                __cmpsf2
                0x0800116c                __aeabi_cfrcmple
                0x08001174                __aeabi_cfcmpeq
                0x08001174                __aeabi_cfcmple
                0x08001184                __aeabi_fcmpeq
                0x08001198                __aeabi_fcmplt
                0x080011ac                __aeabi_fcmple
                0x080011c0                __aeabi_fcmpge
                0x080011d4                __aeabi_fcmpgt
 .text          0x080011e8       0x4c C:/ST/STM32CubeIDE_1.19.0/STM32CubeIDE/plugins/com.st.stm32cube.ide.mcu.externaltools.gnu-tools-for-stm32.13.3.rel1.win32_1.0.0.202411081344/tools/bin/../lib/gcc/arm-none-eabi/13.3.1/thumb/v7-m/nofp\libgcc.a(_arm_fixsfsi.o)
                0x080011e8                __aeabi_f2iz
                0x080011e8                __fixsfsi
 .text          0x08001234       0x40 C:/ST/STM32CubeIDE_1.19.0/STM32CubeIDE/plugins/com.st.stm32cube.ide.mcu.externaltools.gnu-tools-for-stm32.13.3.rel1.win32_1.0.0.202411081344/tools/bin/../lib/gcc/arm-none-eabi/13.3.1/thumb/v7-m/nofp\libgcc.a(_arm_fixunssfsi.o)
                0x08001234                __fixunssfsi
                0x08001234                __aeabi_f2uiz
 .text          0x08001274       0xa0 C:/ST/STM32CubeIDE_1.19.0/STM32CubeIDE/plugins/com.st.stm32cube.ide.mcu.externaltools.gnu-tools-for-stm32.13.3.rel1.win32_1.0.0.202411081344/tools/bin/../lib/gcc/arm-none-eabi/13.3.1/thumb/v7-m/nofp\libgcc.a(_aeabi_ldivmod.o)
                0x08001274                __aeabi_ldivmod
 .text          0x08001314       0x30 C:/ST/STM32CubeIDE_1.19.0/STM32CubeIDE/plugins/com.st.stm32cube.ide.mcu.externaltools.gnu-tools-for-stm32.13.3.rel1.win32_1.0.0.202411081344/tools/bin/../lib/gcc/arm-none-eabi/13.3.1/thumb/v7-m/nofp\libgcc.a(_fixdfdi.o)
                0x08001314                __fixdfdi
                0x08001314                __aeabi_d2lz
 .text          0x08001344       0x3c C:/ST/STM32CubeIDE_1.19.0/STM32CubeIDE/plugins/com.st.stm32cube.ide.mcu.externaltools.gnu-tools-for-stm32.13.3.rel1.win32_1.0.0.202411081344/tools/bin/../lib/gcc/arm-none-eabi/13.3.1/thumb/v7-m/nofp\libgcc.a(_fixunsdfdi.o)
                0x08001344                __fixunsdfdi
                0x08001344                __aeabi_d2ulz
 .text          0x08001380      0x300 C:/ST/STM32CubeIDE_1.19.0/STM32CubeIDE/plugins/com.st.stm32cube.ide.mcu.externaltools.gnu-tools-for-stm32.13.3.rel1.win32_1.0.0.202411081344/tools/bin/../lib/gcc/arm-none-eabi/13.3.1/thumb/v7-m/nofp\libgcc.a(_udivmoddi4.o)
                0x08001380                __udivmoddi4
 .text          0x08001680        0x4 C:/ST/STM32CubeIDE_1.19.0/STM32CubeIDE/plugins/com.st.stm32cube.ide.mcu.externaltools.gnu-tools-for-stm32.13.3.rel1.win32_1.0.0.202411081344/tools/bin/../lib/gcc/arm-none-eabi/13.3.1/thumb/v7-m/nofp\libgcc.a(_dvmd_tls.o)
                0x08001680                __aeabi_idiv0
                0x08001680                __aeabi_ldiv0
 *(.text*)
 .text.dmp_load_motion_driver_firmware
                0x08001684       0x20 ./Core/Inc/inv_mpu_dmp_motion_driver.o
                0x08001684                dmp_load_motion_driver_firmware
 .text.dmp_set_orientation
                0x080016a4      0x1d8 ./Core/Inc/inv_mpu_dmp_motion_driver.o
                0x080016a4                dmp_set_orientation
 .text.dmp_set_gyro_bias
                0x0800187c      0x214 ./Core/Inc/inv_mpu_dmp_motion_driver.o
                0x0800187c                dmp_set_gyro_bias
 .text.dmp_set_accel_bias
                0x08001a90      0x208 ./Core/Inc/inv_mpu_dmp_motion_driver.o
                0x08001a90                dmp_set_accel_bias
 .text.dmp_set_fifo_rate
                0x08001c98       0x90 ./Core/Inc/inv_mpu_dmp_motion_driver.o
                0x08001c98                dmp_set_fifo_rate
 .text.dmp_set_tap_thresh
                0x08001d28      0x254 ./Core/Inc/inv_mpu_dmp_motion_driver.o
                0x08001d28                dmp_set_tap_thresh
 .text.dmp_set_tap_axes
                0x08001f7c       0x64 ./Core/Inc/inv_mpu_dmp_motion_driver.o
                0x08001f7c                dmp_set_tap_axes
 .text.dmp_set_tap_count
                0x08001fe0       0x42 ./Core/Inc/inv_mpu_dmp_motion_driver.o
                0x08001fe0                dmp_set_tap_count
 *fill*         0x08002022        0x2 
 .text.dmp_set_tap_time
                0x08002024       0x44 ./Core/Inc/inv_mpu_dmp_motion_driver.o
                0x08002024                dmp_set_tap_time
 .text.dmp_set_tap_time_multi
                0x08002068       0x44 ./Core/Inc/inv_mpu_dmp_motion_driver.o
                0x08002068                dmp_set_tap_time_multi
 .text.dmp_set_shake_reject_thresh
                0x080020ac       0x60 ./Core/Inc/inv_mpu_dmp_motion_driver.o
                0x080020ac                dmp_set_shake_reject_thresh
 .text.dmp_set_shake_reject_time
                0x0800210c       0x44 ./Core/Inc/inv_mpu_dmp_motion_driver.o
                0x0800210c                dmp_set_shake_reject_time
 .text.dmp_set_shake_reject_timeout
                0x08002150       0x44 ./Core/Inc/inv_mpu_dmp_motion_driver.o
                0x08002150                dmp_set_shake_reject_timeout
 .text.dmp_enable_feature
                0x08002194      0x250 ./Core/Inc/inv_mpu_dmp_motion_driver.o
                0x08002194                dmp_enable_feature
 .text.dmp_enable_gyro_cal
                0x080023e4       0x60 ./Core/Inc/inv_mpu_dmp_motion_driver.o
                0x080023e4                dmp_enable_gyro_cal
 .text.dmp_enable_lp_quat
                0x08002444       0x4e ./Core/Inc/inv_mpu_dmp_motion_driver.o
                0x08002444                dmp_enable_lp_quat
 .text.dmp_enable_6x_lp_quat
                0x08002492       0x4e ./Core/Inc/inv_mpu_dmp_motion_driver.o
                0x08002492                dmp_enable_6x_lp_quat
 .text.decode_gesture
                0x080024e0       0x88 ./Core/Inc/inv_mpu_dmp_motion_driver.o
 .text.dmp_read_fifo
                0x08002568      0x2e4 ./Core/Inc/inv_mpu_dmp_motion_driver.o
                0x08002568                dmp_read_fifo
 .text.KF_X     0x0800284c      0x3b4 ./Core/Src/KF.o
                0x0800284c                KF_X
 .text.KF_Y     0x08002c00      0x3b4 ./Core/Src/KF.o
                0x08002c00                KF_Y
 .text.mul      0x08002fb4      0x148 ./Core/Src/KF.o
                0x08002fb4                mul
 .text.HAL_GPIO_EXTI_Callback
                0x080030fc      0x120 ./Core/Src/app_control.o
                0x080030fc                HAL_GPIO_EXTI_Callback
 *fill*         0x0800321c        0x4 
 .text.Get_Angle
                0x08003220      0x22c ./Core/Src/app_control.o
                0x08003220                Get_Angle
 .text.Read_MPU6050_Burst
                0x0800344c      0x178 ./Core/Src/app_control.o
                0x0800344c                Read_MPU6050_Burst
 .text.PS2_Control_Car
                0x080035c4      0x734 ./Core/Src/app_ps2.o
                0x080035c4                PS2_Control_Car
 .text.HAL_InitTick
                0x08003cf8       0x58 ./Core/Src/delay.o
                0x08003cf8                HAL_InitTick
 .text.HAL_GetTick
                0x08003d50       0x28 ./Core/Src/delay.o
                0x08003d50                HAL_GetTick
 .text.HAL_Delay
                0x08003d78      0x10c ./Core/Src/delay.o
                0x08003d78                HAL_Delay
 .text.delay_init
                0x08003e84       0x5c ./Core/Src/delay.o
                0x08003e84                delay_init
 .text.delay_us
                0x08003ee0       0x12 ./Core/Src/delay.o
                0x08003ee0                delay_us
 *fill*         0x08003ef2        0x2 
 .text.delay_ms
                0x08003ef4       0x6c ./Core/Src/delay.o
                0x08003ef4                delay_ms
 .text.Encoder_Init_TIM3
                0x08003f60       0x20 ./Core/Src/encoder.o
                0x08003f60                Encoder_Init_TIM3
 .text.Encoder_Init_TIM4
                0x08003f80       0x20 ./Core/Src/encoder.o
                0x08003f80                Encoder_Init_TIM4
 .text.Read_Encoder
                0x08003fa0       0x50 ./Core/Src/encoder.o
                0x08003fa0                Read_Encoder
 .text.Complementary_Filter_x
                0x08003ff0       0x78 ./Core/Src/filtrer.o
                0x08003ff0                Complementary_Filter_x
 .text.Complementary_Filter_y
                0x08004068       0x78 ./Core/Src/filtrer.o
                0x08004068                Complementary_Filter_y
 .text.SDA_OUT  0x080040e0       0x3c ./Core/Src/iOI2C.o
                0x080040e0                SDA_OUT
 .text.SDA_IN   0x0800411c       0x38 ./Core/Src/iOI2C.o
                0x0800411c                SDA_IN
 .text.IIC_Start
                0x08004154       0x58 ./Core/Src/iOI2C.o
                0x08004154                IIC_Start
 .text.IIC_Stop
                0x080041ac       0x38 ./Core/Src/iOI2C.o
                0x080041ac                IIC_Stop
 .text.IIC_Wait_Ack
                0x080041e4       0x68 ./Core/Src/iOI2C.o
                0x080041e4                IIC_Wait_Ack
 .text.IIC_Ack  0x0800424c       0x38 ./Core/Src/iOI2C.o
                0x0800424c                IIC_Ack
 .text.IIC_NAck
                0x08004284       0x38 ./Core/Src/iOI2C.o
                0x08004284                IIC_NAck
 .text.IIC_Send_Byte
                0x080042bc       0x68 ./Core/Src/iOI2C.o
                0x080042bc                IIC_Send_Byte
 .text.i2cWrite
                0x08004324       0x8e ./Core/Src/iOI2C.o
                0x08004324                i2cWrite
 .text.i2cRead  0x080043b2       0xaa ./Core/Src/iOI2C.o
                0x080043b2                i2cRead
 .text.IIC_Read_Byte
                0x0800445c       0x74 ./Core/Src/iOI2C.o
                0x0800445c                IIC_Read_Byte
 .text.I2C_ReadOneByte
                0x080044d0       0x6e ./Core/Src/iOI2C.o
                0x080044d0                I2C_ReadOneByte
 .text.IICreadBytes
                0x0800453e       0x96 ./Core/Src/iOI2C.o
                0x0800453e                IICreadBytes
 .text.IICwriteBytes
                0x080045d4       0x68 ./Core/Src/iOI2C.o
                0x080045d4                IICwriteBytes
 .text.IICreadByte
                0x0800463c       0x2e ./Core/Src/iOI2C.o
                0x0800463c                IICreadByte
 .text.IICwriteByte
                0x0800466a       0x28 ./Core/Src/iOI2C.o
                0x0800466a                IICwriteByte
 .text.IICwriteBits
                0x08004692       0xac ./Core/Src/iOI2C.o
                0x08004692                IICwriteBits
 .text.IICwriteBit
                0x0800473e       0x78 ./Core/Src/iOI2C.o
                0x0800473e                IICwriteBit
 *fill*         0x080047b6        0x2 
 .text.set_int_enable
                0x080047b8       0xb4 ./Core/Src/inv_mpu.o
 .text.mpu_init
                0x0800486c      0x22c ./Core/Src/inv_mpu.o
                0x0800486c                mpu_init
 .text.mpu_lp_accel_mode
                0x08004a98       0xfc ./Core/Src/inv_mpu.o
                0x08004a98                mpu_lp_accel_mode
 .text.mpu_reset_fifo
                0x08004b94      0x1fc ./Core/Src/inv_mpu.o
                0x08004b94                mpu_reset_fifo
 .text.mpu_get_gyro_fsr
                0x08004d90       0x68 ./Core/Src/inv_mpu.o
                0x08004d90                mpu_get_gyro_fsr
 .text.mpu_set_gyro_fsr
                0x08004df8       0xa8 ./Core/Src/inv_mpu.o
                0x08004df8                mpu_set_gyro_fsr
 .text.mpu_get_accel_fsr
                0x08004ea0       0x74 ./Core/Src/inv_mpu.o
                0x08004ea0                mpu_get_accel_fsr
 .text.mpu_set_accel_fsr
                0x08004f14       0xd0 ./Core/Src/inv_mpu.o
                0x08004f14                mpu_set_accel_fsr
 .text.mpu_get_lpf
                0x08004fe4       0x78 ./Core/Src/inv_mpu.o
                0x08004fe4                mpu_get_lpf
 .text.mpu_set_lpf
                0x0800505c       0x9c ./Core/Src/inv_mpu.o
                0x0800505c                mpu_set_lpf
 .text.mpu_get_sample_rate
                0x080050f8       0x30 ./Core/Src/inv_mpu.o
                0x080050f8                mpu_get_sample_rate
 .text.mpu_set_sample_rate
                0x08005128       0xcc ./Core/Src/inv_mpu.o
                0x08005128                mpu_set_sample_rate
 .text.mpu_get_gyro_sens
                0x080051f4       0x70 ./Core/Src/inv_mpu.o
                0x080051f4                mpu_get_gyro_sens
 .text.mpu_get_accel_sens
                0x08005264       0x7c ./Core/Src/inv_mpu.o
                0x08005264                mpu_get_accel_sens
 .text.mpu_get_fifo_config
                0x080052e0       0x20 ./Core/Src/inv_mpu.o
                0x080052e0                mpu_get_fifo_config
 .text.mpu_configure_fifo
                0x08005300       0xa4 ./Core/Src/inv_mpu.o
                0x08005300                mpu_configure_fifo
 .text.mpu_set_sensors
                0x080053a4      0x10c ./Core/Src/inv_mpu.o
                0x080053a4                mpu_set_sensors
 .text.mpu_read_fifo_stream
                0x080054b0      0x100 ./Core/Src/inv_mpu.o
                0x080054b0                mpu_read_fifo_stream
 .text.mpu_set_bypass
                0x080055b0      0x18c ./Core/Src/inv_mpu.o
                0x080055b0                mpu_set_bypass
 .text.mpu_set_int_latched
                0x0800573c       0x88 ./Core/Src/inv_mpu.o
                0x0800573c                mpu_set_int_latched
 .text.get_accel_prod_shift
                0x080057c4      0x118 ./Core/Src/inv_mpu.o
 .text.accel_self_test
                0x080058dc      0x108 ./Core/Src/inv_mpu.o
 .text.gyro_self_test
                0x080059e4      0x178 ./Core/Src/inv_mpu.o
 .text.get_st_biases
                0x08005b5c      0x6f4 ./Core/Src/inv_mpu.o
 .text.mpu_run_self_test
                0x08006250      0x1a8 ./Core/Src/inv_mpu.o
                0x08006250                mpu_run_self_test
 .text.mpu_write_mem
                0x080063f8       0xa4 ./Core/Src/inv_mpu.o
                0x080063f8                mpu_write_mem
 .text.mpu_read_mem
                0x0800649c       0xa4 ./Core/Src/inv_mpu.o
                0x0800649c                mpu_read_mem
 .text.mpu_load_firmware
                0x08006540       0xfc ./Core/Src/inv_mpu.o
                0x08006540                mpu_load_firmware
 .text.mpu_set_dmp_state
                0x0800663c       0xa8 ./Core/Src/inv_mpu.o
                0x0800663c                mpu_set_dmp_state
 .text.myget_ms
                0x080066e4       0x12 ./Core/Src/inv_mpu.o
                0x080066e4                myget_ms
 *fill*         0x080066f6        0x2 
 .text.Key1_is_Press
                0x080066f8       0x24 ./Core/Src/key.o
 .text.Key1_State
                0x0800671c       0x64 ./Core/Src/key.o
                0x0800671c                Key1_State
 .text._write   0x08006780       0x2c ./Core/Src/main.o
                0x08006780                _write
 .text.main     0x080067ac      0x250 ./Core/Src/main.o
                0x080067ac                main
 .text.SystemClock_Config
                0x080069fc       0xa4 ./Core/Src/main.o
                0x080069fc                SystemClock_Config
 .text.MX_ADC1_Init
                0x08006aa0       0x7c ./Core/Src/main.o
 .text.MX_SPI2_Init
                0x08006b1c       0x6c ./Core/Src/main.o
 .text.MX_TIM2_Init
                0x08006b88       0xe0 ./Core/Src/main.o
 .text.MX_TIM3_Init
                0x08006c68       0xa8 ./Core/Src/main.o
 .text.MX_TIM4_Init
                0x08006d10       0xa8 ./Core/Src/main.o
 .text.MX_TIM6_Init
                0x08006db8       0x6c ./Core/Src/main.o
 .text.MX_TIM8_Init
                0x08006e24      0x150 ./Core/Src/main.o
 .text.MX_UART5_Init
                0x08006f74       0x54 ./Core/Src/main.o
 .text.MX_USART1_UART_Init
                0x08006fc8       0x54 ./Core/Src/main.o
 .text.MX_GPIO_Init
                0x0800701c      0x13c ./Core/Src/main.o
 .text.Error_Handler
                0x08007158        0xc ./Core/Src/main.o
                0x08007158                Error_Handler
 .text.PWM_Ignore
                0x08007164       0x30 ./Core/Src/motor.o
                0x08007164                PWM_Ignore
 .text.Set_Pwm  0x08007194       0x94 ./Core/Src/motor.o
                0x08007194                Set_Pwm
 .text.PWM_Limit
                0x08007228       0x34 ./Core/Src/motor.o
                0x08007228                PWM_Limit
 *fill*         0x0800725c        0x4 
 .text.Get_Velocity_Form_Encoder
                0x08007260      0x17c ./Core/Src/motor.o
                0x08007260                Get_Velocity_Form_Encoder
 *fill*         0x080073dc        0x4 
 .text.Turn_Off
                0x080073e0       0x5c ./Core/Src/motor.o
                0x080073e0                Turn_Off
 .text.Motor_start
                0x0800743c       0x2c ./Core/Src/motor.o
                0x0800743c                Motor_start
 .text.__NVIC_SystemReset
                0x08007468       0x2c ./Core/Src/mpu6050.o
 .text.inv_row_2_scale
                0x08007494       0x80 ./Core/Src/mpu6050.o
 .text.inv_orientation_matrix_to_scalar
                0x08007514       0x50 ./Core/Src/mpu6050.o
 .text.run_self_test
                0x08007564       0xca ./Core/Src/mpu6050.o
 .text.MPU6050_setClockSource
                0x0800762e       0x22 ./Core/Src/mpu6050.o
                0x0800762e                MPU6050_setClockSource
 .text.MPU6050_setFullScaleGyroRange
                0x08007650       0x22 ./Core/Src/mpu6050.o
                0x08007650                MPU6050_setFullScaleGyroRange
 .text.MPU6050_setFullScaleAccelRange
                0x08007672       0x22 ./Core/Src/mpu6050.o
                0x08007672                MPU6050_setFullScaleAccelRange
 .text.MPU6050_setSleepEnabled
                0x08007694       0x1e ./Core/Src/mpu6050.o
                0x08007694                MPU6050_setSleepEnabled
 .text.MPU6050_setI2CMasterModeEnabled
                0x080076b2       0x1e ./Core/Src/mpu6050.o
                0x080076b2                MPU6050_setI2CMasterModeEnabled
 .text.MPU6050_setI2CBypassEnabled
                0x080076d0       0x1e ./Core/Src/mpu6050.o
                0x080076d0                MPU6050_setI2CBypassEnabled
 .text.MPU6050_initialize
                0x080076ee       0x2c ./Core/Src/mpu6050.o
                0x080076ee                MPU6050_initialize
 *fill*         0x0800771a        0x2 
 .text.DMP_Init
                0x0800771c      0x110 ./Core/Src/mpu6050.o
                0x0800771c                DMP_Init
 *fill*         0x0800782c        0x4 
 .text.Read_DMP
                0x08007830      0x31c ./Core/Src/mpu6050.o
                0x08007830                Read_DMP
 .text.MPU6050_EXTI_Init
                0x08007b4c       0x58 ./Core/Src/mpu6050.o
                0x08007b4c                MPU6050_EXTI_Init
 .text.OLED_Init
                0x08007ba4      0x15c ./Core/Src/oled.o
                0x08007ba4                OLED_Init
 .text.SSD1306_UpdateScreen
                0x08007d00       0x5c ./Core/Src/oled.o
                0x08007d00                SSD1306_UpdateScreen
 .text.SSD1306_Fill
                0x08007d5c       0x30 ./Core/Src/oled.o
                0x08007d5c                SSD1306_Fill
 .text.SSD1306_DrawPixel
                0x08007d8c       0xbc ./Core/Src/oled.o
                0x08007d8c                SSD1306_DrawPixel
 .text.SSD1306_GotoXY
                0x08007e48       0x2c ./Core/Src/oled.o
                0x08007e48                SSD1306_GotoXY
 .text.SSD1306_Putc
                0x08007e74       0xfc ./Core/Src/oled.o
                0x08007e74                SSD1306_Putc
 .text.SSD1306_Puts
                0x08007f70       0x4a ./Core/Src/oled.o
                0x08007f70                SSD1306_Puts
 .text.ssd1306_I2C_WriteMulti
                0x08007fba       0x2c ./Core/Src/oled.o
                0x08007fba                ssd1306_I2C_WriteMulti
 .text.ssd1306_I2C_Write
                0x08007fe6       0x26 ./Core/Src/oled.o
                0x08007fe6                ssd1306_I2C_Write
 .text.OLED_Clear
                0x0800800c        0xe ./Core/Src/oled.o
                0x0800800c                OLED_Clear
 .text.OLED_Refresh
                0x0800801a        0xc ./Core/Src/oled.o
                0x0800801a                OLED_Refresh
 *fill*         0x08008026        0x2 
 .text.OLED_Draw_String
                0x08008028       0x54 ./Core/Src/oled.o
                0x08008028                OLED_Draw_String
 .text.OLED_Draw_Line
                0x0800807c       0x4e ./Core/Src/oled.o
                0x0800807c                OLED_Draw_Line
 .text.Delay_For_Pin
                0x080080ca       0x3a ./Core/Src/oled.i2c.o
 .text.OLED_I2C_Init
                0x08008104       0x2c ./Core/Src/oled.i2c.o
                0x08008104                OLED_I2C_Init
 .text.OLED_IIC_Init
                0x08008130       0x38 ./Core/Src/oled.i2c.o
                0x08008130                OLED_IIC_Init
 .text.OLED_IIC_Start
                0x08008168       0x70 ./Core/Src/oled.i2c.o
                0x08008168                OLED_IIC_Start
 .text.OLED_IIC_Stop
                0x080081d8       0x58 ./Core/Src/oled.i2c.o
                0x080081d8                OLED_IIC_Stop
 .text.OLED_IIC_Wait_Ack
                0x08008230       0x80 ./Core/Src/oled.i2c.o
                0x08008230                OLED_IIC_Wait_Ack
 .text.OLED_IIC_Send_Byte
                0x080082b0       0x80 ./Core/Src/oled.i2c.o
                0x080082b0                OLED_IIC_Send_Byte
 .text.OLED_i2cWrite
                0x08008330       0x8e ./Core/Src/oled.i2c.o
                0x08008330                OLED_i2cWrite
 .text.myabs    0x080083be       0x26 ./Core/Src/pid_control.o
                0x080083be                myabs
 .text.Balance_PD
                0x080083e4       0x94 ./Core/Src/pid_control.o
                0x080083e4                Balance_PD
 .text.Velocity_PI
                0x08008478      0x1b4 ./Core/Src/pid_control.o
                0x08008478                Velocity_PI
 .text.Turn_PD  0x0800862c       0xa4 ./Core/Src/pid_control.o
                0x0800862c                Turn_PD
 .text.PS2_Init
                0x080086d0       0xc8 ./Core/Src/ps2.o
                0x080086d0                PS2_Init
 .text.PS2_Cmd  0x08008798       0xa0 ./Core/Src/ps2.o
                0x08008798                PS2_Cmd
 .text.PS2_ReadData
                0x08008838       0xc4 ./Core/Src/ps2.o
                0x08008838                PS2_ReadData
 .text.PS2_DataKey
                0x080088fc       0x74 ./Core/Src/ps2.o
                0x080088fc                PS2_DataKey
 .text.PS2_AnologData
                0x08008970       0x20 ./Core/Src/ps2.o
                0x08008970                PS2_AnologData
 .text.PS2_ClearData
                0x08008990       0x30 ./Core/Src/ps2.o
                0x08008990                PS2_ClearData
 .text.PS2_ShortPoll
                0x080089c0       0x44 ./Core/Src/ps2.o
                0x080089c0                PS2_ShortPoll
 .text.PS2_EnterConfing
                0x08008a04       0x5c ./Core/Src/ps2.o
                0x08008a04                PS2_EnterConfing
 .text.PS2_TurnOnAnalogMode
                0x08008a60       0x54 ./Core/Src/ps2.o
                0x08008a60                PS2_TurnOnAnalogMode
 .text.PS2_ExitConfing
                0x08008ab4       0x5c ./Core/Src/ps2.o
                0x08008ab4                PS2_ExitConfing
 .text.PS2_SetInit
                0x08008b10       0x20 ./Core/Src/ps2.o
                0x08008b10                PS2_SetInit
 .text.HAL_MspInit
                0x08008b30       0x64 ./Core/Src/stm32f1xx_hal_msp.o
                0x08008b30                HAL_MspInit
 .text.HAL_ADC_MspInit
                0x08008b94       0x78 ./Core/Src/stm32f1xx_hal_msp.o
                0x08008b94                HAL_ADC_MspInit
 .text.HAL_SPI_MspInit
                0x08008c0c       0xa8 ./Core/Src/stm32f1xx_hal_msp.o
                0x08008c0c                HAL_SPI_MspInit
 .text.HAL_TIM_Base_MspInit
                0x08008cb4       0xc0 ./Core/Src/stm32f1xx_hal_msp.o
                0x08008cb4                HAL_TIM_Base_MspInit
 .text.HAL_TIM_Encoder_MspInit
                0x08008d74       0xd8 ./Core/Src/stm32f1xx_hal_msp.o
                0x08008d74                HAL_TIM_Encoder_MspInit
 .text.HAL_TIM_PWM_MspInit
                0x08008e4c       0x3c ./Core/Src/stm32f1xx_hal_msp.o
                0x08008e4c                HAL_TIM_PWM_MspInit
 .text.HAL_TIM_MspPostInit
                0x08008e88       0x68 ./Core/Src/stm32f1xx_hal_msp.o
                0x08008e88                HAL_TIM_MspPostInit
 .text.HAL_UART_MspInit
                0x08008ef0      0x13c ./Core/Src/stm32f1xx_hal_msp.o
                0x08008ef0                HAL_UART_MspInit
 .text.NMI_Handler
                0x0800902c        0x8 ./Core/Src/stm32f1xx_it.o
                0x0800902c                NMI_Handler
 .text.HardFault_Handler
                0x08009034        0x8 ./Core/Src/stm32f1xx_it.o
                0x08009034                HardFault_Handler
 .text.MemManage_Handler
                0x0800903c        0x8 ./Core/Src/stm32f1xx_it.o
                0x0800903c                MemManage_Handler
 .text.BusFault_Handler
                0x08009044        0x8 ./Core/Src/stm32f1xx_it.o
                0x08009044                BusFault_Handler
 .text.UsageFault_Handler
                0x0800904c        0x8 ./Core/Src/stm32f1xx_it.o
                0x0800904c                UsageFault_Handler
 .text.SVC_Handler
                0x08009054        0xc ./Core/Src/stm32f1xx_it.o
                0x08009054                SVC_Handler
 .text.DebugMon_Handler
                0x08009060        0xc ./Core/Src/stm32f1xx_it.o
                0x08009060                DebugMon_Handler
 .text.PendSV_Handler
                0x0800906c        0xc ./Core/Src/stm32f1xx_it.o
                0x0800906c                PendSV_Handler
 .text.SysTick_Handler
                0x08009078        0xc ./Core/Src/stm32f1xx_it.o
                0x08009078                SysTick_Handler
 .text.TIM2_IRQHandler
                0x08009084       0x14 ./Core/Src/stm32f1xx_it.o
                0x08009084                TIM2_IRQHandler
 .text.SPI2_IRQHandler
                0x08009098       0x14 ./Core/Src/stm32f1xx_it.o
                0x08009098                SPI2_IRQHandler
 .text.EXTI15_10_IRQHandler
                0x080090ac       0x10 ./Core/Src/stm32f1xx_it.o
                0x080090ac                EXTI15_10_IRQHandler
 .text.UART5_IRQHandler
                0x080090bc       0x14 ./Core/Src/stm32f1xx_it.o
                0x080090bc                UART5_IRQHandler
 .text.TIM6_IRQHandler
                0x080090d0       0x14 ./Core/Src/stm32f1xx_it.o
                0x080090d0                TIM6_IRQHandler
 .text._getpid  0x080090e4        0xe ./Core/Src/syscalls.o
                0x080090e4                _getpid
 .text._kill    0x080090f2       0x20 ./Core/Src/syscalls.o
                0x080090f2                _kill
 .text._exit    0x08009112       0x16 ./Core/Src/syscalls.o
                0x08009112                _exit
 .text._read    0x08009128       0x3a ./Core/Src/syscalls.o
                0x08009128                _read
 .text._close   0x08009162       0x16 ./Core/Src/syscalls.o
                0x08009162                _close
 .text._fstat   0x08009178       0x1e ./Core/Src/syscalls.o
                0x08009178                _fstat
 .text._isatty  0x08009196       0x14 ./Core/Src/syscalls.o
                0x08009196                _isatty
 .text._lseek   0x080091aa       0x18 ./Core/Src/syscalls.o
                0x080091aa                _lseek
 *fill*         0x080091c2        0x2 
 .text._sbrk    0x080091c4       0x6c ./Core/Src/sysmem.o
                0x080091c4                _sbrk
 .text.SystemInit
                0x08009230        0xc ./Core/Src/system_stm32f1xx.o
                0x08009230                SystemInit
 .text.HAL_UART_RxCpltCallback
                0x0800923c       0x44 ./Core/Src/uart5.o
                0x0800923c                HAL_UART_RxCpltCallback
 .text.Ultrasonic_Init
                0x08009280       0x44 ./Core/Src/ultrasonic.o
                0x08009280                Ultrasonic_Init
 .text.HAL_TIM_PeriodElapsedCallback
                0x080092c4       0x78 ./Core/Src/ultrasonic.o
                0x080092c4                HAL_TIM_PeriodElapsedCallback
 .text.HAL_TIM_IC_CaptureCallback
                0x0800933c       0xb8 ./Core/Src/ultrasonic.o
                0x0800933c                HAL_TIM_IC_CaptureCallback
 .text.Reset_Handler
                0x080093f4       0x48 ./Core/Startup/startup_stm32f103rctx.o
                0x080093f4                Reset_Handler
 .text.Default_Handler
                0x0800943c        0x2 ./Core/Startup/startup_stm32f103rctx.o
                0x0800943c                RTC_Alarm_IRQHandler
                0x0800943c                EXTI2_IRQHandler
                0x0800943c                TIM8_TRG_COM_IRQHandler
                0x0800943c                TIM8_CC_IRQHandler
                0x0800943c                TIM1_CC_IRQHandler
                0x0800943c                PVD_IRQHandler
                0x0800943c                SDIO_IRQHandler
                0x0800943c                EXTI3_IRQHandler
                0x0800943c                EXTI0_IRQHandler
                0x0800943c                I2C2_EV_IRQHandler
                0x0800943c                ADC1_2_IRQHandler
                0x0800943c                SPI1_IRQHandler
                0x0800943c                TAMPER_IRQHandler
                0x0800943c                TIM8_UP_IRQHandler
                0x0800943c                DMA2_Channel2_IRQHandler
                0x0800943c                DMA1_Channel4_IRQHandler
                0x0800943c                USART3_IRQHandler
                0x0800943c                RTC_IRQHandler
                0x0800943c                DMA1_Channel7_IRQHandler
                0x0800943c                CAN1_RX1_IRQHandler
                0x0800943c                ADC3_IRQHandler
                0x0800943c                TIM4_IRQHandler
                0x0800943c                DMA2_Channel1_IRQHandler
                0x0800943c                I2C1_EV_IRQHandler
                0x0800943c                DMA1_Channel6_IRQHandler
                0x0800943c                UART4_IRQHandler
                0x0800943c                TIM3_IRQHandler
                0x0800943c                RCC_IRQHandler
                0x0800943c                TIM1_TRG_COM_IRQHandler
                0x0800943c                DMA1_Channel1_IRQHandler
                0x0800943c                Default_Handler
                0x0800943c                TIM7_IRQHandler
                0x0800943c                TIM5_IRQHandler
                0x0800943c                EXTI9_5_IRQHandler
                0x0800943c                DMA1_Channel5_IRQHandler
                0x0800943c                EXTI4_IRQHandler
                0x0800943c                USB_LP_CAN1_RX0_IRQHandler
                0x0800943c                USB_HP_CAN1_TX_IRQHandler
                0x0800943c                DMA1_Channel3_IRQHandler
                0x0800943c                FSMC_IRQHandler
                0x0800943c                TIM1_UP_IRQHandler
                0x0800943c                WWDG_IRQHandler
                0x0800943c                TIM1_BRK_IRQHandler
                0x0800943c                EXTI1_IRQHandler
                0x0800943c                DMA2_Channel4_5_IRQHandler
                0x0800943c                USART2_IRQHandler
                0x0800943c                I2C2_ER_IRQHandler
                0x0800943c                DMA1_Channel2_IRQHandler
                0x0800943c                TIM8_BRK_IRQHandler
                0x0800943c                CAN1_SCE_IRQHandler
                0x0800943c                FLASH_IRQHandler
                0x0800943c                USART1_IRQHandler
                0x0800943c                SPI3_IRQHandler
                0x0800943c                I2C1_ER_IRQHandler
                0x0800943c                USBWakeUp_IRQHandler
                0x0800943c                DMA2_Channel3_IRQHandler
 *fill*         0x0800943e        0x2 
 .text.HAL_Init
                0x08009440       0x2c ./Drivers/STM32F1xx_HAL_Driver/Src/stm32f1xx_hal.o
                0x08009440                HAL_Init
 .text.HAL_IncTick
                0x0800946c       0x24 ./Drivers/STM32F1xx_HAL_Driver/Src/stm32f1xx_hal.o
                0x0800946c                HAL_IncTick
 .text.HAL_ADC_Init
                0x08009490      0x1d4 ./Drivers/STM32F1xx_HAL_Driver/Src/stm32f1xx_hal_adc.o
                0x08009490                HAL_ADC_Init
 .text.HAL_ADC_ConfigChannel
                0x08009664      0x1f0 ./Drivers/STM32F1xx_HAL_Driver/Src/stm32f1xx_hal_adc.o
                0x08009664                HAL_ADC_ConfigChannel
 .text.ADC_ConversionStop_Disable
                0x08009854       0x82 ./Drivers/STM32F1xx_HAL_Driver/Src/stm32f1xx_hal_adc.o
                0x08009854                ADC_ConversionStop_Disable
 *fill*         0x080098d6        0x2 
 .text.__NVIC_SetPriorityGrouping
                0x080098d8       0x48 ./Drivers/STM32F1xx_HAL_Driver/Src/stm32f1xx_hal_cortex.o
 .text.__NVIC_GetPriorityGrouping
                0x08009920       0x1c ./Drivers/STM32F1xx_HAL_Driver/Src/stm32f1xx_hal_cortex.o
 .text.__NVIC_EnableIRQ
                0x0800993c       0x38 ./Drivers/STM32F1xx_HAL_Driver/Src/stm32f1xx_hal_cortex.o
 .text.__NVIC_DisableIRQ
                0x08009974       0x48 ./Drivers/STM32F1xx_HAL_Driver/Src/stm32f1xx_hal_cortex.o
 .text.__NVIC_SetPriority
                0x080099bc       0x54 ./Drivers/STM32F1xx_HAL_Driver/Src/stm32f1xx_hal_cortex.o
 .text.NVIC_EncodePriority
                0x08009a10       0x64 ./Drivers/STM32F1xx_HAL_Driver/Src/stm32f1xx_hal_cortex.o
 .text.HAL_NVIC_SetPriorityGrouping
                0x08009a74       0x16 ./Drivers/STM32F1xx_HAL_Driver/Src/stm32f1xx_hal_cortex.o
                0x08009a74                HAL_NVIC_SetPriorityGrouping
 .text.HAL_NVIC_SetPriority
                0x08009a8a       0x38 ./Drivers/STM32F1xx_HAL_Driver/Src/stm32f1xx_hal_cortex.o
                0x08009a8a                HAL_NVIC_SetPriority
 .text.HAL_NVIC_EnableIRQ
                0x08009ac2       0x1c ./Drivers/STM32F1xx_HAL_Driver/Src/stm32f1xx_hal_cortex.o
                0x08009ac2                HAL_NVIC_EnableIRQ
 .text.HAL_NVIC_DisableIRQ
                0x08009ade       0x1c ./Drivers/STM32F1xx_HAL_Driver/Src/stm32f1xx_hal_cortex.o
                0x08009ade                HAL_NVIC_DisableIRQ
 .text.HAL_DMA_Abort
                0x08009afa       0x76 ./Drivers/STM32F1xx_HAL_Driver/Src/stm32f1xx_hal_dma.o
                0x08009afa                HAL_DMA_Abort
 .text.HAL_DMA_Abort_IT
                0x08009b70      0x210 ./Drivers/STM32F1xx_HAL_Driver/Src/stm32f1xx_hal_dma.o
                0x08009b70                HAL_DMA_Abort_IT
 .text.HAL_GPIO_Init
                0x08009d80      0x328 ./Drivers/STM32F1xx_HAL_Driver/Src/stm32f1xx_hal_gpio.o
                0x08009d80                HAL_GPIO_Init
 .text.HAL_GPIO_ReadPin
                0x0800a0a8       0x2e ./Drivers/STM32F1xx_HAL_Driver/Src/stm32f1xx_hal_gpio.o
                0x0800a0a8                HAL_GPIO_ReadPin
 .text.HAL_GPIO_WritePin
                0x0800a0d6       0x30 ./Drivers/STM32F1xx_HAL_Driver/Src/stm32f1xx_hal_gpio.o
                0x0800a0d6                HAL_GPIO_WritePin
 .text.HAL_GPIO_TogglePin
                0x0800a106       0x32 ./Drivers/STM32F1xx_HAL_Driver/Src/stm32f1xx_hal_gpio.o
                0x0800a106                HAL_GPIO_TogglePin
 .text.HAL_GPIO_EXTI_IRQHandler
                0x0800a138       0x30 ./Drivers/STM32F1xx_HAL_Driver/Src/stm32f1xx_hal_gpio.o
                0x0800a138                HAL_GPIO_EXTI_IRQHandler
 .text.HAL_RCC_OscConfig
                0x0800a168      0x504 ./Drivers/STM32F1xx_HAL_Driver/Src/stm32f1xx_hal_rcc.o
                0x0800a168                HAL_RCC_OscConfig
 .text.HAL_RCC_ClockConfig
                0x0800a66c      0x1d4 ./Drivers/STM32F1xx_HAL_Driver/Src/stm32f1xx_hal_rcc.o
                0x0800a66c                HAL_RCC_ClockConfig
 .text.HAL_RCC_GetSysClockFreq
                0x0800a840       0xa8 ./Drivers/STM32F1xx_HAL_Driver/Src/stm32f1xx_hal_rcc.o
                0x0800a840                HAL_RCC_GetSysClockFreq
 .text.HAL_RCC_GetHCLKFreq
                0x0800a8e8       0x14 ./Drivers/STM32F1xx_HAL_Driver/Src/stm32f1xx_hal_rcc.o
                0x0800a8e8                HAL_RCC_GetHCLKFreq
 .text.HAL_RCC_GetPCLK1Freq
                0x0800a8fc       0x28 ./Drivers/STM32F1xx_HAL_Driver/Src/stm32f1xx_hal_rcc.o
                0x0800a8fc                HAL_RCC_GetPCLK1Freq
 .text.HAL_RCC_GetPCLK2Freq
                0x0800a924       0x28 ./Drivers/STM32F1xx_HAL_Driver/Src/stm32f1xx_hal_rcc.o
                0x0800a924                HAL_RCC_GetPCLK2Freq
 .text.RCC_Delay
                0x0800a94c       0x3c ./Drivers/STM32F1xx_HAL_Driver/Src/stm32f1xx_hal_rcc.o
 .text.HAL_RCCEx_PeriphCLKConfig
                0x0800a988      0x16c ./Drivers/STM32F1xx_HAL_Driver/Src/stm32f1xx_hal_rcc_ex.o
                0x0800a988                HAL_RCCEx_PeriphCLKConfig
 .text.HAL_SPI_Init
                0x0800aaf4      0x108 ./Drivers/STM32F1xx_HAL_Driver/Src/stm32f1xx_hal_spi.o
                0x0800aaf4                HAL_SPI_Init
 .text.HAL_SPI_IRQHandler
                0x0800abfc      0x1cc ./Drivers/STM32F1xx_HAL_Driver/Src/stm32f1xx_hal_spi.o
                0x0800abfc                HAL_SPI_IRQHandler
 .text.HAL_SPI_ErrorCallback
                0x0800adc8       0x12 ./Drivers/STM32F1xx_HAL_Driver/Src/stm32f1xx_hal_spi.o
                0x0800adc8                HAL_SPI_ErrorCallback
 .text.SPI_DMAAbortOnError
                0x0800adda       0x28 ./Drivers/STM32F1xx_HAL_Driver/Src/stm32f1xx_hal_spi.o
 .text.HAL_TIM_Base_Init
                0x0800ae02       0x9e ./Drivers/STM32F1xx_HAL_Driver/Src/stm32f1xx_hal_tim.o
                0x0800ae02                HAL_TIM_Base_Init
 .text.HAL_TIM_Base_Start_IT
                0x0800aea0       0xc0 ./Drivers/STM32F1xx_HAL_Driver/Src/stm32f1xx_hal_tim.o
                0x0800aea0                HAL_TIM_Base_Start_IT
 .text.HAL_TIM_PWM_Init
                0x0800af60       0x9e ./Drivers/STM32F1xx_HAL_Driver/Src/stm32f1xx_hal_tim.o
                0x0800af60                HAL_TIM_PWM_Init
 *fill*         0x0800affe        0x2 
 .text.HAL_TIM_PWM_Start
                0x0800b000      0x174 ./Drivers/STM32F1xx_HAL_Driver/Src/stm32f1xx_hal_tim.o
                0x0800b000                HAL_TIM_PWM_Start
 .text.HAL_TIM_IC_Init
                0x0800b174       0x9e ./Drivers/STM32F1xx_HAL_Driver/Src/stm32f1xx_hal_tim.o
                0x0800b174                HAL_TIM_IC_Init
 .text.HAL_TIM_IC_MspInit
                0x0800b212       0x12 ./Drivers/STM32F1xx_HAL_Driver/Src/stm32f1xx_hal_tim.o
                0x0800b212                HAL_TIM_IC_MspInit
 .text.HAL_TIM_IC_Start_IT
                0x0800b224      0x234 ./Drivers/STM32F1xx_HAL_Driver/Src/stm32f1xx_hal_tim.o
                0x0800b224                HAL_TIM_IC_Start_IT
 .text.HAL_TIM_Encoder_Init
                0x0800b458      0x144 ./Drivers/STM32F1xx_HAL_Driver/Src/stm32f1xx_hal_tim.o
                0x0800b458                HAL_TIM_Encoder_Init
 .text.HAL_TIM_Encoder_Start
                0x0800b59c      0x11c ./Drivers/STM32F1xx_HAL_Driver/Src/stm32f1xx_hal_tim.o
                0x0800b59c                HAL_TIM_Encoder_Start
 .text.HAL_TIM_IRQHandler
                0x0800b6b8      0x1e0 ./Drivers/STM32F1xx_HAL_Driver/Src/stm32f1xx_hal_tim.o
                0x0800b6b8                HAL_TIM_IRQHandler
 .text.HAL_TIM_IC_ConfigChannel
                0x0800b898      0x138 ./Drivers/STM32F1xx_HAL_Driver/Src/stm32f1xx_hal_tim.o
                0x0800b898                HAL_TIM_IC_ConfigChannel
 .text.HAL_TIM_PWM_ConfigChannel
                0x0800b9d0      0x184 ./Drivers/STM32F1xx_HAL_Driver/Src/stm32f1xx_hal_tim.o
                0x0800b9d0                HAL_TIM_PWM_ConfigChannel
 .text.HAL_TIM_ConfigClockSource
                0x0800bb54      0x18e ./Drivers/STM32F1xx_HAL_Driver/Src/stm32f1xx_hal_tim.o
                0x0800bb54                HAL_TIM_ConfigClockSource
 *fill*         0x0800bce2        0x2 
 .text.HAL_TIM_ReadCapturedValue
                0x0800bce4       0x88 ./Drivers/STM32F1xx_HAL_Driver/Src/stm32f1xx_hal_tim.o
                0x0800bce4                HAL_TIM_ReadCapturedValue
 .text.HAL_TIM_OC_DelayElapsedCallback
                0x0800bd6c       0x12 ./Drivers/STM32F1xx_HAL_Driver/Src/stm32f1xx_hal_tim.o
                0x0800bd6c                HAL_TIM_OC_DelayElapsedCallback
 .text.HAL_TIM_PWM_PulseFinishedCallback
                0x0800bd7e       0x12 ./Drivers/STM32F1xx_HAL_Driver/Src/stm32f1xx_hal_tim.o
                0x0800bd7e                HAL_TIM_PWM_PulseFinishedCallback
 .text.HAL_TIM_TriggerCallback
                0x0800bd90       0x12 ./Drivers/STM32F1xx_HAL_Driver/Src/stm32f1xx_hal_tim.o
                0x0800bd90                HAL_TIM_TriggerCallback
 *fill*         0x0800bda2        0x2 
 .text.TIM_Base_SetConfig
                0x0800bda4      0x10c ./Drivers/STM32F1xx_HAL_Driver/Src/stm32f1xx_hal_tim.o
                0x0800bda4                TIM_Base_SetConfig
 .text.TIM_OC1_SetConfig
                0x0800beb0       0xe0 ./Drivers/STM32F1xx_HAL_Driver/Src/stm32f1xx_hal_tim.o
 .text.TIM_OC2_SetConfig
                0x0800bf90       0xe8 ./Drivers/STM32F1xx_HAL_Driver/Src/stm32f1xx_hal_tim.o
                0x0800bf90                TIM_OC2_SetConfig
 .text.TIM_OC3_SetConfig
                0x0800c078       0xe8 ./Drivers/STM32F1xx_HAL_Driver/Src/stm32f1xx_hal_tim.o
 .text.TIM_OC4_SetConfig
                0x0800c160       0xa8 ./Drivers/STM32F1xx_HAL_Driver/Src/stm32f1xx_hal_tim.o
 .text.TIM_TI1_SetConfig
                0x0800c208       0xcc ./Drivers/STM32F1xx_HAL_Driver/Src/stm32f1xx_hal_tim.o
                0x0800c208                TIM_TI1_SetConfig
 .text.TIM_TI1_ConfigInputStage
                0x0800c2d4       0x5c ./Drivers/STM32F1xx_HAL_Driver/Src/stm32f1xx_hal_tim.o
 .text.TIM_TI2_SetConfig
                0x0800c330       0x78 ./Drivers/STM32F1xx_HAL_Driver/Src/stm32f1xx_hal_tim.o
 .text.TIM_TI2_ConfigInputStage
                0x0800c3a8       0x5e ./Drivers/STM32F1xx_HAL_Driver/Src/stm32f1xx_hal_tim.o
 .text.TIM_TI3_SetConfig
                0x0800c406       0x76 ./Drivers/STM32F1xx_HAL_Driver/Src/stm32f1xx_hal_tim.o
 .text.TIM_TI4_SetConfig
                0x0800c47c       0x78 ./Drivers/STM32F1xx_HAL_Driver/Src/stm32f1xx_hal_tim.o
 .text.TIM_ITRx_SetConfig
                0x0800c4f4       0x34 ./Drivers/STM32F1xx_HAL_Driver/Src/stm32f1xx_hal_tim.o
 .text.TIM_ETR_SetConfig
                0x0800c528       0x3e ./Drivers/STM32F1xx_HAL_Driver/Src/stm32f1xx_hal_tim.o
                0x0800c528                TIM_ETR_SetConfig
 .text.TIM_CCxChannelCmd
                0x0800c566       0x48 ./Drivers/STM32F1xx_HAL_Driver/Src/stm32f1xx_hal_tim.o
                0x0800c566                TIM_CCxChannelCmd
 *fill*         0x0800c5ae        0x2 
 .text.HAL_TIMEx_MasterConfigSynchronization
                0x0800c5b0       0xd8 ./Drivers/STM32F1xx_HAL_Driver/Src/stm32f1xx_hal_tim_ex.o
                0x0800c5b0                HAL_TIMEx_MasterConfigSynchronization
 .text.HAL_TIMEx_ConfigBreakDeadTime
                0x0800c688       0xa2 ./Drivers/STM32F1xx_HAL_Driver/Src/stm32f1xx_hal_tim_ex.o
                0x0800c688                HAL_TIMEx_ConfigBreakDeadTime
 .text.HAL_TIMEx_CommutCallback
                0x0800c72a       0x12 ./Drivers/STM32F1xx_HAL_Driver/Src/stm32f1xx_hal_tim_ex.o
                0x0800c72a                HAL_TIMEx_CommutCallback
 .text.HAL_TIMEx_BreakCallback
                0x0800c73c       0x12 ./Drivers/STM32F1xx_HAL_Driver/Src/stm32f1xx_hal_tim_ex.o
                0x0800c73c                HAL_TIMEx_BreakCallback
 .text.HAL_UART_Init
                0x0800c74e       0xa0 ./Drivers/STM32F1xx_HAL_Driver/Src/stm32f1xx_hal_uart.o
                0x0800c74e                HAL_UART_Init
 .text.HAL_UART_Transmit
                0x0800c7ee      0x116 ./Drivers/STM32F1xx_HAL_Driver/Src/stm32f1xx_hal_uart.o
                0x0800c7ee                HAL_UART_Transmit
 .text.HAL_UART_Receive_IT
                0x0800c904       0x4a ./Drivers/STM32F1xx_HAL_Driver/Src/stm32f1xx_hal_uart.o
                0x0800c904                HAL_UART_Receive_IT
 *fill*         0x0800c94e        0x2 
 .text.HAL_UART_IRQHandler
                0x0800c950      0x524 ./Drivers/STM32F1xx_HAL_Driver/Src/stm32f1xx_hal_uart.o
                0x0800c950                HAL_UART_IRQHandler
 .text.HAL_UART_TxCpltCallback
                0x0800ce74       0x12 ./Drivers/STM32F1xx_HAL_Driver/Src/stm32f1xx_hal_uart.o
                0x0800ce74                HAL_UART_TxCpltCallback
 .text.HAL_UART_ErrorCallback
                0x0800ce86       0x12 ./Drivers/STM32F1xx_HAL_Driver/Src/stm32f1xx_hal_uart.o
                0x0800ce86                HAL_UART_ErrorCallback
 .text.HAL_UARTEx_RxEventCallback
                0x0800ce98       0x16 ./Drivers/STM32F1xx_HAL_Driver/Src/stm32f1xx_hal_uart.o
                0x0800ce98                HAL_UARTEx_RxEventCallback
 .text.UART_WaitOnFlagUntilTimeout
                0x0800ceae       0xb2 ./Drivers/STM32F1xx_HAL_Driver/Src/stm32f1xx_hal_uart.o
 .text.UART_Start_Receive_IT
                0x0800cf60       0x72 ./Drivers/STM32F1xx_HAL_Driver/Src/stm32f1xx_hal_uart.o
                0x0800cf60                UART_Start_Receive_IT
 .text.UART_EndRxTransfer
                0x0800cfd2       0xc4 ./Drivers/STM32F1xx_HAL_Driver/Src/stm32f1xx_hal_uart.o
 .text.UART_DMAAbortOnError
                0x0800d096       0x28 ./Drivers/STM32F1xx_HAL_Driver/Src/stm32f1xx_hal_uart.o
 .text.UART_Transmit_IT
                0x0800d0be       0x9e ./Drivers/STM32F1xx_HAL_Driver/Src/stm32f1xx_hal_uart.o
 .text.UART_EndTransmit_IT
                0x0800d15c       0x30 ./Drivers/STM32F1xx_HAL_Driver/Src/stm32f1xx_hal_uart.o
 .text.UART_Receive_IT
                0x0800d18c      0x17c ./Drivers/STM32F1xx_HAL_Driver/Src/stm32f1xx_hal_uart.o
 .text.UART_SetConfig
                0x0800d308      0x11c ./Drivers/STM32F1xx_HAL_Driver/Src/stm32f1xx_hal_uart.o
 .text.__cvt    0x0800d424       0xc8 C:/ST/STM32CubeIDE_1.19.0/STM32CubeIDE/plugins/com.st.stm32cube.ide.mcu.externaltools.gnu-tools-for-stm32.13.3.rel1.win32_1.0.0.202411081344/tools/bin/../lib/gcc/arm-none-eabi/13.3.1/../../../../arm-none-eabi/lib/thumb/v7-m/nofp\libc_nano.a(libc_a-nano-vfprintf_float.o)
                0x0800d424                __cvt
 .text.__exponent
                0x0800d4ec       0x74 C:/ST/STM32CubeIDE_1.19.0/STM32CubeIDE/plugins/com.st.stm32cube.ide.mcu.externaltools.gnu-tools-for-stm32.13.3.rel1.win32_1.0.0.202411081344/tools/bin/../lib/gcc/arm-none-eabi/13.3.1/../../../../arm-none-eabi/lib/thumb/v7-m/nofp\libc_nano.a(libc_a-nano-vfprintf_float.o)
                0x0800d4ec                __exponent
 .text._printf_float
                0x0800d560      0x458 C:/ST/STM32CubeIDE_1.19.0/STM32CubeIDE/plugins/com.st.stm32cube.ide.mcu.externaltools.gnu-tools-for-stm32.13.3.rel1.win32_1.0.0.202411081344/tools/bin/../lib/gcc/arm-none-eabi/13.3.1/../../../../arm-none-eabi/lib/thumb/v7-m/nofp\libc_nano.a(libc_a-nano-vfprintf_float.o)
                0x0800d560                _printf_float
 .text._printf_common
                0x0800d9b8       0xe4 C:/ST/STM32CubeIDE_1.19.0/STM32CubeIDE/plugins/com.st.stm32cube.ide.mcu.externaltools.gnu-tools-for-stm32.13.3.rel1.win32_1.0.0.202411081344/tools/bin/../lib/gcc/arm-none-eabi/13.3.1/../../../../arm-none-eabi/lib/thumb/v7-m/nofp\libc_nano.a(libc_a-nano-vfprintf_i.o)
                0x0800d9b8                _printf_common
 .text._printf_i
                0x0800da9c      0x23c C:/ST/STM32CubeIDE_1.19.0/STM32CubeIDE/plugins/com.st.stm32cube.ide.mcu.externaltools.gnu-tools-for-stm32.13.3.rel1.win32_1.0.0.202411081344/tools/bin/../lib/gcc/arm-none-eabi/13.3.1/../../../../arm-none-eabi/lib/thumb/v7-m/nofp\libc_nano.a(libc_a-nano-vfprintf_i.o)
                0x0800da9c                _printf_i
 .text._scanf_float
                0x0800dcd8      0x414 C:/ST/STM32CubeIDE_1.19.0/STM32CubeIDE/plugins/com.st.stm32cube.ide.mcu.externaltools.gnu-tools-for-stm32.13.3.rel1.win32_1.0.0.202411081344/tools/bin/../lib/gcc/arm-none-eabi/13.3.1/../../../../arm-none-eabi/lib/thumb/v7-m/nofp\libc_nano.a(libc_a-nano-vfscanf_float.o)
                0x0800dcd8                _scanf_float
 .text.std      0x0800e0ec       0x6c C:/ST/STM32CubeIDE_1.19.0/STM32CubeIDE/plugins/com.st.stm32cube.ide.mcu.externaltools.gnu-tools-for-stm32.13.3.rel1.win32_1.0.0.202411081344/tools/bin/../lib/gcc/arm-none-eabi/13.3.1/../../../../arm-none-eabi/lib/thumb/v7-m/nofp\libc_nano.a(libc_a-findfp.o)
 .text.stdio_exit_handler
                0x0800e158       0x18 C:/ST/STM32CubeIDE_1.19.0/STM32CubeIDE/plugins/com.st.stm32cube.ide.mcu.externaltools.gnu-tools-for-stm32.13.3.rel1.win32_1.0.0.202411081344/tools/bin/../lib/gcc/arm-none-eabi/13.3.1/../../../../arm-none-eabi/lib/thumb/v7-m/nofp\libc_nano.a(libc_a-findfp.o)
 .text.cleanup_stdio
                0x0800e170       0x40 C:/ST/STM32CubeIDE_1.19.0/STM32CubeIDE/plugins/com.st.stm32cube.ide.mcu.externaltools.gnu-tools-for-stm32.13.3.rel1.win32_1.0.0.202411081344/tools/bin/../lib/gcc/arm-none-eabi/13.3.1/../../../../arm-none-eabi/lib/thumb/v7-m/nofp\libc_nano.a(libc_a-findfp.o)
 .text.global_stdio_init.part.0
                0x0800e1b0       0x3c C:/ST/STM32CubeIDE_1.19.0/STM32CubeIDE/plugins/com.st.stm32cube.ide.mcu.externaltools.gnu-tools-for-stm32.13.3.rel1.win32_1.0.0.202411081344/tools/bin/../lib/gcc/arm-none-eabi/13.3.1/../../../../arm-none-eabi/lib/thumb/v7-m/nofp\libc_nano.a(libc_a-findfp.o)
 .text.__sfp_lock_acquire
                0x0800e1ec        0xc C:/ST/STM32CubeIDE_1.19.0/STM32CubeIDE/plugins/com.st.stm32cube.ide.mcu.externaltools.gnu-tools-for-stm32.13.3.rel1.win32_1.0.0.202411081344/tools/bin/../lib/gcc/arm-none-eabi/13.3.1/../../../../arm-none-eabi/lib/thumb/v7-m/nofp\libc_nano.a(libc_a-findfp.o)
                0x0800e1ec                __sfp_lock_acquire
 .text.__sfp_lock_release
                0x0800e1f8        0xc C:/ST/STM32CubeIDE_1.19.0/STM32CubeIDE/plugins/com.st.stm32cube.ide.mcu.externaltools.gnu-tools-for-stm32.13.3.rel1.win32_1.0.0.202411081344/tools/bin/../lib/gcc/arm-none-eabi/13.3.1/../../../../arm-none-eabi/lib/thumb/v7-m/nofp\libc_nano.a(libc_a-findfp.o)
                0x0800e1f8                __sfp_lock_release
 .text.__sinit  0x0800e204       0x30 C:/ST/STM32CubeIDE_1.19.0/STM32CubeIDE/plugins/com.st.stm32cube.ide.mcu.externaltools.gnu-tools-for-stm32.13.3.rel1.win32_1.0.0.202411081344/tools/bin/../lib/gcc/arm-none-eabi/13.3.1/../../../../arm-none-eabi/lib/thumb/v7-m/nofp\libc_nano.a(libc_a-findfp.o)
                0x0800e204                __sinit
 .text._fwalk_sglue
                0x0800e234       0x3c C:/ST/STM32CubeIDE_1.19.0/STM32CubeIDE/plugins/com.st.stm32cube.ide.mcu.externaltools.gnu-tools-for-stm32.13.3.rel1.win32_1.0.0.202411081344/tools/bin/../lib/gcc/arm-none-eabi/13.3.1/../../../../arm-none-eabi/lib/thumb/v7-m/nofp\libc_nano.a(libc_a-fwalk.o)
                0x0800e234                _fwalk_sglue
 .text.printf   0x0800e270       0x24 C:/ST/STM32CubeIDE_1.19.0/STM32CubeIDE/plugins/com.st.stm32cube.ide.mcu.externaltools.gnu-tools-for-stm32.13.3.rel1.win32_1.0.0.202411081344/tools/bin/../lib/gcc/arm-none-eabi/13.3.1/../../../../arm-none-eabi/lib/thumb/v7-m/nofp\libc_nano.a(libc_a-printf.o)
                0x0800e270                iprintf
                0x0800e270                printf
 .text._puts_r  0x0800e294       0xaa C:/ST/STM32CubeIDE_1.19.0/STM32CubeIDE/plugins/com.st.stm32cube.ide.mcu.externaltools.gnu-tools-for-stm32.13.3.rel1.win32_1.0.0.202411081344/tools/bin/../lib/gcc/arm-none-eabi/13.3.1/../../../../arm-none-eabi/lib/thumb/v7-m/nofp\libc_nano.a(libc_a-puts.o)
                0x0800e294                _puts_r
 *fill*         0x0800e33e        0x2 
 .text.puts     0x0800e340       0x10 C:/ST/STM32CubeIDE_1.19.0/STM32CubeIDE/plugins/com.st.stm32cube.ide.mcu.externaltools.gnu-tools-for-stm32.13.3.rel1.win32_1.0.0.202411081344/tools/bin/../lib/gcc/arm-none-eabi/13.3.1/../../../../arm-none-eabi/lib/thumb/v7-m/nofp\libc_nano.a(libc_a-puts.o)
                0x0800e340                puts
 .text.sprintf  0x0800e350       0x44 C:/ST/STM32CubeIDE_1.19.0/STM32CubeIDE/plugins/com.st.stm32cube.ide.mcu.externaltools.gnu-tools-for-stm32.13.3.rel1.win32_1.0.0.202411081344/tools/bin/../lib/gcc/arm-none-eabi/13.3.1/../../../../arm-none-eabi/lib/thumb/v7-m/nofp\libc_nano.a(libc_a-sprintf.o)
                0x0800e350                siprintf
                0x0800e350                sprintf
 .text.__sread  0x0800e394       0x22 C:/ST/STM32CubeIDE_1.19.0/STM32CubeIDE/plugins/com.st.stm32cube.ide.mcu.externaltools.gnu-tools-for-stm32.13.3.rel1.win32_1.0.0.202411081344/tools/bin/../lib/gcc/arm-none-eabi/13.3.1/../../../../arm-none-eabi/lib/thumb/v7-m/nofp\libc_nano.a(libc_a-stdio.o)
                0x0800e394                __sread
 .text.__swrite
                0x0800e3b6       0x38 C:/ST/STM32CubeIDE_1.19.0/STM32CubeIDE/plugins/com.st.stm32cube.ide.mcu.externaltools.gnu-tools-for-stm32.13.3.rel1.win32_1.0.0.202411081344/tools/bin/../lib/gcc/arm-none-eabi/13.3.1/../../../../arm-none-eabi/lib/thumb/v7-m/nofp\libc_nano.a(libc_a-stdio.o)
                0x0800e3b6                __swrite
 .text.__sseek  0x0800e3ee       0x24 C:/ST/STM32CubeIDE_1.19.0/STM32CubeIDE/plugins/com.st.stm32cube.ide.mcu.externaltools.gnu-tools-for-stm32.13.3.rel1.win32_1.0.0.202411081344/tools/bin/../lib/gcc/arm-none-eabi/13.3.1/../../../../arm-none-eabi/lib/thumb/v7-m/nofp\libc_nano.a(libc_a-stdio.o)
                0x0800e3ee                __sseek
 .text.__sclose
                0x0800e412        0x8 C:/ST/STM32CubeIDE_1.19.0/STM32CubeIDE/plugins/com.st.stm32cube.ide.mcu.externaltools.gnu-tools-for-stm32.13.3.rel1.win32_1.0.0.202411081344/tools/bin/../lib/gcc/arm-none-eabi/13.3.1/../../../../arm-none-eabi/lib/thumb/v7-m/nofp\libc_nano.a(libc_a-stdio.o)
                0x0800e412                __sclose
 .text.__swbuf_r
                0x0800e41a       0x7c C:/ST/STM32CubeIDE_1.19.0/STM32CubeIDE/plugins/com.st.stm32cube.ide.mcu.externaltools.gnu-tools-for-stm32.13.3.rel1.win32_1.0.0.202411081344/tools/bin/../lib/gcc/arm-none-eabi/13.3.1/../../../../arm-none-eabi/lib/thumb/v7-m/nofp\libc_nano.a(libc_a-wbuf.o)
                0x0800e41a                __swbuf_r
 *fill*         0x0800e496        0x2 
 .text.__swsetup_r
                0x0800e498       0xac C:/ST/STM32CubeIDE_1.19.0/STM32CubeIDE/plugins/com.st.stm32cube.ide.mcu.externaltools.gnu-tools-for-stm32.13.3.rel1.win32_1.0.0.202411081344/tools/bin/../lib/gcc/arm-none-eabi/13.3.1/../../../../arm-none-eabi/lib/thumb/v7-m/nofp\libc_nano.a(libc_a-wsetup.o)
                0x0800e498                __swsetup_r
 .text.memcmp   0x0800e544       0x20 C:/ST/STM32CubeIDE_1.19.0/STM32CubeIDE/plugins/com.st.stm32cube.ide.mcu.externaltools.gnu-tools-for-stm32.13.3.rel1.win32_1.0.0.202411081344/tools/bin/../lib/gcc/arm-none-eabi/13.3.1/../../../../arm-none-eabi/lib/thumb/v7-m/nofp\libc_nano.a(libc_a-memcmp.o)
                0x0800e544                memcmp
 .text.memset   0x0800e564       0x10 C:/ST/STM32CubeIDE_1.19.0/STM32CubeIDE/plugins/com.st.stm32cube.ide.mcu.externaltools.gnu-tools-for-stm32.13.3.rel1.win32_1.0.0.202411081344/tools/bin/../lib/gcc/arm-none-eabi/13.3.1/../../../../arm-none-eabi/lib/thumb/v7-m/nofp\libc_nano.a(libc_a-memset.o)
                0x0800e564                memset
 .text._localeconv_r
                0x0800e574        0x8 C:/ST/STM32CubeIDE_1.19.0/STM32CubeIDE/plugins/com.st.stm32cube.ide.mcu.externaltools.gnu-tools-for-stm32.13.3.rel1.win32_1.0.0.202411081344/tools/bin/../lib/gcc/arm-none-eabi/13.3.1/../../../../arm-none-eabi/lib/thumb/v7-m/nofp\libc_nano.a(libc_a-localeconv.o)
                0x0800e574                _localeconv_r
 .text._close_r
                0x0800e57c       0x20 C:/ST/STM32CubeIDE_1.19.0/STM32CubeIDE/plugins/com.st.stm32cube.ide.mcu.externaltools.gnu-tools-for-stm32.13.3.rel1.win32_1.0.0.202411081344/tools/bin/../lib/gcc/arm-none-eabi/13.3.1/../../../../arm-none-eabi/lib/thumb/v7-m/nofp\libc_nano.a(libc_a-closer.o)
                0x0800e57c                _close_r
 .text._lseek_r
                0x0800e59c       0x24 C:/ST/STM32CubeIDE_1.19.0/STM32CubeIDE/plugins/com.st.stm32cube.ide.mcu.externaltools.gnu-tools-for-stm32.13.3.rel1.win32_1.0.0.202411081344/tools/bin/../lib/gcc/arm-none-eabi/13.3.1/../../../../arm-none-eabi/lib/thumb/v7-m/nofp\libc_nano.a(libc_a-lseekr.o)
                0x0800e59c                _lseek_r
 .text._read_r  0x0800e5c0       0x24 C:/ST/STM32CubeIDE_1.19.0/STM32CubeIDE/plugins/com.st.stm32cube.ide.mcu.externaltools.gnu-tools-for-stm32.13.3.rel1.win32_1.0.0.202411081344/tools/bin/../lib/gcc/arm-none-eabi/13.3.1/../../../../arm-none-eabi/lib/thumb/v7-m/nofp\libc_nano.a(libc_a-readr.o)
                0x0800e5c0                _read_r
 .text._write_r
                0x0800e5e4       0x24 C:/ST/STM32CubeIDE_1.19.0/STM32CubeIDE/plugins/com.st.stm32cube.ide.mcu.externaltools.gnu-tools-for-stm32.13.3.rel1.win32_1.0.0.202411081344/tools/bin/../lib/gcc/arm-none-eabi/13.3.1/../../../../arm-none-eabi/lib/thumb/v7-m/nofp\libc_nano.a(libc_a-writer.o)
                0x0800e5e4                _write_r
 .text.__errno  0x0800e608        0xc C:/ST/STM32CubeIDE_1.19.0/STM32CubeIDE/plugins/com.st.stm32cube.ide.mcu.externaltools.gnu-tools-for-stm32.13.3.rel1.win32_1.0.0.202411081344/tools/bin/../lib/gcc/arm-none-eabi/13.3.1/../../../../arm-none-eabi/lib/thumb/v7-m/nofp\libc_nano.a(libc_a-errno.o)
                0x0800e608                __errno
 .text.__libc_init_array
                0x0800e614       0x48 C:/ST/STM32CubeIDE_1.19.0/STM32CubeIDE/plugins/com.st.stm32cube.ide.mcu.externaltools.gnu-tools-for-stm32.13.3.rel1.win32_1.0.0.202411081344/tools/bin/../lib/gcc/arm-none-eabi/13.3.1/../../../../arm-none-eabi/lib/thumb/v7-m/nofp\libc_nano.a(libc_a-init.o)
                0x0800e614                __libc_init_array
 .text.__retarget_lock_init_recursive
                0x0800e65c        0x2 C:/ST/STM32CubeIDE_1.19.0/STM32CubeIDE/plugins/com.st.stm32cube.ide.mcu.externaltools.gnu-tools-for-stm32.13.3.rel1.win32_1.0.0.202411081344/tools/bin/../lib/gcc/arm-none-eabi/13.3.1/../../../../arm-none-eabi/lib/thumb/v7-m/nofp\libc_nano.a(libc_a-lock.o)
                0x0800e65c                __retarget_lock_init_recursive
 .text.__retarget_lock_acquire_recursive
                0x0800e65e        0x2 C:/ST/STM32CubeIDE_1.19.0/STM32CubeIDE/plugins/com.st.stm32cube.ide.mcu.externaltools.gnu-tools-for-stm32.13.3.rel1.win32_1.0.0.202411081344/tools/bin/../lib/gcc/arm-none-eabi/13.3.1/../../../../arm-none-eabi/lib/thumb/v7-m/nofp\libc_nano.a(libc_a-lock.o)
                0x0800e65e                __retarget_lock_acquire_recursive
 .text.__retarget_lock_release_recursive
                0x0800e660        0x2 C:/ST/STM32CubeIDE_1.19.0/STM32CubeIDE/plugins/com.st.stm32cube.ide.mcu.externaltools.gnu-tools-for-stm32.13.3.rel1.win32_1.0.0.202411081344/tools/bin/../lib/gcc/arm-none-eabi/13.3.1/../../../../arm-none-eabi/lib/thumb/v7-m/nofp\libc_nano.a(libc_a-lock.o)
                0x0800e660                __retarget_lock_release_recursive
 .text.memchr   0x0800e662       0x1c C:/ST/STM32CubeIDE_1.19.0/STM32CubeIDE/plugins/com.st.stm32cube.ide.mcu.externaltools.gnu-tools-for-stm32.13.3.rel1.win32_1.0.0.202411081344/tools/bin/../lib/gcc/arm-none-eabi/13.3.1/../../../../arm-none-eabi/lib/thumb/v7-m/nofp\libc_nano.a(libc_a-memchr-stub.o)
                0x0800e662                memchr
 *fill*         0x0800e67e        0x2 
 .text.nanf     0x0800e680        0x8 C:/ST/STM32CubeIDE_1.19.0/STM32CubeIDE/plugins/com.st.stm32cube.ide.mcu.externaltools.gnu-tools-for-stm32.13.3.rel1.win32_1.0.0.202411081344/tools/bin/../lib/gcc/arm-none-eabi/13.3.1/../../../../arm-none-eabi/lib/thumb/v7-m/nofp\libc_nano.a(libm_a-sf_nan.o)
                0x0800e680                nanf
 .text.quorem   0x0800e688      0x110 C:/ST/STM32CubeIDE_1.19.0/STM32CubeIDE/plugins/com.st.stm32cube.ide.mcu.externaltools.gnu-tools-for-stm32.13.3.rel1.win32_1.0.0.202411081344/tools/bin/../lib/gcc/arm-none-eabi/13.3.1/../../../../arm-none-eabi/lib/thumb/v7-m/nofp\libc_nano.a(libc_a-dtoa.o)
 .text._dtoa_r  0x0800e798      0xba8 C:/ST/STM32CubeIDE_1.19.0/STM32CubeIDE/plugins/com.st.stm32cube.ide.mcu.externaltools.gnu-tools-for-stm32.13.3.rel1.win32_1.0.0.202411081344/tools/bin/../lib/gcc/arm-none-eabi/13.3.1/../../../../arm-none-eabi/lib/thumb/v7-m/nofp\libc_nano.a(libc_a-dtoa.o)
                0x0800e798                _dtoa_r
 .text._free_r  0x0800f340       0x90 C:/ST/STM32CubeIDE_1.19.0/STM32CubeIDE/plugins/com.st.stm32cube.ide.mcu.externaltools.gnu-tools-for-stm32.13.3.rel1.win32_1.0.0.202411081344/tools/bin/../lib/gcc/arm-none-eabi/13.3.1/../../../../arm-none-eabi/lib/thumb/v7-m/nofp\libc_nano.a(libc_a-freer.o)
                0x0800f340                _free_r
 .text.malloc   0x0800f3d0       0x10 C:/ST/STM32CubeIDE_1.19.0/STM32CubeIDE/plugins/com.st.stm32cube.ide.mcu.externaltools.gnu-tools-for-stm32.13.3.rel1.win32_1.0.0.202411081344/tools/bin/../lib/gcc/arm-none-eabi/13.3.1/../../../../arm-none-eabi/lib/thumb/v7-m/nofp\libc_nano.a(libc_a-malloc.o)
                0x0800f3d0                malloc
 .text.sbrk_aligned
                0x0800f3e0       0x44 C:/ST/STM32CubeIDE_1.19.0/STM32CubeIDE/plugins/com.st.stm32cube.ide.mcu.externaltools.gnu-tools-for-stm32.13.3.rel1.win32_1.0.0.202411081344/tools/bin/../lib/gcc/arm-none-eabi/13.3.1/../../../../arm-none-eabi/lib/thumb/v7-m/nofp\libc_nano.a(libc_a-mallocr.o)
 .text._malloc_r
                0x0800f424      0x100 C:/ST/STM32CubeIDE_1.19.0/STM32CubeIDE/plugins/com.st.stm32cube.ide.mcu.externaltools.gnu-tools-for-stm32.13.3.rel1.win32_1.0.0.202411081344/tools/bin/../lib/gcc/arm-none-eabi/13.3.1/../../../../arm-none-eabi/lib/thumb/v7-m/nofp\libc_nano.a(libc_a-mallocr.o)
                0x0800f424                _malloc_r
 .text.__malloc_lock
                0x0800f524        0xc C:/ST/STM32CubeIDE_1.19.0/STM32CubeIDE/plugins/com.st.stm32cube.ide.mcu.externaltools.gnu-tools-for-stm32.13.3.rel1.win32_1.0.0.202411081344/tools/bin/../lib/gcc/arm-none-eabi/13.3.1/../../../../arm-none-eabi/lib/thumb/v7-m/nofp\libc_nano.a(libc_a-mlock.o)
                0x0800f524                __malloc_lock
 .text.__malloc_unlock
                0x0800f530        0xc C:/ST/STM32CubeIDE_1.19.0/STM32CubeIDE/plugins/com.st.stm32cube.ide.mcu.externaltools.gnu-tools-for-stm32.13.3.rel1.win32_1.0.0.202411081344/tools/bin/../lib/gcc/arm-none-eabi/13.3.1/../../../../arm-none-eabi/lib/thumb/v7-m/nofp\libc_nano.a(libc_a-mlock.o)
                0x0800f530                __malloc_unlock
 .text._Balloc  0x0800f53c       0x80 C:/ST/STM32CubeIDE_1.19.0/STM32CubeIDE/plugins/com.st.stm32cube.ide.mcu.externaltools.gnu-tools-for-stm32.13.3.rel1.win32_1.0.0.202411081344/tools/bin/../lib/gcc/arm-none-eabi/13.3.1/../../../../arm-none-eabi/lib/thumb/v7-m/nofp\libc_nano.a(libc_a-mprec.o)
                0x0800f53c                _Balloc
 .text._Bfree   0x0800f5bc       0x44 C:/ST/STM32CubeIDE_1.19.0/STM32CubeIDE/plugins/com.st.stm32cube.ide.mcu.externaltools.gnu-tools-for-stm32.13.3.rel1.win32_1.0.0.202411081344/tools/bin/../lib/gcc/arm-none-eabi/13.3.1/../../../../arm-none-eabi/lib/thumb/v7-m/nofp\libc_nano.a(libc_a-mprec.o)
                0x0800f5bc                _Bfree
 .text.__multadd
                0x0800f600       0x8c C:/ST/STM32CubeIDE_1.19.0/STM32CubeIDE/plugins/com.st.stm32cube.ide.mcu.externaltools.gnu-tools-for-stm32.13.3.rel1.win32_1.0.0.202411081344/tools/bin/../lib/gcc/arm-none-eabi/13.3.1/../../../../arm-none-eabi/lib/thumb/v7-m/nofp\libc_nano.a(libc_a-mprec.o)
                0x0800f600                __multadd
 .text.__s2b    0x0800f68c       0x94 C:/ST/STM32CubeIDE_1.19.0/STM32CubeIDE/plugins/com.st.stm32cube.ide.mcu.externaltools.gnu-tools-for-stm32.13.3.rel1.win32_1.0.0.202411081344/tools/bin/../lib/gcc/arm-none-eabi/13.3.1/../../../../arm-none-eabi/lib/thumb/v7-m/nofp\libc_nano.a(libc_a-mprec.o)
                0x0800f68c                __s2b
 .text.__hi0bits
                0x0800f720       0x3e C:/ST/STM32CubeIDE_1.19.0/STM32CubeIDE/plugins/com.st.stm32cube.ide.mcu.externaltools.gnu-tools-for-stm32.13.3.rel1.win32_1.0.0.202411081344/tools/bin/../lib/gcc/arm-none-eabi/13.3.1/../../../../arm-none-eabi/lib/thumb/v7-m/nofp\libc_nano.a(libc_a-mprec.o)
                0x0800f720                __hi0bits
 .text.__lo0bits
                0x0800f75e       0x5a C:/ST/STM32CubeIDE_1.19.0/STM32CubeIDE/plugins/com.st.stm32cube.ide.mcu.externaltools.gnu-tools-for-stm32.13.3.rel1.win32_1.0.0.202411081344/tools/bin/../lib/gcc/arm-none-eabi/13.3.1/../../../../arm-none-eabi/lib/thumb/v7-m/nofp\libc_nano.a(libc_a-mprec.o)
                0x0800f75e                __lo0bits
 .text.__i2b    0x0800f7b8       0x2c C:/ST/STM32CubeIDE_1.19.0/STM32CubeIDE/plugins/com.st.stm32cube.ide.mcu.externaltools.gnu-tools-for-stm32.13.3.rel1.win32_1.0.0.202411081344/tools/bin/../lib/gcc/arm-none-eabi/13.3.1/../../../../arm-none-eabi/lib/thumb/v7-m/nofp\libc_nano.a(libc_a-mprec.o)
                0x0800f7b8                __i2b
 .text.__multiply
                0x0800f7e4      0x144 C:/ST/STM32CubeIDE_1.19.0/STM32CubeIDE/plugins/com.st.stm32cube.ide.mcu.externaltools.gnu-tools-for-stm32.13.3.rel1.win32_1.0.0.202411081344/tools/bin/../lib/gcc/arm-none-eabi/13.3.1/../../../../arm-none-eabi/lib/thumb/v7-m/nofp\libc_nano.a(libc_a-mprec.o)
                0x0800f7e4                __multiply
 .text.__pow5mult
                0x0800f928       0xb4 C:/ST/STM32CubeIDE_1.19.0/STM32CubeIDE/plugins/com.st.stm32cube.ide.mcu.externaltools.gnu-tools-for-stm32.13.3.rel1.win32_1.0.0.202411081344/tools/bin/../lib/gcc/arm-none-eabi/13.3.1/../../../../arm-none-eabi/lib/thumb/v7-m/nofp\libc_nano.a(libc_a-mprec.o)
                0x0800f928                __pow5mult
 .text.__lshift
                0x0800f9dc       0xd8 C:/ST/STM32CubeIDE_1.19.0/STM32CubeIDE/plugins/com.st.stm32cube.ide.mcu.externaltools.gnu-tools-for-stm32.13.3.rel1.win32_1.0.0.202411081344/tools/bin/../lib/gcc/arm-none-eabi/13.3.1/../../../../arm-none-eabi/lib/thumb/v7-m/nofp\libc_nano.a(libc_a-mprec.o)
                0x0800f9dc                __lshift
 .text.__mcmp   0x0800fab4       0x36 C:/ST/STM32CubeIDE_1.19.0/STM32CubeIDE/plugins/com.st.stm32cube.ide.mcu.externaltools.gnu-tools-for-stm32.13.3.rel1.win32_1.0.0.202411081344/tools/bin/../lib/gcc/arm-none-eabi/13.3.1/../../../../arm-none-eabi/lib/thumb/v7-m/nofp\libc_nano.a(libc_a-mprec.o)
                0x0800fab4                __mcmp
 *fill*         0x0800faea        0x2 
 .text.__mdiff  0x0800faec      0x128 C:/ST/STM32CubeIDE_1.19.0/STM32CubeIDE/plugins/com.st.stm32cube.ide.mcu.externaltools.gnu-tools-for-stm32.13.3.rel1.win32_1.0.0.202411081344/tools/bin/../lib/gcc/arm-none-eabi/13.3.1/../../../../arm-none-eabi/lib/thumb/v7-m/nofp\libc_nano.a(libc_a-mprec.o)
                0x0800faec                __mdiff
 .text.__ulp    0x0800fc14       0x40 C:/ST/STM32CubeIDE_1.19.0/STM32CubeIDE/plugins/com.st.stm32cube.ide.mcu.externaltools.gnu-tools-for-stm32.13.3.rel1.win32_1.0.0.202411081344/tools/bin/../lib/gcc/arm-none-eabi/13.3.1/../../../../arm-none-eabi/lib/thumb/v7-m/nofp\libc_nano.a(libc_a-mprec.o)
                0x0800fc14                __ulp
 .text.__b2d    0x0800fc54       0x90 C:/ST/STM32CubeIDE_1.19.0/STM32CubeIDE/plugins/com.st.stm32cube.ide.mcu.externaltools.gnu-tools-for-stm32.13.3.rel1.win32_1.0.0.202411081344/tools/bin/../lib/gcc/arm-none-eabi/13.3.1/../../../../arm-none-eabi/lib/thumb/v7-m/nofp\libc_nano.a(libc_a-mprec.o)
                0x0800fc54                __b2d
 .text.__d2b    0x0800fce4       0xb0 C:/ST/STM32CubeIDE_1.19.0/STM32CubeIDE/plugins/com.st.stm32cube.ide.mcu.externaltools.gnu-tools-for-stm32.13.3.rel1.win32_1.0.0.202411081344/tools/bin/../lib/gcc/arm-none-eabi/13.3.1/../../../../arm-none-eabi/lib/thumb/v7-m/nofp\libc_nano.a(libc_a-mprec.o)
                0x0800fce4                __d2b
 .text.__ratio  0x0800fd94       0x60 C:/ST/STM32CubeIDE_1.19.0/STM32CubeIDE/plugins/com.st.stm32cube.ide.mcu.externaltools.gnu-tools-for-stm32.13.3.rel1.win32_1.0.0.202411081344/tools/bin/../lib/gcc/arm-none-eabi/13.3.1/../../../../arm-none-eabi/lib/thumb/v7-m/nofp\libc_nano.a(libc_a-mprec.o)
                0x0800fd94                __ratio
 .text.__copybits
                0x0800fdf4       0x46 C:/ST/STM32CubeIDE_1.19.0/STM32CubeIDE/plugins/com.st.stm32cube.ide.mcu.externaltools.gnu-tools-for-stm32.13.3.rel1.win32_1.0.0.202411081344/tools/bin/../lib/gcc/arm-none-eabi/13.3.1/../../../../arm-none-eabi/lib/thumb/v7-m/nofp\libc_nano.a(libc_a-mprec.o)
                0x0800fdf4                __copybits
 .text.__any_on
                0x0800fe3a       0x42 C:/ST/STM32CubeIDE_1.19.0/STM32CubeIDE/plugins/com.st.stm32cube.ide.mcu.externaltools.gnu-tools-for-stm32.13.3.rel1.win32_1.0.0.202411081344/tools/bin/../lib/gcc/arm-none-eabi/13.3.1/../../../../arm-none-eabi/lib/thumb/v7-m/nofp\libc_nano.a(libc_a-mprec.o)
                0x0800fe3a                __any_on
 .text.sulp     0x0800fe7c       0x42 C:/ST/STM32CubeIDE_1.19.0/STM32CubeIDE/plugins/com.st.stm32cube.ide.mcu.externaltools.gnu-tools-for-stm32.13.3.rel1.win32_1.0.0.202411081344/tools/bin/../lib/gcc/arm-none-eabi/13.3.1/../../../../arm-none-eabi/lib/thumb/v7-m/nofp\libc_nano.a(libc_a-strtod.o)
 *fill*         0x0800febe        0x2 
 .text._strtod_l
                0x0800fec0      0xbb0 C:/ST/STM32CubeIDE_1.19.0/STM32CubeIDE/plugins/com.st.stm32cube.ide.mcu.externaltools.gnu-tools-for-stm32.13.3.rel1.win32_1.0.0.202411081344/tools/bin/../lib/gcc/arm-none-eabi/13.3.1/../../../../arm-none-eabi/lib/thumb/v7-m/nofp\libc_nano.a(libc_a-strtod.o)
                0x0800fec0                _strtod_l
 .text._strtod_r
                0x08010a70        0xc C:/ST/STM32CubeIDE_1.19.0/STM32CubeIDE/plugins/com.st.stm32cube.ide.mcu.externaltools.gnu-tools-for-stm32.13.3.rel1.win32_1.0.0.202411081344/tools/bin/../lib/gcc/arm-none-eabi/13.3.1/../../../../arm-none-eabi/lib/thumb/v7-m/nofp\libc_nano.a(libc_a-strtod.o)
                0x08010a70                _strtod_r
 .text._strtol_l.isra.0
                0x08010a7c       0xf4 C:/ST/STM32CubeIDE_1.19.0/STM32CubeIDE/plugins/com.st.stm32cube.ide.mcu.externaltools.gnu-tools-for-stm32.13.3.rel1.win32_1.0.0.202411081344/tools/bin/../lib/gcc/arm-none-eabi/13.3.1/../../../../arm-none-eabi/lib/thumb/v7-m/nofp\libc_nano.a(libc_a-strtol.o)
 .text._strtol_r
                0x08010b70        0x4 C:/ST/STM32CubeIDE_1.19.0/STM32CubeIDE/plugins/com.st.stm32cube.ide.mcu.externaltools.gnu-tools-for-stm32.13.3.rel1.win32_1.0.0.202411081344/tools/bin/../lib/gcc/arm-none-eabi/13.3.1/../../../../arm-none-eabi/lib/thumb/v7-m/nofp\libc_nano.a(libc_a-strtol.o)
                0x08010b70                _strtol_r
 .text.__ssputs_r
                0x08010b74       0xb6 C:/ST/STM32CubeIDE_1.19.0/STM32CubeIDE/plugins/com.st.stm32cube.ide.mcu.externaltools.gnu-tools-for-stm32.13.3.rel1.win32_1.0.0.202411081344/tools/bin/../lib/gcc/arm-none-eabi/13.3.1/../../../../arm-none-eabi/lib/thumb/v7-m/nofp\libc_nano.a(libc_a-nano-svfprintf.o)
                0x08010b74                __ssputs_r
 *fill*         0x08010c2a        0x2 
 .text._svfprintf_r
                0x08010c2c      0x1f8 C:/ST/STM32CubeIDE_1.19.0/STM32CubeIDE/plugins/com.st.stm32cube.ide.mcu.externaltools.gnu-tools-for-stm32.13.3.rel1.win32_1.0.0.202411081344/tools/bin/../lib/gcc/arm-none-eabi/13.3.1/../../../../arm-none-eabi/lib/thumb/v7-m/nofp\libc_nano.a(libc_a-nano-svfprintf.o)
                0x08010c2c                _svfiprintf_r
                0x08010c2c                _svfprintf_r
 .text.__sfputc_r
                0x08010e24       0x2a C:/ST/STM32CubeIDE_1.19.0/STM32CubeIDE/plugins/com.st.stm32cube.ide.mcu.externaltools.gnu-tools-for-stm32.13.3.rel1.win32_1.0.0.202411081344/tools/bin/../lib/gcc/arm-none-eabi/13.3.1/../../../../arm-none-eabi/lib/thumb/v7-m/nofp\libc_nano.a(libc_a-nano-vfprintf.o)
 .text.__sfputs_r
                0x08010e4e       0x24 C:/ST/STM32CubeIDE_1.19.0/STM32CubeIDE/plugins/com.st.stm32cube.ide.mcu.externaltools.gnu-tools-for-stm32.13.3.rel1.win32_1.0.0.202411081344/tools/bin/../lib/gcc/arm-none-eabi/13.3.1/../../../../arm-none-eabi/lib/thumb/v7-m/nofp\libc_nano.a(libc_a-nano-vfprintf.o)
                0x08010e4e                __sfputs_r
 *fill*         0x08010e72        0x2 
 .text._vfprintf_r
                0x08010e74      0x230 C:/ST/STM32CubeIDE_1.19.0/STM32CubeIDE/plugins/com.st.stm32cube.ide.mcu.externaltools.gnu-tools-for-stm32.13.3.rel1.win32_1.0.0.202411081344/tools/bin/../lib/gcc/arm-none-eabi/13.3.1/../../../../arm-none-eabi/lib/thumb/v7-m/nofp\libc_nano.a(libc_a-nano-vfprintf.o)
                0x08010e74                _vfprintf_r
                0x08010e74                _vfiprintf_r
 .text.__sflush_r
                0x080110a4      0x100 C:/ST/STM32CubeIDE_1.19.0/STM32CubeIDE/plugins/com.st.stm32cube.ide.mcu.externaltools.gnu-tools-for-stm32.13.3.rel1.win32_1.0.0.202411081344/tools/bin/../lib/gcc/arm-none-eabi/13.3.1/../../../../arm-none-eabi/lib/thumb/v7-m/nofp\libc_nano.a(libc_a-fflush.o)
                0x080110a4                __sflush_r
 .text._fflush_r
                0x080111a4       0x50 C:/ST/STM32CubeIDE_1.19.0/STM32CubeIDE/plugins/com.st.stm32cube.ide.mcu.externaltools.gnu-tools-for-stm32.13.3.rel1.win32_1.0.0.202411081344/tools/bin/../lib/gcc/arm-none-eabi/13.3.1/../../../../arm-none-eabi/lib/thumb/v7-m/nofp\libc_nano.a(libc_a-fflush.o)
                0x080111a4                _fflush_r
 .text.__swhatbuf_r
                0x080111f4       0x4a C:/ST/STM32CubeIDE_1.19.0/STM32CubeIDE/plugins/com.st.stm32cube.ide.mcu.externaltools.gnu-tools-for-stm32.13.3.rel1.win32_1.0.0.202411081344/tools/bin/../lib/gcc/arm-none-eabi/13.3.1/../../../../arm-none-eabi/lib/thumb/v7-m/nofp\libc_nano.a(libc_a-makebuf.o)
                0x080111f4                __swhatbuf_r
 .text.__smakebuf_r
                0x0801123e       0x78 C:/ST/STM32CubeIDE_1.19.0/STM32CubeIDE/plugins/com.st.stm32cube.ide.mcu.externaltools.gnu-tools-for-stm32.13.3.rel1.win32_1.0.0.202411081344/tools/bin/../lib/gcc/arm-none-eabi/13.3.1/../../../../arm-none-eabi/lib/thumb/v7-m/nofp\libc_nano.a(libc_a-makebuf.o)
                0x0801123e                __smakebuf_r
 .text.memmove  0x080112b6       0x34 C:/ST/STM32CubeIDE_1.19.0/STM32CubeIDE/plugins/com.st.stm32cube.ide.mcu.externaltools.gnu-tools-for-stm32.13.3.rel1.win32_1.0.0.202411081344/tools/bin/../lib/gcc/arm-none-eabi/13.3.1/../../../../arm-none-eabi/lib/thumb/v7-m/nofp\libc_nano.a(libc_a-memmove.o)
                0x080112b6                memmove
 .text.strncmp  0x080112ea       0x24 C:/ST/STM32CubeIDE_1.19.0/STM32CubeIDE/plugins/com.st.stm32cube.ide.mcu.externaltools.gnu-tools-for-stm32.13.3.rel1.win32_1.0.0.202411081344/tools/bin/../lib/gcc/arm-none-eabi/13.3.1/../../../../arm-none-eabi/lib/thumb/v7-m/nofp\libc_nano.a(libc_a-strncmp.o)
                0x080112ea                strncmp
 *fill*         0x0801130e        0x2 
 .text._fstat_r
                0x08011310       0x24 C:/ST/STM32CubeIDE_1.19.0/STM32CubeIDE/plugins/com.st.stm32cube.ide.mcu.externaltools.gnu-tools-for-stm32.13.3.rel1.win32_1.0.0.202411081344/tools/bin/../lib/gcc/arm-none-eabi/13.3.1/../../../../arm-none-eabi/lib/thumb/v7-m/nofp\libc_nano.a(libc_a-fstatr.o)
                0x08011310                _fstat_r
 .text._isatty_r
                0x08011334       0x20 C:/ST/STM32CubeIDE_1.19.0/STM32CubeIDE/plugins/com.st.stm32cube.ide.mcu.externaltools.gnu-tools-for-stm32.13.3.rel1.win32_1.0.0.202411081344/tools/bin/../lib/gcc/arm-none-eabi/13.3.1/../../../../arm-none-eabi/lib/thumb/v7-m/nofp\libc_nano.a(libc_a-isattyr.o)
                0x08011334                _isatty_r
 .text._sbrk_r  0x08011354       0x20 C:/ST/STM32CubeIDE_1.19.0/STM32CubeIDE/plugins/com.st.stm32cube.ide.mcu.externaltools.gnu-tools-for-stm32.13.3.rel1.win32_1.0.0.202411081344/tools/bin/../lib/gcc/arm-none-eabi/13.3.1/../../../../arm-none-eabi/lib/thumb/v7-m/nofp\libc_nano.a(libc_a-sbrkr.o)
                0x08011354                _sbrk_r
 .text.memcpy   0x08011374       0x1c C:/ST/STM32CubeIDE_1.19.0/STM32CubeIDE/plugins/com.st.stm32cube.ide.mcu.externaltools.gnu-tools-for-stm32.13.3.rel1.win32_1.0.0.202411081344/tools/bin/../lib/gcc/arm-none-eabi/13.3.1/../../../../arm-none-eabi/lib/thumb/v7-m/nofp\libc_nano.a(libc_a-memcpy-stub.o)
                0x08011374                memcpy
 .text.nan      0x08011390        0xc C:/ST/STM32CubeIDE_1.19.0/STM32CubeIDE/plugins/com.st.stm32cube.ide.mcu.externaltools.gnu-tools-for-stm32.13.3.rel1.win32_1.0.0.202411081344/tools/bin/../lib/gcc/arm-none-eabi/13.3.1/../../../../arm-none-eabi/lib/thumb/v7-m/nofp\libc_nano.a(libm_a-s_nan.o)
                0x08011390                nan
 .text.__assert_func
                0x0801139c       0x3c C:/ST/STM32CubeIDE_1.19.0/STM32CubeIDE/plugins/com.st.stm32cube.ide.mcu.externaltools.gnu-tools-for-stm32.13.3.rel1.win32_1.0.0.202411081344/tools/bin/../lib/gcc/arm-none-eabi/13.3.1/../../../../arm-none-eabi/lib/thumb/v7-m/nofp\libc_nano.a(libc_a-assert.o)
                0x0801139c                __assert_func
 .text._calloc_r
                0x080113d8       0x28 C:/ST/STM32CubeIDE_1.19.0/STM32CubeIDE/plugins/com.st.stm32cube.ide.mcu.externaltools.gnu-tools-for-stm32.13.3.rel1.win32_1.0.0.202411081344/tools/bin/../lib/gcc/arm-none-eabi/13.3.1/../../../../arm-none-eabi/lib/thumb/v7-m/nofp\libc_nano.a(libc_a-callocr.o)
                0x080113d8                _calloc_r
 .text.rshift   0x08011400       0xa6 C:/ST/STM32CubeIDE_1.19.0/STM32CubeIDE/plugins/com.st.stm32cube.ide.mcu.externaltools.gnu-tools-for-stm32.13.3.rel1.win32_1.0.0.202411081344/tools/bin/../lib/gcc/arm-none-eabi/13.3.1/../../../../arm-none-eabi/lib/thumb/v7-m/nofp\libc_nano.a(libc_a-gdtoa-gethex.o)
 .text.__hexdig_fun
                0x080114a6       0x2a C:/ST/STM32CubeIDE_1.19.0/STM32CubeIDE/plugins/com.st.stm32cube.ide.mcu.externaltools.gnu-tools-for-stm32.13.3.rel1.win32_1.0.0.202411081344/tools/bin/../lib/gcc/arm-none-eabi/13.3.1/../../../../arm-none-eabi/lib/thumb/v7-m/nofp\libc_nano.a(libc_a-gdtoa-gethex.o)
                0x080114a6                __hexdig_fun
 .text.__gethex
                0x080114d0      0x420 C:/ST/STM32CubeIDE_1.19.0/STM32CubeIDE/plugins/com.st.stm32cube.ide.mcu.externaltools.gnu-tools-for-stm32.13.3.rel1.win32_1.0.0.202411081344/tools/bin/../lib/gcc/arm-none-eabi/13.3.1/../../../../arm-none-eabi/lib/thumb/v7-m/nofp\libc_nano.a(libc_a-gdtoa-gethex.o)
                0x080114d0                __gethex
 .text.L_shift  0x080118f0       0x24 C:/ST/STM32CubeIDE_1.19.0/STM32CubeIDE/plugins/com.st.stm32cube.ide.mcu.externaltools.gnu-tools-for-stm32.13.3.rel1.win32_1.0.0.202411081344/tools/bin/../lib/gcc/arm-none-eabi/13.3.1/../../../../arm-none-eabi/lib/thumb/v7-m/nofp\libc_nano.a(libc_a-gdtoa-hexnan.o)
 .text.__match  0x08011914       0x28 C:/ST/STM32CubeIDE_1.19.0/STM32CubeIDE/plugins/com.st.stm32cube.ide.mcu.externaltools.gnu-tools-for-stm32.13.3.rel1.win32_1.0.0.202411081344/tools/bin/../lib/gcc/arm-none-eabi/13.3.1/../../../../arm-none-eabi/lib/thumb/v7-m/nofp\libc_nano.a(libc_a-gdtoa-hexnan.o)
                0x08011914                __match
 .text.__hexnan
                0x0801193c      0x136 C:/ST/STM32CubeIDE_1.19.0/STM32CubeIDE/plugins/com.st.stm32cube.ide.mcu.externaltools.gnu-tools-for-stm32.13.3.rel1.win32_1.0.0.202411081344/tools/bin/../lib/gcc/arm-none-eabi/13.3.1/../../../../arm-none-eabi/lib/thumb/v7-m/nofp\libc_nano.a(libc_a-gdtoa-hexnan.o)
                0x0801193c                __hexnan
 .text.__ascii_mbtowc
                0x08011a72       0x24 C:/ST/STM32CubeIDE_1.19.0/STM32CubeIDE/plugins/com.st.stm32cube.ide.mcu.externaltools.gnu-tools-for-stm32.13.3.rel1.win32_1.0.0.202411081344/tools/bin/../lib/gcc/arm-none-eabi/13.3.1/../../../../arm-none-eabi/lib/thumb/v7-m/nofp\libc_nano.a(libc_a-mbtowc_r.o)
                0x08011a72                __ascii_mbtowc
 .text._realloc_r
                0x08011a96       0x5c C:/ST/STM32CubeIDE_1.19.0/STM32CubeIDE/plugins/com.st.stm32cube.ide.mcu.externaltools.gnu-tools-for-stm32.13.3.rel1.win32_1.0.0.202411081344/tools/bin/../lib/gcc/arm-none-eabi/13.3.1/../../../../arm-none-eabi/lib/thumb/v7-m/nofp\libc_nano.a(libc_a-reallocr.o)
                0x08011a96                _realloc_r
 .text.__ascii_wctomb
                0x08011af2       0x1a C:/ST/STM32CubeIDE_1.19.0/STM32CubeIDE/plugins/com.st.stm32cube.ide.mcu.externaltools.gnu-tools-for-stm32.13.3.rel1.win32_1.0.0.202411081344/tools/bin/../lib/gcc/arm-none-eabi/13.3.1/../../../../arm-none-eabi/lib/thumb/v7-m/nofp\libc_nano.a(libc_a-wctomb_r.o)
                0x08011af2                __ascii_wctomb
 .text.fprintf  0x08011b0c       0x24 C:/ST/STM32CubeIDE_1.19.0/STM32CubeIDE/plugins/com.st.stm32cube.ide.mcu.externaltools.gnu-tools-for-stm32.13.3.rel1.win32_1.0.0.202411081344/tools/bin/../lib/gcc/arm-none-eabi/13.3.1/../../../../arm-none-eabi/lib/thumb/v7-m/nofp\libc_nano.a(libc_a-fprintf.o)