Archive member included to satisfy reference by file (symbol)

C:/ST/STM32CubeIDE_1.19.0/STM32CubeIDE/plugins/com.st.stm32cube.ide.mcu.externaltools.gnu-tools-for-stm32.13.3.rel1.win32_1.0.0.202411081344/tools/bin/../lib/gcc/arm-none-eabi/13.3.1/../../../../arm-none-eabi/lib/thumb/v7-m/nofp\libc_nano.a(libc_a-exit.o)
                              C:/ST/STM32CubeIDE_1.19.0/STM32CubeIDE/plugins/com.st.stm32cube.ide.mcu.externaltools.gnu-tools-for-stm32.13.3.rel1.win32_1.0.0.202411081344/tools/bin/../lib/gcc/arm-none-eabi/13.3.1/../../../../arm-none-eabi/lib/thumb/v7-m/nofp/crt0.o (exit)
C:/ST/STM32CubeIDE_1.19.0/STM32CubeIDE/plugins/com.st.stm32cube.ide.mcu.externaltools.gnu-tools-for-stm32.13.3.rel1.win32_1.0.0.202411081344/tools/bin/../lib/gcc/arm-none-eabi/13.3.1/../../../../arm-none-eabi/lib/thumb/v7-m/nofp\libc_nano.a(libc_a-nano-vfprintf_float.o)
                              (_printf_float)
C:/ST/STM32CubeIDE_1.19.0/STM32CubeIDE/plugins/com.st.stm32cube.ide.mcu.externaltools.gnu-tools-for-stm32.13.3.rel1.win32_1.0.0.202411081344/tools/bin/../lib/gcc/arm-none-eabi/13.3.1/../../../../arm-none-eabi/lib/thumb/v7-m/nofp\libc_nano.a(libc_a-nano-vfprintf_i.o)
                              C:/ST/STM32CubeIDE_1.19.0/STM32CubeIDE/plugins/com.st.stm32cube.ide.mcu.externaltools.gnu-tools-for-stm32.13.3.rel1.win32_1.0.0.202411081344/tools/bin/../lib/gcc/arm-none-eabi/13.3.1/../../../../arm-none-eabi/lib/thumb/v7-m/nofp\libc_nano.a(libc_a-nano-vfprintf_float.o) (_printf_common)
C:/ST/STM32CubeIDE_1.19.0/STM32CubeIDE/plugins/com.st.stm32cube.ide.mcu.externaltools.gnu-tools-for-stm32.13.3.rel1.win32_1.0.0.202411081344/tools/bin/../lib/gcc/arm-none-eabi/13.3.1/../../../../arm-none-eabi/lib/thumb/v7-m/nofp\libc_nano.a(libc_a-nano-vfscanf_float.o)
                              (_scanf_float)
C:/ST/STM32CubeIDE_1.19.0/STM32CubeIDE/plugins/com.st.stm32cube.ide.mcu.externaltools.gnu-tools-for-stm32.13.3.rel1.win32_1.0.0.202411081344/tools/bin/../lib/gcc/arm-none-eabi/13.3.1/../../../../arm-none-eabi/lib/thumb/v7-m/nofp\libc_nano.a(libc_a-findfp.o)
                              C:/ST/STM32CubeIDE_1.19.0/STM32CubeIDE/plugins/com.st.stm32cube.ide.mcu.externaltools.gnu-tools-for-stm32.13.3.rel1.win32_1.0.0.202411081344/tools/bin/../lib/gcc/arm-none-eabi/13.3.1/../../../../arm-none-eabi/lib/thumb/v7-m/nofp\libc_nano.a(libc_a-exit.o) (__stdio_exit_handler)
C:/ST/STM32CubeIDE_1.19.0/STM32CubeIDE/plugins/com.st.stm32cube.ide.mcu.externaltools.gnu-tools-for-stm32.13.3.rel1.win32_1.0.0.202411081344/tools/bin/../lib/gcc/arm-none-eabi/13.3.1/../../../../arm-none-eabi/lib/thumb/v7-m/nofp\libc_nano.a(libc_a-fwalk.o)
                              C:/ST/STM32CubeIDE_1.19.0/STM32CubeIDE/plugins/com.st.stm32cube.ide.mcu.externaltools.gnu-tools-for-stm32.13.3.rel1.win32_1.0.0.202411081344/tools/bin/../lib/gcc/arm-none-eabi/13.3.1/../../../../arm-none-eabi/lib/thumb/v7-m/nofp\libc_nano.a(libc_a-findfp.o) (_fwalk_sglue)
C:/ST/STM32CubeIDE_1.19.0/STM32CubeIDE/plugins/com.st.stm32cube.ide.mcu.externaltools.gnu-tools-for-stm32.13.3.rel1.win32_1.0.0.202411081344/tools/bin/../lib/gcc/arm-none-eabi/13.3.1/../../../../arm-none-eabi/lib/thumb/v7-m/nofp\libc_nano.a(libc_a-printf.o)
                              ./Core/Src/KF.o (printf)
C:/ST/STM32CubeIDE_1.19.0/STM32CubeIDE/plugins/com.st.stm32cube.ide.mcu.externaltools.gnu-tools-for-stm32.13.3.rel1.win32_1.0.0.202411081344/tools/bin/../lib/gcc/arm-none-eabi/13.3.1/../../../../arm-none-eabi/lib/thumb/v7-m/nofp\libc_nano.a(libc_a-puts.o)
                              ./Core/Src/inv_mpu.o (puts)
C:/ST/STM32CubeIDE_1.19.0/STM32CubeIDE/plugins/com.st.stm32cube.ide.mcu.externaltools.gnu-tools-for-stm32.13.3.rel1.win32_1.0.0.202411081344/tools/bin/../lib/gcc/arm-none-eabi/13.3.1/../../../../arm-none-eabi/lib/thumb/v7-m/nofp\libc_nano.a(libc_a-sprintf.o)
                              C:/ST/STM32CubeIDE_1.19.0/STM32CubeIDE/plugins/com.st.stm32cube.ide.mcu.externaltools.gnu-tools-for-stm32.13.3.rel1.win32_1.0.0.202411081344/tools/bin/../lib/gcc/arm-none-eabi/13.3.1/../../../../arm-none-eabi/lib/thumb/v7-m/nofp\libc_nano.a(libc_a-nano-vfscanf_float.o) (sprintf)
C:/ST/STM32CubeIDE_1.19.0/STM32CubeIDE/plugins/com.st.stm32cube.ide.mcu.externaltools.gnu-tools-for-stm32.13.3.rel1.win32_1.0.0.202411081344/tools/bin/../lib/gcc/arm-none-eabi/13.3.1/../../../../arm-none-eabi/lib/thumb/v7-m/nofp\libc_nano.a(libc_a-stdio.o)
                              C:/ST/STM32CubeIDE_1.19.0/STM32CubeIDE/plugins/com.st.stm32cube.ide.mcu.externaltools.gnu-tools-for-stm32.13.3.rel1.win32_1.0.0.202411081344/tools/bin/../lib/gcc/arm-none-eabi/13.3.1/../../../../arm-none-eabi/lib/thumb/v7-m/nofp\libc_nano.a(libc_a-findfp.o) (__sread)
C:/ST/STM32CubeIDE_1.19.0/STM32CubeIDE/plugins/com.st.stm32cube.ide.mcu.externaltools.gnu-tools-for-stm32.13.3.rel1.win32_1.0.0.202411081344/tools/bin/../lib/gcc/arm-none-eabi/13.3.1/../../../../arm-none-eabi/lib/thumb/v7-m/nofp\libc_nano.a(libc_a-wbuf.o)
[...]
Memory Configuration

Name             Origin             Length             Attributes
RAM              0x20000000         0x0000c000         xrw
FLASH            0x08000000         0x00040000         xr
*default*        0x00000000         0xffffffff

Linker script and memory map

LOAD C:/ST/STM32CubeIDE_1.19.0/STM32CubeIDE/plugins/com.st.stm32cube.ide.mcu.externaltools.gnu-tools-for-stm32.13.3.rel1.win32_1.0.0.202411081344/tools/bin/../lib/gcc/arm-none-eabi/13.3.1/thumb/v7-m/nofp/crti.o
LOAD C:/ST/STM32CubeIDE_1.19.0/STM32CubeIDE/plugins/com.st.stm32cube.ide.mcu.externaltools.gnu-tools-for-stm32.13.3.rel1.win32_1.0.0.202411081344/tools/bin/../lib/gcc/arm-none-eabi/13.3.1/thumb/v7-m/nofp/crtbegin.o
LOAD C:/ST/STM32CubeIDE_1.19.0/STM32CubeIDE/plugins/com.st.stm32cube.ide.mcu.externaltools.gnu-tools-for-stm32.13.3.rel1.win32_1.0.0.202411081344/tools/bin/../lib/gcc/arm-none-eabi/13.3.1/../../../../arm-none-eabi/lib/thumb/v7-m/nofp/crt0.o
LOAD ./Core/Inc/inv_mpu_dmp_motion_driver.o
LOAD ./Core/Src/IOI2C.o
LOAD ./Core/Src/KF.o
LOAD ./Core/Src/app_control.o
LOAD ./Core/Src/delay.o
LOAD ./Core/Src/encoder.o
LOAD ./Core/Src/filtrer.o
LOAD ./Core/Src/inv_mpu.o
LOAD ./Core/Src/key.o
LOAD ./Core/Src/led.o
LOAD ./Core/Src/main.o
LOAD ./Core/Src/motor.o
LOAD ./Core/Src/mpu6050.o
LOAD ./Core/Src/pid_control.o
LOAD ./Core/Src/stm32f1xx_hal_msp.o
LOAD ./Core/Src/stm32f1xx_it.o
LOAD ./Core/Src/syscalls.o
LOAD ./Core/Src/sysmem.o
LOAD ./Core/Src/system_stm32f1xx.o
LOAD ./Core/Startup/startup_stm32f103rctx.o
LOAD ./Drivers/STM32F1xx_HAL_Driver/Src/stm32f1xx_hal.o
LOAD ./Drivers/STM32F1xx_HAL_Driver/Src/stm32f1xx_hal_cortex.o
LOAD ./Drivers/STM32F1xx_HAL_Driver/Src/stm32f1xx_hal_dma.o
LOAD ./Drivers/STM32F1xx_HAL_Driver/Src/stm32f1xx_hal_exti.o
LOAD ./Drivers/STM32F1xx_HAL_Driver/Src/stm32f1xx_hal_flash.o
LOAD ./Drivers/STM32F1xx_HAL_Driver/Src/stm32f1xx_hal_flash_ex.o
LOAD ./Drivers/STM32F1xx_HAL_Driver/Src/stm32f1xx_hal_gpio.o
LOAD ./Drivers/STM32F1xx_HAL_Driver/Src/stm32f1xx_hal_gpio_ex.o
LOAD ./Drivers/STM32F1xx_HAL_Driver/Src/stm32f1xx_hal_pwr.o
LOAD ./Drivers/STM32F1xx_HAL_Driver/Src/stm32f1xx_hal_rcc.o
LOAD ./Drivers/STM32F1xx_HAL_Driver/Src/stm32f1xx_hal_rcc_ex.o
LOAD ./Drivers/STM32F1xx_HAL_Driver/Src/stm32f1xx_hal_tim.o
LOAD ./Drivers/STM32F1xx_HAL_Driver/Src/stm32f1xx_hal_tim_ex.o
LOAD ./Drivers/STM32F1xx_HAL_Driver/Src/stm32f1xx_hal_uart.o
START GROUP
END GROUP
START GROUP
LOAD C:/ST/STM32CubeIDE_1.19.0/STM32CubeIDE/plugins/com.st.stm32cube.ide.mcu.externaltools.gnu-tools-for-stm32.13.3.rel1.win32_1.0.0.202411081344/tools/bin/../lib/gcc/arm-none-eabi/13.3.1/../../../../arm-none-eabi/lib/thumb/v7-m/nofp\libc_nano.a
LOAD C:/ST/STM32CubeIDE_1.19.0/STM32CubeIDE/plugins/com.st.stm32cube.ide.mcu.externaltools.gnu-tools-for-stm32.13.3.rel1.win32_1.0.0.202411081344/tools/bin/../lib/gcc/arm-none-eabi/13.3.1/../../../../arm-none-eabi/lib/thumb/v7-m/nofp\libm.a
END GROUP
START GROUP
LOAD C:/ST/STM32CubeIDE_1.19.0/STM32CubeIDE/plugins/com.st.stm32cube.ide.mcu.externaltools.gnu-tools-for-stm32.13.3.rel1.win32_1.0.0.202411081344/tools/bin/../lib/gcc/arm-none-eabi/13.3.1/thumb/v7-m/nofp\libgcc.a
LOAD C:/ST/STM32CubeIDE_1.19.0/STM32CubeIDE/plugins/com.st.stm32cube.ide.mcu.externaltools.gnu-tools-for-stm32.13.3.rel1.win32_1.0.0.202411081344/tools/bin/../lib/gcc/arm-none-eabi/13.3.1/../../../../arm-none-eabi/lib/thumb/v7-m/nofp\libc_nano.a
END GROUP
START GROUP
LOAD C:/ST/STM32CubeIDE_1.19.0/STM32CubeIDE/plugins/com.st.stm32cube.ide.mcu.externaltools.gnu-tools-for-stm32.13.3.rel1.win32_1.0.0.202411081344/tools/bin/../lib/gcc/arm-none-eabi/13.3.1/thumb/v7-m/nofp\libgcc.a
LOAD C:/ST/STM32CubeIDE_1.19.0/STM32CubeIDE/plugins/com.st.stm32cube.ide.mcu.externaltools.gnu-tools-for-stm32.13.3.rel1.win32_1.0.0.202411081344/tools/bin/../lib/gcc/arm-none-eabi/13.3.1/../../../../arm-none-eabi/lib/thumb/v7-m/nofp\libc_nano.a
LOAD C:/ST/STM32CubeIDE_1.19.0/STM32CubeIDE/plugins/com.st.stm32cube.ide.mcu.externaltools.gnu-tools-for-stm32.13.3.rel1.win32_1.0.0.202411081344/tools/bin/../lib/gcc/arm-none-eabi/13.3.1/../../../../arm-none-eabi/lib/thumb/v7-m/nofp\libnosys.a
END GROUP
START GROUP
LOAD C:/ST/STM32CubeIDE_1.19.0/STM32CubeIDE/plugins/com.st.stm32cube.ide.mcu.externaltools.gnu-tools-for-stm32.13.3.rel1.win32_1.0.0.202411081344/tools/bin/../lib/gcc/arm-none-eabi/13.3.1/thumb/v7-m/nofp\libgcc.a
LOAD C:/ST/STM32CubeIDE_1.19.0/STM32CubeIDE/plugins/com.st.stm32cube.ide.mcu.externaltools.gnu-tools-for-stm32.13.3.rel1.win32_1.0.0.202411081344/tools/bin/../lib/gcc/arm-none-eabi/13.3.1/../../../../arm-none-eabi/lib/thumb/v7-m/nofp\libc_nano.a
LOAD C:/ST/STM32CubeIDE_1.19.0/STM32CubeIDE/plugins/com.st.stm32cube.ide.mcu.externaltools.gnu-tools-for-stm32.13.3.rel1.win32_1.0.0.202411081344/tools/bin/../lib/gcc/arm-none-eabi/13.3.1/../../../../arm-none-eabi/lib/thumb/v7-m/nofp\libnosys.a
END GROUP
LOAD C:/ST/STM32CubeIDE_1.19.0/STM32CubeIDE/plugins/com.st.stm32cube.ide.mcu.externaltools.gnu-tools-for-stm32.13.3.rel1.win32_1.0.0.202411081344/tools/bin/../lib/gcc/arm-none-eabi/13.3.1/thumb/v7-m/nofp/crtend.o
LOAD C:/ST/STM32CubeIDE_1.19.0/STM32CubeIDE/plugins/com.st.stm32cube.ide.mcu.externaltools.gnu-tools-for-stm32.13.3.rel1.win32_1.0.0.202411081344/tools/bin/../lib/gcc/arm-none-eabi/13.3.1/thumb/v7-m/nofp/crtn.o
                0x2000c000                        _estack = (ORIGIN (RAM) + LENGTH (RAM))
                0x00000200                        _Min_Heap_Size = 0x200
                0x00000400                        _Min_Stack_Size = 0x400

.isr_vector     0x08000000      0x1e4
                0x08000000                        . = ALIGN (0x4)
 *(.isr_vector)
 .isr_vector    0x08000000      0x1e4 ./Core/Startup/startup_stm32f103rctx.o
                0x08000000                g_pfnVectors
                0x080001e4                        . = ALIGN (0x4)

.text           0x080001e8     0xebe4
                0x080001e8                        . = ALIGN (0x4)
 *(.text)
 .text          0x080001e8       0x40 C:/ST/STM32CubeIDE_1.19.0/STM32CubeIDE/plugins/com.st.stm32cube.ide.mcu.externaltools.gnu-tools-for-stm32.13.3.rel1.win32_1.0.0.202411081344/tools/bin/../lib/gcc/arm-none-eabi/13.3.1/thumb/v7-m/nofp/crtbegin.o
 .text          0x08000228       0x10 C:/ST/STM32CubeIDE_1.19.0/STM32CubeIDE/plugins/com.st.stm32cube.ide.mcu.externaltools.gnu-tools-for-stm32.13.3.rel1.win32_1.0.0.202411081344/tools/bin/../lib/gcc/arm-none-eabi/13.3.1/../../../../arm-none-eabi/lib/thumb/v7-m/nofp\libc_nano.a(libc_a-strlen.o)
                0x08000228                strlen
 .text          0x08000238      0x378 C:/ST/STM32CubeIDE_1.19.0/STM32CubeIDE/plugins/com.st.stm32cube.ide.mcu.externaltools.gnu-tools-for-stm32.13.3.rel1.win32_1.0.0.202411081344/tools/bin/../lib/gcc/arm-none-eabi/13.3.1/thumb/v7-m/nofp\libgcc.a(_arm_addsubdf3.o)
                0x08000238                __aeabi_drsub
                0x08000240                __aeabi_dsub
                0x08000240                __subdf3
                0x08000244                __aeabi_dadd
                0x08000244                __adddf3
                0x080004bc                __floatunsidf
                0x080004bc                __aeabi_ui2d
                0x080004dc                __floatsidf
                0x080004dc                __aeabi_i2d
                0x08000500                __aeabi_f2d
                0x08000500                __extendsfdf2
                0x08000544                __floatundidf
                0x08000544                __aeabi_ul2d
                0x08000554                __floatdidf
                0x08000554                __aeabi_l2d
 .text          0x080005b0      0x424 C:/ST/STM32CubeIDE_1.19.0/STM32CubeIDE/plugins/com.st.stm32cube.ide.mcu.externaltools.gnu-tools-for-stm32.13.3.rel1.win32_1.0.0.202411081344/tools/bin/../lib/gcc/arm-none-eabi/13.3.1/thumb/v7-m/nofp\libgcc.a(_arm_muldivdf3.o)
                0x080005b0                __aeabi_dmul
                0x080005b0                __muldf3
                0x08000804                __divdf3
                0x08000804                __aeabi_ddiv
 .text          0x080009d4      0x110 C:/ST/STM32CubeIDE_1.19.0/STM32CubeIDE/plugins/com.st.stm32cube.ide.mcu.externaltools.gnu-tools-for-stm32.13.3.rel1.win32_1.0.0.202411081344/tools/bin/../lib/gcc/arm-none-eabi/13.3.1/thumb/v7-m/nofp\libgcc.a(_arm_cmpdf2.o)
                0x080009d4                __gtdf2
                0x080009d4                __gedf2
                0x080009dc                __ltdf2
                0x080009dc                __ledf2
                0x080009e4                __nedf2
                0x080009e4                __eqdf2
                0x080009e4                __cmpdf2
                0x08000a60                __aeabi_cdrcmple
                0x08000a70                __aeabi_cdcmpeq
                0x08000a70                __aeabi_cdcmple
                0x08000a80                __aeabi_dcmpeq
                0x08000a94                __aeabi_dcmplt
                0x08000aa8                __aeabi_dcmple
                0x08000abc                __aeabi_dcmpge
                0x08000ad0                __aeabi_dcmpgt
 .text          0x08000ae4       0x2c C:/ST/STM32CubeIDE_1.19.0/STM32CubeIDE/plugins/com.st.stm32cube.ide.mcu.externaltools.gnu-tools-for-stm32.13.3.rel1.win32_1.0.0.202411081344/tools/bin/../lib/gcc/arm-none-eabi/13.3.1/thumb/v7-m/nofp\libgcc.a(_arm_unorddf2.o)
                0x08000ae4                __unorddf2
                0x08000ae4                __aeabi_dcmpun
 .text          0x08000b10       0x50 C:/ST/STM32CubeIDE_1.19.0/STM32CubeIDE/plugins/com.st.stm32cube.ide.mcu.externaltools.gnu-tools-for-stm32.13.3.rel1.win32_1.0.0.202411081344/tools/bin/../lib/gcc/arm-none-eabi/13.3.1/thumb/v7-m/nofp\libgcc.a(_arm_fixdfsi.o)
                0x08000b10                __aeabi_d2iz
                0x08000b10                __fixdfsi
 .text          0x08000b60       0x40 C:/ST/STM32CubeIDE_1.19.0/STM32CubeIDE/plugins/com.st.stm32cube.ide.mcu.externaltools.gnu-tools-for-stm32.13.3.rel1.win32_1.0.0.202411081344/tools/bin/../lib/gcc/arm-none-eabi/13.3.1/thumb/v7-m/nofp\libgcc.a(_arm_fixunsdfsi.o)
                0x08000b60                __aeabi_d2uiz
                0x08000b60                __fixunsdfsi
 .text          0x08000ba0       0xa0 C:/ST/STM32CubeIDE_1.19.0/STM32CubeIDE/plugins/com.st.stm32cube.ide.mcu.externaltools.gnu-tools-for-stm32.13.3.rel1.win32_1.0.0.202411081344/tools/bin/../lib/gcc/arm-none-eabi/13.3.1/thumb/v7-m/nofp\libgcc.a(_arm_truncdfsf2.o)
                0x08000ba0                __truncdfsf2
                0x08000ba0                __aeabi_d2f
 .text          0x08000c40      0x21c C:/ST/STM32CubeIDE_1.19.0/STM32CubeIDE/plugins/com.st.stm32cube.ide.mcu.externaltools.gnu-tools-for-stm32.13.3.rel1.win32_1.0.0.202411081344/tools/bin/../lib/gcc/arm-none-eabi/13.3.1/thumb/v7-m/nofp\libgcc.a(_arm_addsubsf3.o)
                0x08000c40                __aeabi_frsub
                0x08000c48                __subsf3
                0x08000c48                __aeabi_fsub
                0x08000c4c                __aeabi_fadd
                0x08000c4c                __addsf3
                0x08000dac                __aeabi_ui2f
                0x08000dac                __floatunsisf
                0x08000db4                __aeabi_i2f
                0x08000db4                __floatsisf
                0x08000dd0                __aeabi_ul2f
                0x08000dd0                __floatundisf
                0x08000de0                __aeabi_l2f
                0x08000de0                __floatdisf
 .text          0x08000e5c      0x2a0 C:/ST/STM32CubeIDE_1.19.0/STM32CubeIDE/plugins/com.st.stm32cube.ide.mcu.externaltools.gnu-tools-for-stm32.13.3.rel1.win32_1.0.0.202411081344/tools/bin/../lib/gcc/arm-none-eabi/13.3.1/thumb/v7-m/nofp\libgcc.a(_arm_muldivsf3.o)
                0x08000e5c                __mulsf3
                0x08000e5c                __aeabi_fmul
                0x08000fc4                __aeabi_fdiv
                0x08000fc4                __divsf3
 .text          0x080010fc       0xec C:/ST/STM32CubeIDE_1.19.0/STM32CubeIDE/plugins/com.st.stm32cube.ide.mcu.externaltools.gnu-tools-for-stm32.13.3.rel1.win32_1.0.0.202411081344/tools/bin/../lib/gcc/arm-none-eabi/13.3.1/thumb/v7-m/nofp\libgcc.a(_arm_cmpsf2.o)
                0x080010fc                __gesf2
                0x080010fc                __gtsf2
                0x08001104                __lesf2
                0x08001104                __ltsf2
                0x0800110c                __nesf2
                0x0800110c                __eqsf2
                0x0800110c                __cmpsf2
                0x0800116c                __aeabi_cfrcmple
                0x08001174                __aeabi_cfcmpeq
                0x08001174                __aeabi_cfcmple
                0x08001184                __aeabi_fcmpeq
                0x08001198                __aeabi_fcmplt
                0x080011ac                __aeabi_fcmple
                0x080011c0                __aeabi_fcmpge
                0x080011d4                __aeabi_fcmpgt
 .text          0x080011e8       0x4c C:/ST/STM32CubeIDE_1.19.0/STM32CubeIDE/plugins/com.st.stm32cube.ide.mcu.externaltools.gnu-tools-for-stm32.13.3.rel1.win32_1.0.0.202411081344/tools/bin/../lib/gcc/arm-none-eabi/13.3.1/thumb/v7-m/nofp\libgcc.a(_arm_fixsfsi.o)
                0x080011e8                __aeabi_f2iz
                0x080011e8                __fixsfsi
 .text          0x08001234       0x40 C:/ST/STM32CubeIDE_1.19.0/STM32CubeIDE/plugins/com.st.stm32cube.ide.mcu.externaltools.gnu-tools-for-stm32.13.3.rel1.win32_1.0.0.202411081344/tools/bin/../lib/gcc/arm-none-eabi/13.3.1/thumb/v7-m/nofp\libgcc.a(_arm_fixunssfsi.o)
                0x08001234                __fixunssfsi
                0x08001234                __aeabi_f2uiz
 .text          0x08001274       0xa0 C:/ST/STM32CubeIDE_1.19.0/STM32CubeIDE/plugins/com.st.stm32cube.ide.mcu.externaltools.gnu-tools-for-stm32.13.3.rel1.win32_1.0.0.202411081344/tools/bin/../lib/gcc/arm-none-eabi/13.3.1/thumb/v7-m/nofp\libgcc.a(_aeabi_ldivmod.o)
                0x08001274                __aeabi_ldivmod
 .text          0x08001314       0x30 C:/ST/STM32CubeIDE_1.19.0/STM32CubeIDE/plugins/com.st.stm32cube.ide.mcu.externaltools.gnu-tools-for-stm32.13.3.rel1.win32_1.0.0.202411081344/tools/bin/../lib/gcc/arm-none-eabi/13.3.1/thumb/v7-m/nofp\libgcc.a(_fixdfdi.o)
                0x08001314                __fixdfdi
                0x08001314                __aeabi_d2lz
 .text          0x08001344       0x3c C:/ST/STM32CubeIDE_1.19.0/STM32CubeIDE/plugins/com.st.stm32cube.ide.mcu.externaltools.gnu-tools-for-stm32.13.3.rel1.win32_1.0.0.202411081344/tools/bin/../lib/gcc/arm-none-eabi/13.3.1/thumb/v7-m/nofp\libgcc.a(_fixunsdfdi.o)
                0x08001344                __fixunsdfdi
                0x08001344                __aeabi_d2ulz
 .text          0x08001380      0x300 C:/ST/STM32CubeIDE_1.19.0/STM32CubeIDE/plugins/com.st.stm32cube.ide.mcu.externaltools.gnu-tools-for-stm32.13.3.rel1.win32_1.0.0.202411081344/tools/bin/../lib/gcc/arm-none-eabi/13.3.1/thumb/v7-m/nofp\libgcc.a(_udivmoddi4.o)
                0x08001380                __udivmoddi4
 .text          0x08001680        0x4 C:/ST/STM32CubeIDE_1.19.0/STM32CubeIDE/plugins/com.st.stm32cube.ide.mcu.externaltools.gnu-tools-for-stm32.13.3.rel1.win32_1.0.0.202411081344/tools/bin/../lib/gcc/arm-none-eabi/13.3.1/thumb/v7-m/nofp\libgcc.a(_dvmd_tls.o)
                0x08001680                __aeabi_idiv0
                0x08001680                __aeabi_ldiv0
 *(.text*)
 .text.dmp_load_motion_driver_firmware
                0x08001684       0x20 ./Core/Inc/inv_mpu_dmp_motion_driver.o
                0x08001684                dmp_load_motion_driver_firmware
 .text.dmp_set_orientation
                0x080016a4      0x1d8 ./Core/Inc/inv_mpu_dmp_motion_driver.o
                0x080016a4                dmp_set_orientation
 .text.dmp_set_gyro_bias
                0x0800187c      0x214 ./Core/Inc/inv_mpu_dmp_motion_driver.o
                0x0800187c                dmp_set_gyro_bias
 .text.dmp_set_accel_bias
                0x08001a90      0x208 ./Core/Inc/inv_mpu_dmp_motion_driver.o
                0x08001a90                dmp_set_accel_bias
 .text.dmp_set_fifo_rate
                0x08001c98       0x90 ./Core/Inc/inv_mpu_dmp_motion_driver.o
                0x08001c98                dmp_set_fifo_rate
 .text.dmp_set_tap_thresh
                0x08001d28      0x254 ./Core/Inc/inv_mpu_dmp_motion_driver.o
                0x08001d28                dmp_set_tap_thresh
 .text.dmp_set_tap_axes
                0x08001f7c       0x64 ./Core/Inc/inv_mpu_dmp_motion_driver.o
                0x08001f7c                dmp_set_tap_axes
 .text.dmp_set_tap_count
                0x08001fe0       0x42 ./Core/Inc/inv_mpu_dmp_motion_driver.o
                0x08001fe0                dmp_set_tap_count
 *fill*         0x08002022        0x2 
 .text.dmp_set_tap_time
                0x08002024       0x44 ./Core/Inc/inv_mpu_dmp_motion_driver.o
                0x08002024                dmp_set_tap_time
 .text.dmp_set_tap_time_multi
                0x08002068       0x44 ./Core/Inc/inv_mpu_dmp_motion_driver.o
                0x08002068                dmp_set_tap_time_multi
 .text.dmp_set_shake_reject_thresh
                0x080020ac       0x60 ./Core/Inc/inv_mpu_dmp_motion_driver.o
                0x080020ac                dmp_set_shake_reject_thresh
 .text.dmp_set_shake_reject_time
                0x0800210c       0x44 ./Core/Inc/inv_mpu_dmp_motion_driver.o
                0x0800210c                dmp_set_shake_reject_time
 .text.dmp_set_shake_reject_timeout
                0x08002150       0x44 ./Core/Inc/inv_mpu_dmp_motion_driver.o
                0x08002150                dmp_set_shake_reject_timeout
 .text.dmp_enable_feature
                0x08002194      0x250 ./Core/Inc/inv_mpu_dmp_motion_driver.o
                0x08002194                dmp_enable_feature
 .text.dmp_enable_gyro_cal
                0x080023e4       0x60 ./Core/Inc/inv_mpu_dmp_motion_driver.o
                0x080023e4                dmp_enable_gyro_cal
 .text.dmp_enable_lp_quat
                0x08002444       0x4e ./Core/Inc/inv_mpu_dmp_motion_driver.o
                0x08002444                dmp_enable_lp_quat
 .text.dmp_enable_6x_lp_quat
                0x08002492       0x4e ./Core/Inc/inv_mpu_dmp_motion_driver.o
                0x08002492                dmp_enable_6x_lp_quat
 .text.decode_gesture
                0x080024e0       0x88 ./Core/Inc/inv_mpu_dmp_motion_driver.o
 .text.dmp_read_fifo
                0x08002568      0x2e4 ./Core/Inc/inv_mpu_dmp_motion_driver.o
                0x08002568                dmp_read_fifo
 .text.SDA_OUT  0x0800284c       0x3c ./Core/Src/IOI2C.o
                0x0800284c                SDA_OUT
 .text.SDA_IN   0x08002888       0x38 ./Core/Src/IOI2C.o
                0x08002888                SDA_IN
 .text.IIC_Start
                0x080028c0       0x58 ./Core/Src/IOI2C.o
                0x080028c0                IIC_Start
 .text.IIC_Stop
                0x08002918       0x38 ./Core/Src/IOI2C.o
                0x08002918                IIC_Stop
 .text.IIC_Wait_Ack
                0x08002950       0x68 ./Core/Src/IOI2C.o
                0x08002950                IIC_Wait_Ack
 .text.IIC_Ack  0x080029b8       0x38 ./Core/Src/IOI2C.o
                0x080029b8                IIC_Ack
 .text.IIC_NAck
                0x080029f0       0x38 ./Core/Src/IOI2C.o
                0x080029f0                IIC_NAck
 .text.IIC_Send_Byte
                0x08002a28       0x68 ./Core/Src/IOI2C.o
                0x08002a28                IIC_Send_Byte
 .text.i2cWrite
                0x08002a90       0x8e ./Core/Src/IOI2C.o
                0x08002a90                i2cWrite
 .text.i2cRead  0x08002b1e       0xaa ./Core/Src/IOI2C.o
                0x08002b1e                i2cRead
 .text.IIC_Read_Byte
                0x08002bc8       0x74 ./Core/Src/IOI2C.o
                0x08002bc8                IIC_Read_Byte
 .text.I2C_ReadOneByte
                0x08002c3c       0x6e ./Core/Src/IOI2C.o
                0x08002c3c                I2C_ReadOneByte
 .text.IICreadBytes
                0x08002caa       0x96 ./Core/Src/IOI2C.o
                0x08002caa                IICreadBytes
 .text.IICwriteBytes
                0x08002d40       0x68 ./Core/Src/IOI2C.o
                0x08002d40                IICwriteBytes
 .text.IICreadByte
                0x08002da8       0x2e ./Core/Src/IOI2C.o
                0x08002da8                IICreadByte
 .text.IICwriteByte
                0x08002dd6       0x28 ./Core/Src/IOI2C.o
                0x08002dd6                IICwriteByte
 .text.IICwriteBits
                0x08002dfe       0xac ./Core/Src/IOI2C.o
                0x08002dfe                IICwriteBits
 .text.IICwriteBit
                0x08002eaa       0x78 ./Core/Src/IOI2C.o
                0x08002eaa                IICwriteBit
 *fill*         0x08002f22        0x2 
 .text.KF_X     0x08002f24      0x3b4 ./Core/Src/KF.o
                0x08002f24                KF_X
 .text.KF_Y     0x080032d8      0x3b4 ./Core/Src/KF.o
                0x080032d8                KF_Y
 .text.mul      0x0800368c      0x148 ./Core/Src/KF.o
                0x0800368c                mul
 .text.HAL_GPIO_EXTI_Callback
                0x080037d4      0x100 ./Core/Src/app_control.o
                0x080037d4                HAL_GPIO_EXTI_Callback
 *fill*         0x080038d4        0x4 
 .text.Get_Angle
                0x080038d8      0x22c ./Core/Src/app_control.o
                0x080038d8                Get_Angle
 .text.Read_MPU6050_Burst
                0x08003b04      0x178 ./Core/Src/app_control.o
                0x08003b04                Read_MPU6050_Burst
 .text.HAL_InitTick
                0x08003c7c       0x58 ./Core/Src/delay.o
                0x08003c7c                HAL_InitTick
 .text.HAL_GetTick
                0x08003cd4       0x28 ./Core/Src/delay.o
                0x08003cd4                HAL_GetTick
 .text.HAL_Delay
                0x08003cfc      0x10c ./Core/Src/delay.o
                0x08003cfc                HAL_Delay
 .text.delay_init
                0x08003e08       0x5c ./Core/Src/delay.o
                0x08003e08                delay_init
 .text.delay_us
                0x08003e64       0x12 ./Core/Src/delay.o
                0x08003e64                delay_us
 *fill*         0x08003e76        0x2 
 .text.delay_ms
                0x08003e78       0x6c ./Core/Src/delay.o
                0x08003e78                delay_ms
 .text.Encoder_Init_TIM3
                0x08003ee4       0x20 ./Core/Src/encoder.o
                0x08003ee4                Encoder_Init_TIM3
 .text.Encoder_Init_TIM4
                0x08003f04       0x20 ./Core/Src/encoder.o
                0x08003f04                Encoder_Init_TIM4
 .text.Read_Encoder
                0x08003f24       0x50 ./Core/Src/encoder.o
                0x08003f24                Read_Encoder
 .text.Complementary_Filter_x
                0x08003f74       0x78 ./Core/Src/filtrer.o
                0x08003f74                Complementary_Filter_x
 .text.Complementary_Filter_y
                0x08003fec       0x78 ./Core/Src/filtrer.o
                0x08003fec                Complementary_Filter_y
 .text.set_int_enable
                0x08004064       0xb4 ./Core/Src/inv_mpu.o
 .text.mpu_init
                0x08004118      0x22c ./Core/Src/inv_mpu.o
                0x08004118                mpu_init
 .text.mpu_lp_accel_mode
                0x08004344       0xfc ./Core/Src/inv_mpu.o
                0x08004344                mpu_lp_accel_mode
 .text.mpu_reset_fifo
                0x08004440      0x1fc ./Core/Src/inv_mpu.o
                0x08004440                mpu_reset_fifo
 .text.mpu_get_gyro_fsr
                0x0800463c       0x68 ./Core/Src/inv_mpu.o
                0x0800463c                mpu_get_gyro_fsr
 .text.mpu_set_gyro_fsr
                0x080046a4       0xa8 ./Core/Src/inv_mpu.o
                0x080046a4                mpu_set_gyro_fsr
 .text.mpu_get_accel_fsr
                0x0800474c       0x74 ./Core/Src/inv_mpu.o
                0x0800474c                mpu_get_accel_fsr
 .text.mpu_set_accel_fsr
                0x080047c0       0xd0 ./Core/Src/inv_mpu.o
                0x080047c0                mpu_set_accel_fsr
 .text.mpu_get_lpf
                0x08004890       0x78 ./Core/Src/inv_mpu.o
                0x08004890                mpu_get_lpf
 .text.mpu_set_lpf
                0x08004908       0x9c ./Core/Src/inv_mpu.o
                0x08004908                mpu_set_lpf
 .text.mpu_get_sample_rate
                0x080049a4       0x30 ./Core/Src/inv_mpu.o
                0x080049a4                mpu_get_sample_rate
 .text.mpu_set_sample_rate
                0x080049d4       0xcc ./Core/Src/inv_mpu.o
                0x080049d4                mpu_set_sample_rate
 .text.mpu_get_gyro_sens
                0x08004aa0       0x70 ./Core/Src/inv_mpu.o
                0x08004aa0                mpu_get_gyro_sens
 .text.mpu_get_accel_sens
                0x08004b10       0x7c ./Core/Src/inv_mpu.o
                0x08004b10                mpu_get_accel_sens
 .text.mpu_get_fifo_config
                0x08004b8c       0x20 ./Core/Src/inv_mpu.o
                0x08004b8c                mpu_get_fifo_config
 .text.mpu_configure_fifo
                0x08004bac       0xa4 ./Core/Src/inv_mpu.o
                0x08004bac                mpu_configure_fifo
 .text.mpu_set_sensors
                0x08004c50      0x10c ./Core/Src/inv_mpu.o
                0x08004c50                mpu_set_sensors
 .text.mpu_read_fifo_stream
                0x08004d5c      0x100 ./Core/Src/inv_mpu.o
                0x08004d5c                mpu_read_fifo_stream
 .text.mpu_set_bypass
                0x08004e5c      0x18c ./Core/Src/inv_mpu.o
                0x08004e5c                mpu_set_bypass
 .text.mpu_set_int_latched
                0x08004fe8       0x88 ./Core/Src/inv_mpu.o
                0x08004fe8                mpu_set_int_latched
 .text.get_accel_prod_shift
                0x08005070      0x118 ./Core/Src/inv_mpu.o
 .text.accel_self_test
                0x08005188      0x108 ./Core/Src/inv_mpu.o
 .text.gyro_self_test
                0x08005290      0x178 ./Core/Src/inv_mpu.o
 .text.get_st_biases
                0x08005408      0x6f4 ./Core/Src/inv_mpu.o
 .text.mpu_run_self_test
                0x08005afc      0x1a8 ./Core/Src/inv_mpu.o
                0x08005afc                mpu_run_self_test
 .text.mpu_write_mem
                0x08005ca4       0xa4 ./Core/Src/inv_mpu.o
                0x08005ca4                mpu_write_mem
 .text.mpu_read_mem
                0x08005d48       0xa4 ./Core/Src/inv_mpu.o
                0x08005d48                mpu_read_mem
 .text.mpu_load_firmware
                0x08005dec       0xfc ./Core/Src/inv_mpu.o
                0x08005dec                mpu_load_firmware
 .text.mpu_set_dmp_state
                0x08005ee8       0xa8 ./Core/Src/inv_mpu.o
                0x08005ee8                mpu_set_dmp_state
 .text.myget_ms
                0x08005f90       0x12 ./Core/Src/inv_mpu.o
                0x08005f90                myget_ms
 *fill*         0x08005fa2        0x2 
 .text.Key1_is_Press
                0x08005fa4       0x24 ./Core/Src/key.o
 .text.Key1_State
                0x08005fc8       0x64 ./Core/Src/key.o
                0x08005fc8                Key1_State
 .text._write   0x0800602c       0x2c ./Core/Src/main.o
                0x0800602c                _write
 .text.main     0x08006058      0x1f4 ./Core/Src/main.o
                0x08006058                main
 .text.SystemClock_Config
                0x0800624c       0x76 ./Core/Src/main.o
                0x0800624c                SystemClock_Config
 *fill*         0x080062c2        0x2 
 .text.MX_TIM3_Init
                0x080062c4       0xa8 ./Core/Src/main.o
 .text.MX_TIM4_Init
                0x0800636c       0xa8 ./Core/Src/main.o
 .text.MX_TIM6_Init
                0x08006414       0x6c ./Core/Src/main.o
 .text.MX_TIM8_Init
                0x08006480      0x150 ./Core/Src/main.o
 .text.MX_USART1_UART_Init
                0x080065d0       0x54 ./Core/Src/main.o
 .text.MX_GPIO_Init
                0x08006624      0x100 ./Core/Src/main.o
 .text.Error_Handler
                0x08006724        0xc ./Core/Src/main.o
                0x08006724                Error_Handler
 .text.PWM_Ignore
                0x08006730       0x30 ./Core/Src/motor.o
                0x08006730                PWM_Ignore
 .text.Set_Pwm  0x08006760       0x94 ./Core/Src/motor.o
                0x08006760                Set_Pwm
 .text.PWM_Limit
                0x080067f4       0x34 ./Core/Src/motor.o
                0x080067f4                PWM_Limit
 .text.Get_Velocity_Form_Encoder
                0x08006828      0x17c ./Core/Src/motor.o
                0x08006828                Get_Velocity_Form_Encoder
 *fill*         0x080069a4        0x4 
 .text.Turn_Off
                0x080069a8       0x5c ./Core/Src/motor.o
                0x080069a8                Turn_Off
 .text.Motor_start
                0x08006a04       0x2c ./Core/Src/motor.o
                0x08006a04                Motor_start
 .text.__NVIC_SystemReset
                0x08006a30       0x2c ./Core/Src/mpu6050.o
 .text.inv_row_2_scale
                0x08006a5c       0x80 ./Core/Src/mpu6050.o
 .text.inv_orientation_matrix_to_scalar
                0x08006adc       0x50 ./Core/Src/mpu6050.o
 .text.run_self_test
                0x08006b2c       0xca ./Core/Src/mpu6050.o
 .text.MPU6050_setClockSource
                0x08006bf6       0x22 ./Core/Src/mpu6050.o
                0x08006bf6                MPU6050_setClockSource
 .text.MPU6050_setFullScaleGyroRange
                0x08006c18       0x22 ./Core/Src/mpu6050.o
                0x08006c18                MPU6050_setFullScaleGyroRange
 .text.MPU6050_setFullScaleAccelRange
                0x08006c3a       0x22 ./Core/Src/mpu6050.o
                0x08006c3a                MPU6050_setFullScaleAccelRange
 .text.MPU6050_setSleepEnabled
                0x08006c5c       0x1e ./Core/Src/mpu6050.o
                0x08006c5c                MPU6050_setSleepEnabled
 .text.MPU6050_setI2CMasterModeEnabled
                0x08006c7a       0x1e ./Core/Src/mpu6050.o
                0x08006c7a                MPU6050_setI2CMasterModeEnabled
 .text.MPU6050_setI2CBypassEnabled
                0x08006c98       0x1e ./Core/Src/mpu6050.o
                0x08006c98                MPU6050_setI2CBypassEnabled
 .text.MPU6050_initialize
                0x08006cb6       0x2c ./Core/Src/mpu6050.o
                0x08006cb6                MPU6050_initialize
 *fill*         0x08006ce2        0x2 
 .text.DMP_Init
                0x08006ce4      0x110 ./Core/Src/mpu6050.o
                0x08006ce4                DMP_Init
 *fill*         0x08006df4        0x4 
 .text.Read_DMP
                0x08006df8      0x31c ./Core/Src/mpu6050.o
                0x08006df8                Read_DMP
 .text.MPU6050_EXTI_Init
                0x08007114       0x58 ./Core/Src/mpu6050.o
                0x08007114                MPU6050_EXTI_Init
 .text.myabs    0x0800716c       0x26 ./Core/Src/pid_control.o
                0x0800716c                myabs
 *fill*         0x08007192        0x2 
 .text.Balance_PD
                0x08007194       0x94 ./Core/Src/pid_control.o
                0x08007194                Balance_PD
 .text.Velocity_PI
                0x08007228      0x1b4 ./Core/Src/pid_control.o
                0x08007228                Velocity_PI
 .text.Turn_PD  0x080073dc       0x98 ./Core/Src/pid_control.o
                0x080073dc                Turn_PD
 .text.HAL_MspInit
                0x08007474       0x64 ./Core/Src/stm32f1xx_hal_msp.o
                0x08007474                HAL_MspInit
 .text.HAL_TIM_Encoder_MspInit
                0x080074d8       0xd8 ./Core/Src/stm32f1xx_hal_msp.o
                0x080074d8                HAL_TIM_Encoder_MspInit
 .text.HAL_TIM_Base_MspInit
                0x080075b0       0x4c ./Core/Src/stm32f1xx_hal_msp.o
                0x080075b0                HAL_TIM_Base_MspInit
 .text.HAL_TIM_PWM_MspInit
                0x080075fc       0x3c ./Core/Src/stm32f1xx_hal_msp.o
                0x080075fc                HAL_TIM_PWM_MspInit
 .text.HAL_TIM_MspPostInit
                0x08007638       0x68 ./Core/Src/stm32f1xx_hal_msp.o
                0x08007638                HAL_TIM_MspPostInit
 .text.HAL_UART_MspInit
                0x080076a0       0x98 ./Core/Src/stm32f1xx_hal_msp.o
                0x080076a0                HAL_UART_MspInit
 .text.NMI_Handler
                0x08007738        0x8 ./Core/Src/stm32f1xx_it.o
                0x08007738                NMI_Handler
 .text.HardFault_Handler
                0x08007740        0x8 ./Core/Src/stm32f1xx_it.o
                0x08007740                HardFault_Handler
 .text.MemManage_Handler
                0x08007748        0x8 ./Core/Src/stm32f1xx_it.o
                0x08007748                MemManage_Handler
 .text.BusFault_Handler
                0x08007750        0x8 ./Core/Src/stm32f1xx_it.o
                0x08007750                BusFault_Handler
 .text.UsageFault_Handler
                0x08007758        0x8 ./Core/Src/stm32f1xx_it.o
                0x08007758                UsageFault_Handler
 .text.SVC_Handler
                0x08007760        0xc ./Core/Src/stm32f1xx_it.o
                0x08007760                SVC_Handler
 .text.DebugMon_Handler
                0x0800776c        0xc ./Core/Src/stm32f1xx_it.o
                0x0800776c                DebugMon_Handler
 .text.PendSV_Handler
                0x08007778        0xc ./Core/Src/stm32f1xx_it.o
                0x08007778                PendSV_Handler
 .text.SysTick_Handler
                0x08007784        0xc ./Core/Src/stm32f1xx_it.o
                0x08007784                SysTick_Handler
 .text.EXTI15_10_IRQHandler
                0x08007790       0x10 ./Core/Src/stm32f1xx_it.o
                0x08007790                EXTI15_10_IRQHandler
 .text.TIM6_IRQHandler
                0x080077a0       0x14 ./Core/Src/stm32f1xx_it.o
                0x080077a0                TIM6_IRQHandler
 .text._getpid  0x080077b4        0xe ./Core/Src/syscalls.o
                0x080077b4                _getpid
 .text._kill    0x080077c2       0x20 ./Core/Src/syscalls.o
                0x080077c2                _kill
 .text._exit    0x080077e2       0x16 ./Core/Src/syscalls.o
                0x080077e2                _exit
 .text._read    0x080077f8       0x3a ./Core/Src/syscalls.o
                0x080077f8                _read
 .text._close   0x08007832       0x16 ./Core/Src/syscalls.o
                0x08007832                _close
 .text._fstat   0x08007848       0x1e ./Core/Src/syscalls.o
                0x08007848                _fstat
 .text._isatty  0x08007866       0x14 ./Core/Src/syscalls.o
                0x08007866                _isatty
 .text._lseek   0x0800787a       0x18 ./Core/Src/syscalls.o
                0x0800787a                _lseek
 *fill*         0x08007892        0x2 
 .text._sbrk    0x08007894       0x6c ./Core/Src/sysmem.o
                0x08007894                _sbrk
 .text.SystemInit
                0x08007900        0xc ./Core/Src/system_stm32f1xx.o
                0x08007900                SystemInit
 .text.Reset_Handler
                0x0800790c       0x48 ./Core/Startup/startup_stm32f103rctx.o
                0x0800790c                Reset_Handler
 .text.Default_Handler
                0x08007954        0x2 ./Core/Startup/startup_stm32f103rctx.o
                0x08007954                RTC_Alarm_IRQHandler
                0x08007954                EXTI2_IRQHandler
                0x08007954                TIM8_TRG_COM_IRQHandler
                0x08007954                TIM8_CC_IRQHandler
                0x08007954                TIM1_CC_IRQHandler
                0x08007954                PVD_IRQHandler
                0x08007954                SDIO_IRQHandler
                0x08007954                EXTI3_IRQHandler
                0x08007954                EXTI0_IRQHandler
                0x08007954                I2C2_EV_IRQHandler
                0x08007954                ADC1_2_IRQHandler
                0x08007954                SPI1_IRQHandler
                0x08007954                TAMPER_IRQHandler
                0x08007954                TIM8_UP_IRQHandler
                0x08007954                DMA2_Channel2_IRQHandler
                0x08007954                DMA1_Channel4_IRQHandler
                0x08007954                USART3_IRQHandler
                0x08007954                RTC_IRQHandler
                0x08007954                DMA1_Channel7_IRQHandler
                0x08007954                CAN1_RX1_IRQHandler
                0x08007954                UART5_IRQHandler
                0x08007954                ADC3_IRQHandler
                0x08007954                TIM4_IRQHandler
                0x08007954                DMA2_Channel1_IRQHandler
                0x08007954                I2C1_EV_IRQHandler
                0x08007954                DMA1_Channel6_IRQHandler
                0x08007954                UART4_IRQHandler
                0x08007954                TIM3_IRQHandler
                0x08007954                RCC_IRQHandler
                0x08007954                TIM1_TRG_COM_IRQHandler
                0x08007954                DMA1_Channel1_IRQHandler
                0x08007954                Default_Handler
                0x08007954                TIM7_IRQHandler
                0x08007954                TIM5_IRQHandler
                0x08007954                EXTI9_5_IRQHandler
                0x08007954                SPI2_IRQHandler
                0x08007954                DMA1_Channel5_IRQHandler
                0x08007954                EXTI4_IRQHandler
                0x08007954                USB_LP_CAN1_RX0_IRQHandler
                0x08007954                USB_HP_CAN1_TX_IRQHandler
                0x08007954                DMA1_Channel3_IRQHandler
                0x08007954                FSMC_IRQHandler
                0x08007954                TIM1_UP_IRQHandler
                0x08007954                WWDG_IRQHandler
                0x08007954                TIM2_IRQHandler
                0x08007954                TIM1_BRK_IRQHandler
                0x08007954                EXTI1_IRQHandler
                0x08007954                DMA2_Channel4_5_IRQHandler
                0x08007954                USART2_IRQHandler
                0x08007954                I2C2_ER_IRQHandler
                0x08007954                DMA1_Channel2_IRQHandler
                0x08007954                TIM8_BRK_IRQHandler
                0x08007954                CAN1_SCE_IRQHandler
                0x08007954                FLASH_IRQHandler
                0x08007954                USART1_IRQHandler
                0x08007954                SPI3_IRQHandler
                0x08007954                I2C1_ER_IRQHandler
                0x08007954                USBWakeUp_IRQHandler
                0x08007954                DMA2_Channel3_IRQHandler
 *fill*         0x08007956        0x2 
 .text.HAL_Init
                0x08007958       0x2c ./Drivers/STM32F1xx_HAL_Driver/Src/stm32f1xx_hal.o
                0x08007958                HAL_Init
 .text.HAL_IncTick
                0x08007984       0x24 ./Drivers/STM32F1xx_HAL_Driver/Src/stm32f1xx_hal.o
                0x08007984                HAL_IncTick
 .text.__NVIC_SetPriorityGrouping
                0x080079a8       0x48 ./Drivers/STM32F1xx_HAL_Driver/Src/stm32f1xx_hal_cortex.o
 .text.__NVIC_GetPriorityGrouping
                0x080079f0       0x1c ./Drivers/STM32F1xx_HAL_Driver/Src/stm32f1xx_hal_cortex.o
 .text.__NVIC_EnableIRQ
                0x08007a0c       0x38 ./Drivers/STM32F1xx_HAL_Driver/Src/stm32f1xx_hal_cortex.o
 .text.__NVIC_DisableIRQ
                0x08007a44       0x48 ./Drivers/STM32F1xx_HAL_Driver/Src/stm32f1xx_hal_cortex.o
 .text.__NVIC_SetPriority
                0x08007a8c       0x54 ./Drivers/STM32F1xx_HAL_Driver/Src/stm32f1xx_hal_cortex.o
 .text.NVIC_EncodePriority
                0x08007ae0       0x64 ./Drivers/STM32F1xx_HAL_Driver/Src/stm32f1xx_hal_cortex.o
 .text.HAL_NVIC_SetPriorityGrouping
                0x08007b44       0x16 ./Drivers/STM32F1xx_HAL_Driver/Src/stm32f1xx_hal_cortex.o
                0x08007b44                HAL_NVIC_SetPriorityGrouping
 .text.HAL_NVIC_SetPriority
                0x08007b5a       0x38 ./Drivers/STM32F1xx_HAL_Driver/Src/stm32f1xx_hal_cortex.o
                0x08007b5a                HAL_NVIC_SetPriority
 .text.HAL_NVIC_EnableIRQ
                0x08007b92       0x1c ./Drivers/STM32F1xx_HAL_Driver/Src/stm32f1xx_hal_cortex.o
                0x08007b92                HAL_NVIC_EnableIRQ
 .text.HAL_NVIC_DisableIRQ
                0x08007bae       0x1c ./Drivers/STM32F1xx_HAL_Driver/Src/stm32f1xx_hal_cortex.o
                0x08007bae                HAL_NVIC_DisableIRQ
 *fill*         0x08007bca        0x2 
 .text.HAL_GPIO_Init
                0x08007bcc      0x328 ./Drivers/STM32F1xx_HAL_Driver/Src/stm32f1xx_hal_gpio.o
                0x08007bcc                HAL_GPIO_Init
 .text.HAL_GPIO_ReadPin
                0x08007ef4       0x2e ./Drivers/STM32F1xx_HAL_Driver/Src/stm32f1xx_hal_gpio.o
                0x08007ef4                HAL_GPIO_ReadPin
 .text.HAL_GPIO_WritePin
                0x08007f22       0x30 ./Drivers/STM32F1xx_HAL_Driver/Src/stm32f1xx_hal_gpio.o
                0x08007f22                HAL_GPIO_WritePin
 .text.HAL_GPIO_TogglePin
                0x08007f52       0x32 ./Drivers/STM32F1xx_HAL_Driver/Src/stm32f1xx_hal_gpio.o
                0x08007f52                HAL_GPIO_TogglePin
 .text.HAL_GPIO_EXTI_IRQHandler
                0x08007f84       0x30 ./Drivers/STM32F1xx_HAL_Driver/Src/stm32f1xx_hal_gpio.o
                0x08007f84                HAL_GPIO_EXTI_IRQHandler
 .text.HAL_RCC_OscConfig
                0x08007fb4      0x504 ./Drivers/STM32F1xx_HAL_Driver/Src/stm32f1xx_hal_rcc.o
                0x08007fb4                HAL_RCC_OscConfig
 .text.HAL_RCC_ClockConfig
                0x080084b8      0x1d4 ./Drivers/STM32F1xx_HAL_Driver/Src/stm32f1xx_hal_rcc.o
                0x080084b8                HAL_RCC_ClockConfig
 .text.HAL_RCC_GetSysClockFreq
                0x0800868c       0xa8 ./Drivers/STM32F1xx_HAL_Driver/Src/stm32f1xx_hal_rcc.o
                0x0800868c                HAL_RCC_GetSysClockFreq
 .text.HAL_RCC_GetHCLKFreq
                0x08008734       0x14 ./Drivers/STM32F1xx_HAL_Driver/Src/stm32f1xx_hal_rcc.o
                0x08008734                HAL_RCC_GetHCLKFreq
 .text.HAL_RCC_GetPCLK1Freq
                0x08008748       0x28 ./Drivers/STM32F1xx_HAL_Driver/Src/stm32f1xx_hal_rcc.o
                0x08008748                HAL_RCC_GetPCLK1Freq
 .text.HAL_RCC_GetPCLK2Freq
                0x08008770       0x28 ./Drivers/STM32F1xx_HAL_Driver/Src/stm32f1xx_hal_rcc.o
                0x08008770                HAL_RCC_GetPCLK2Freq
 .text.RCC_Delay
                0x08008798       0x3c ./Drivers/STM32F1xx_HAL_Driver/Src/stm32f1xx_hal_rcc.o
 .text.HAL_TIM_Base_Init
                0x080087d4       0x9e ./Drivers/STM32F1xx_HAL_Driver/Src/stm32f1xx_hal_tim.o
                0x080087d4                HAL_TIM_Base_Init
 .text.HAL_TIM_PWM_Init
                0x08008872       0x9e ./Drivers/STM32F1xx_HAL_Driver/Src/stm32f1xx_hal_tim.o
                0x08008872                HAL_TIM_PWM_Init
 .text.HAL_TIM_PWM_Start
                0x08008910      0x174 ./Drivers/STM32F1xx_HAL_Driver/Src/stm32f1xx_hal_tim.o
                0x08008910                HAL_TIM_PWM_Start
 .text.HAL_TIM_Encoder_Init
                0x08008a84      0x144 ./Drivers/STM32F1xx_HAL_Driver/Src/stm32f1xx_hal_tim.o
                0x08008a84                HAL_TIM_Encoder_Init
 .text.HAL_TIM_Encoder_Start
                0x08008bc8      0x11c ./Drivers/STM32F1xx_HAL_Driver/Src/stm32f1xx_hal_tim.o
                0x08008bc8                HAL_TIM_Encoder_Start
 .text.HAL_TIM_IRQHandler
                0x08008ce4      0x1e0 ./Drivers/STM32F1xx_HAL_Driver/Src/stm32f1xx_hal_tim.o
                0x08008ce4                HAL_TIM_IRQHandler
 .text.HAL_TIM_PWM_ConfigChannel
                0x08008ec4      0x184 ./Drivers/STM32F1xx_HAL_Driver/Src/stm32f1xx_hal_tim.o
                0x08008ec4                HAL_TIM_PWM_ConfigChannel
 .text.HAL_TIM_PeriodElapsedCallback
                0x08009048       0x12 ./Drivers/STM32F1xx_HAL_Driver/Src/stm32f1xx_hal_tim.o
                0x08009048                HAL_TIM_PeriodElapsedCallback
 .text.HAL_TIM_OC_DelayElapsedCallback
                0x0800905a       0x12 ./Drivers/STM32F1xx_HAL_Driver/Src/stm32f1xx_hal_tim.o
                0x0800905a                HAL_TIM_OC_DelayElapsedCallback
 .text.HAL_TIM_IC_CaptureCallback
                0x0800906c       0x12 ./Drivers/STM32F1xx_HAL_Driver/Src/stm32f1xx_hal_tim.o
                0x0800906c                HAL_TIM_IC_CaptureCallback
 .text.HAL_TIM_PWM_PulseFinishedCallback
                0x0800907e       0x12 ./Drivers/STM32F1xx_HAL_Driver/Src/stm32f1xx_hal_tim.o
                0x0800907e                HAL_TIM_PWM_PulseFinishedCallback
 .text.HAL_TIM_TriggerCallback
                0x08009090       0x12 ./Drivers/STM32F1xx_HAL_Driver/Src/stm32f1xx_hal_tim.o
                0x08009090                HAL_TIM_TriggerCallback
 *fill*         0x080090a2        0x2 
 .text.TIM_Base_SetConfig
                0x080090a4      0x10c ./Drivers/STM32F1xx_HAL_Driver/Src/stm32f1xx_hal_tim.o
                0x080090a4                TIM_Base_SetConfig
 .text.TIM_OC1_SetConfig
                0x080091b0       0xe0 ./Drivers/STM32F1xx_HAL_Driver/Src/stm32f1xx_hal_tim.o
 .text.TIM_OC2_SetConfig
                0x08009290       0xe8 ./Drivers/STM32F1xx_HAL_Driver/Src/stm32f1xx_hal_tim.o
                0x08009290                TIM_OC2_SetConfig
 .text.TIM_OC3_SetConfig
                0x08009378       0xe8 ./Drivers/STM32F1xx_HAL_Driver/Src/stm32f1xx_hal_tim.o
 .text.TIM_OC4_SetConfig
                0x08009460       0xa8 ./Drivers/STM32F1xx_HAL_Driver/Src/stm32f1xx_hal_tim.o
 .text.TIM_CCxChannelCmd
                0x08009508       0x48 ./Drivers/STM32F1xx_HAL_Driver/Src/stm32f1xx_hal_tim.o
                0x08009508                TIM_CCxChannelCmd
 .text.HAL_TIMEx_MasterConfigSynchronization
                0x08009550       0xd8 ./Drivers/STM32F1xx_HAL_Driver/Src/stm32f1xx_hal_tim_ex.o
                0x08009550                HAL_TIMEx_MasterConfigSynchronization
 .text.HAL_TIMEx_ConfigBreakDeadTime
                0x08009628       0xa2 ./Drivers/STM32F1xx_HAL_Driver/Src/stm32f1xx_hal_tim_ex.o
                0x08009628                HAL_TIMEx_ConfigBreakDeadTime
 .text.HAL_TIMEx_CommutCallback
                0x080096ca       0x12 ./Drivers/STM32F1xx_HAL_Driver/Src/stm32f1xx_hal_tim_ex.o
                0x080096ca                HAL_TIMEx_CommutCallback
 .text.HAL_TIMEx_BreakCallback
                0x080096dc       0x12 ./Drivers/STM32F1xx_HAL_Driver/Src/stm32f1xx_hal_tim_ex.o
                0x080096dc                HAL_TIMEx_BreakCallback
 .text.HAL_UART_Init
                0x080096ee       0xa0 ./Drivers/STM32F1xx_HAL_Driver/Src/stm32f1xx_hal_uart.o
                0x080096ee                HAL_UART_Init
 .text.HAL_UART_Transmit
                0x0800978e      0x116 ./Drivers/STM32F1xx_HAL_Driver/Src/stm32f1xx_hal_uart.o
                0x0800978e                HAL_UART_Transmit
 .text.UART_WaitOnFlagUntilTimeout
                0x080098a4       0xb2 ./Drivers/STM32F1xx_HAL_Driver/Src/stm32f1xx_hal_uart.o
 .text.UART_EndRxTransfer
                0x08009956       0xc4 ./Drivers/STM32F1xx_HAL_Driver/Src/stm32f1xx_hal_uart.o
 *fill*         0x08009a1a        0x2 
 .text.UART_SetConfig
                0x08009a1c      0x11c ./Drivers/STM32F1xx_HAL_Driver/Src/stm32f1xx_hal_uart.o
 .text.__cvt    0x08009b38       0xc8 C:/ST/STM32CubeIDE_1.19.0/STM32CubeIDE/plugins/com.st.stm32cube.ide.mcu.externaltools.gnu-tools-for-stm32.13.3.rel1.win32_1.0.0.202411081344/tools/bin/../lib/gcc/arm-none-eabi/13.3.1/../../../../arm-none-eabi/lib/thumb/v7-m/nofp\libc_nano.a(libc_a-nano-vfprintf_float.o)
                0x08009b38                __cvt
 .text.__exponent
                0x08009c00       0x74 C:/ST/STM32CubeIDE_1.19.0/STM32CubeIDE/plugins/com.st.stm32cube.ide.mcu.externaltools.gnu-tools-for-stm32.13.3.rel1.win32_1.0.0.202411081344/tools/bin/../lib/gcc/arm-none-eabi/13.3.1/../../../../arm-none-eabi/lib/thumb/v7-m/nofp\libc_nano.a(libc_a-nano-vfprintf_float.o)
                0x08009c00                __exponent
 .text._printf_float
                0x08009c74      0x458 C:/ST/STM32CubeIDE_1.19.0/STM32CubeIDE/plugins/com.st.stm32cube.ide.mcu.externaltools.gnu-tools-for-stm32.13.3.rel1.win32_1.0.0.202411081344/tools/bin/../lib/gcc/arm-none-eabi/13.3.1/../../../../arm-none-eabi/lib/thumb/v7-m/nofp\libc_nano.a(libc_a-nano-vfprintf_float.o)
                0x08009c74                _printf_float
 .text._printf_common
                0x0800a0cc       0xe4 C:/ST/STM32CubeIDE_1.19.0/STM32CubeIDE/plugins/com.st.stm32cube.ide.mcu.externaltools.gnu-tools-for-stm32.13.3.rel1.win32_1.0.0.202411081344/tools/bin/../lib/gcc/arm-none-eabi/13.3.1/../../../../arm-none-eabi/lib/thumb/v7-m/nofp\libc_nano.a(libc_a-nano-vfprintf_i.o)
                0x0800a0cc                _printf_common
 .text._printf_i
                0x0800a1b0      0x23c C:/ST/STM32CubeIDE_1.19.0/STM32CubeIDE/plugins/com.st.stm32cube.ide.mcu.externaltools.gnu-tools-for-stm32.13.3.rel1.win32_1.0.0.202411081344/tools/bin/../lib/gcc/arm-none-eabi/13.3.1/../../../../arm-none-eabi/lib/thumb/v7-m/nofp\libc_nano.a(libc_a-nano-vfprintf_i.o)
                0x0800a1b0                _printf_i
 .text._scanf_float
                0x0800a3ec      0x414 C:/ST/STM32CubeIDE_1.19.0/STM32CubeIDE/plugins/com.st.stm32cube.ide.mcu.externaltools.gnu-tools-for-stm32.13.3.rel1.win32_1.0.0.202411081344/tools/bin/../lib/gcc/arm-none-eabi/13.3.1/../../../../arm-none-eabi/lib/thumb/v7-m/nofp\libc_nano.a(libc_a-nano-vfscanf_float.o)
                0x0800a3ec                _scanf_float
 .text.std      0x0800a800       0x6c C:/ST/STM32CubeIDE_1.19.0/STM32CubeIDE/plugins/com.st.stm32cube.ide.mcu.externaltools.gnu-tools-for-stm32.13.3.rel1.win32_1.0.0.202411081344/tools/bin/../lib/gcc/arm-none-eabi/13.3.1/../../../../arm-none-eabi/lib/thumb/v7-m/nofp\libc_nano.a(libc_a-findfp.o)
 .text.stdio_exit_handler
                0x0800a86c       0x18 C:/ST/STM32CubeIDE_1.19.0/STM32CubeIDE/plugins/com.st.stm32cube.ide.mcu.externaltools.gnu-tools-for-stm32.13.3.rel1.win32_1.0.0.202411081344/tools/bin/../lib/gcc/arm-none-eabi/13.3.1/../../../../arm-none-eabi/lib/thumb/v7-m/nofp\libc_nano.a(libc_a-findfp.o)
 .text.cleanup_stdio
                0x0800a884       0x40 C:/ST/STM32CubeIDE_1.19.0/STM32CubeIDE/plugins/com.st.stm32cube.ide.mcu.externaltools.gnu-tools-for-stm32.13.3.rel1.win32_1.0.0.202411081344/tools/bin/../lib/gcc/arm-none-eabi/13.3.1/../../../../arm-none-eabi/lib/thumb/v7-m/nofp\libc_nano.a(libc_a-findfp.o)
 .text.global_stdio_init.part.0
                0x0800a8c4       0x3c C:/ST/STM32CubeIDE_1.19.0/STM32CubeIDE/plugins/com.st.stm32cube.ide.mcu.externaltools.gnu-tools-for-stm32.13.3.rel1.win32_1.0.0.202411081344/tools/bin/../lib/gcc/arm-none-eabi/13.3.1/../../../../arm-none-eabi/lib/thumb/v7-m/nofp\libc_nano.a(libc_a-findfp.o)
 .text.__sfp_lock_acquire
                0x0800a900        0xc C:/ST/STM32CubeIDE_1.19.0/STM32CubeIDE/plugins/com.st.stm32cube.ide.mcu.externaltools.gnu-tools-for-stm32.13.3.rel1.win32_1.0.0.202411081344/tools/bin/../lib/gcc/arm-none-eabi/13.3.1/../../../../arm-none-eabi/lib/thumb/v7-m/nofp\libc_nano.a(libc_a-findfp.o)
                0x0800a900                __sfp_lock_acquire
 .text.__sfp_lock_release
                0x0800a90c        0xc C:/ST/STM32CubeIDE_1.19.0/STM32CubeIDE/plugins/com.st.stm32cube.ide.mcu.externaltools.gnu-tools-for-stm32.13.3.rel1.win32_1.0.0.202411081344/tools/bin/../lib/gcc/arm-none-eabi/13.3.1/../../../../arm-none-eabi/lib/thumb/v7-m/nofp\libc_nano.a(libc_a-findfp.o)
                0x0800a90c                __sfp_lock_release
 .text.__sinit  0x0800a918       0x30 C:/ST/STM32CubeIDE_1.19.0/STM32CubeIDE/plugins/com.st.stm32cube.ide.mcu.externaltools.gnu-tools-for-stm32.13.3.rel1.win32_1.0.0.202411081344/tools/bin/../lib/gcc/arm-none-eabi/13.3.1/../../../../arm-none-eabi/lib/thumb/v7-m/nofp\libc_nano.a(libc_a-findfp.o)
                0x0800a918                __sinit
 .text._fwalk_sglue
                0x0800a948       0x3c C:/ST/STM32CubeIDE_1.19.0/STM32CubeIDE/plugins/com.st.stm32cube.ide.mcu.externaltools.gnu-tools-for-stm32.13.3.rel1.win32_1.0.0.202411081344/tools/bin/../lib/gcc/arm-none-eabi/13.3.1/../../../../arm-none-eabi/lib/thumb/v7-m/nofp\libc_nano.a(libc_a-fwalk.o)
                0x0800a948                _fwalk_sglue
 .text.printf   0x0800a984       0x24 C:/ST/STM32CubeIDE_1.19.0/STM32CubeIDE/plugins/com.st.stm32cube.ide.mcu.externaltools.gnu-tools-for-stm32.13.3.rel1.win32_1.0.0.202411081344/tools/bin/../lib/gcc/arm-none-eabi/13.3.1/../../../../arm-none-eabi/lib/thumb/v7-m/nofp\libc_nano.a(libc_a-printf.o)
                0x0800a984                iprintf
                0x0800a984                printf
 .text._puts_r  0x0800a9a8       0xaa C:/ST/STM32CubeIDE_1.19.0/STM32CubeIDE/plugins/com.st.stm32cube.ide.mcu.externaltools.gnu-tools-for-stm32.13.3.rel1.win32_1.0.0.202411081344/tools/bin/../lib/gcc/arm-none-eabi/13.3.1/../../../../arm-none-eabi/lib/thumb/v7-m/nofp\libc_nano.a(libc_a-puts.o)
                0x0800a9a8                _puts_r
 *fill*         0x0800aa52        0x2 
 .text.puts     0x0800aa54       0x10 C:/ST/STM32CubeIDE_1.19.0/STM32CubeIDE/plugins/com.st.stm32cube.ide.mcu.externaltools.gnu-tools-for-stm32.13.3.rel1.win32_1.0.0.202411081344/tools/bin/../lib/gcc/arm-none-eabi/13.3.1/../../../../arm-none-eabi/lib/thumb/v7-m/nofp\libc_nano.a(libc_a-puts.o)
                0x0800aa54                puts
 .text.sprintf  0x0800aa64       0x44 C:/ST/STM32CubeIDE_1.19.0/STM32CubeIDE/plugins/com.st.stm32cube.ide.mcu.externaltools.gnu-tools-for-stm32.13.3.rel1.win32_1.0.0.202411081344/tools/bin/../lib/gcc/arm-none-eabi/13.3.1/../../../../arm-none-eabi/lib/thumb/v7-m/nofp\libc_nano.a(libc_a-sprintf.o)
                0x0800aa64                siprintf
                0x0800aa64                sprintf
 .text.__sread  0x0800aaa8       0x22 C:/ST/STM32CubeIDE_1.19.0/STM32CubeIDE/plugins/com.st.stm32cube.ide.mcu.externaltools.gnu-tools-for-stm32.13.3.rel1.win32_1.0.0.202411081344/tools/bin/../lib/gcc/arm-none-eabi/13.3.1/../../../../arm-none-eabi/lib/thumb/v7-m/nofp\libc_nano.a(libc_a-stdio.o)
                0x0800aaa8                __sread
 .text.__swrite
                0x0800aaca       0x38 C:/ST/STM32CubeIDE_1.19.0/STM32CubeIDE/plugins/com.st.stm32cube.ide.mcu.externaltools.gnu-tools-for-stm32.13.3.rel1.win32_1.0.0.202411081344/tools/bin/../lib/gcc/arm-none-eabi/13.3.1/../../../../arm-none-eabi/lib/thumb/v7-m/nofp\libc_nano.a(libc_a-stdio.o)
                0x0800aaca                __swrite
 .text.__sseek  0x0800ab02       0x24 C:/ST/STM32CubeIDE_1.19.0/STM32CubeIDE/plugins/com.st.stm32cube.ide.mcu.externaltools.gnu-tools-for-stm32.13.3.rel1.win32_1.0.0.202411081344/tools/bin/../lib/gcc/arm-none-eabi/13.3.1/../../../../arm-none-eabi/lib/thumb/v7-m/nofp\libc_nano.a(libc_a-stdio.o)
                0x0800ab02                __sseek
 .text.__sclose
                0x0800ab26        0x8 C:/ST/STM32CubeIDE_1.19.0/STM32CubeIDE/plugins/com.st.stm32cube.ide.mcu.externaltools.gnu-tools-for-stm32.13.3.rel1.win32_1.0.0.202411081344/tools/bin/../lib/gcc/arm-none-eabi/13.3.1/../../../../arm-none-eabi/lib/thumb/v7-m/nofp\libc_nano.a(libc_a-stdio.o)
                0x0800ab26                __sclose
 .text.__swbuf_r
                0x0800ab2e       0x7c C:/ST/STM32CubeIDE_1.19.0/STM32CubeIDE/plugins/com.st.stm32cube.ide.mcu.externaltools.gnu-tools-for-stm32.13.3.rel1.win32_1.0.0.202411081344/tools/bin/../lib/gcc/arm-none-eabi/13.3.1/../../../../arm-none-eabi/lib/thumb/v7-m/nofp\libc_nano.a(libc_a-wbuf.o)
                0x0800ab2e                __swbuf_r
 *fill*         0x0800abaa        0x2 
 .text.__swsetup_r
                0x0800abac       0xac C:/ST/STM32CubeIDE_1.19.0/STM32CubeIDE/plugins/com.st.stm32cube.ide.mcu.externaltools.gnu-tools-for-stm32.13.3.rel1.win32_1.0.0.202411081344/tools/bin/../lib/gcc/arm-none-eabi/13.3.1/../../../../arm-none-eabi/lib/thumb/v7-m/nofp\libc_nano.a(libc_a-wsetup.o)
                0x0800abac                __swsetup_r
 .text.memcmp   0x0800ac58       0x20 C:/ST/STM32CubeIDE_1.19.0/STM32CubeIDE/plugins/com.st.stm32cube.ide.mcu.externaltools.gnu-tools-for-stm32.13.3.rel1.win32_1.0.0.202411081344/tools/bin/../lib/gcc/arm-none-eabi/13.3.1/../../../../arm-none-eabi/lib/thumb/v7-m/nofp\libc_nano.a(libc_a-memcmp.o)
                0x0800ac58                memcmp
 .text.memset   0x0800ac78       0x10 C:/ST/STM32CubeIDE_1.19.0/STM32CubeIDE/plugins/com.st.stm32cube.ide.mcu.externaltools.gnu-tools-for-stm32.13.3.rel1.win32_1.0.0.202411081344/tools/bin/../lib/gcc/arm-none-eabi/13.3.1/../../../../arm-none-eabi/lib/thumb/v7-m/nofp\libc_nano.a(libc_a-memset.o)
                0x0800ac78                memset
 .text._localeconv_r
                0x0800ac88        0x8 C:/ST/STM32CubeIDE_1.19.0/STM32CubeIDE/plugins/com.st.stm32cube.ide.mcu.externaltools.gnu-tools-for-stm32.13.3.rel1.win32_1.0.0.202411081344/tools/bin/../lib/gcc/arm-none-eabi/13.3.1/../../../../arm-none-eabi/lib/thumb/v7-m/nofp\libc_nano.a(libc_a-localeconv.o)
                0x0800ac88                _localeconv_r
 .text._close_r
                0x0800ac90       0x20 C:/ST/STM32CubeIDE_1.19.0/STM32CubeIDE/plugins/com.st.stm32cube.ide.mcu.externaltools.gnu-tools-for-stm32.13.3.rel1.win32_1.0.0.202411081344/tools/bin/../lib/gcc/arm-none-eabi/13.3.1/../../../../arm-none-eabi/lib/thumb/v7-m/nofp\libc_nano.a(libc_a-closer.o)
                0x0800ac90                _close_r
 .text._lseek_r
                0x0800acb0       0x24 C:/ST/STM32CubeIDE_1.19.0/STM32CubeIDE/plugins/com.st.stm32cube.ide.mcu.externaltools.gnu-tools-for-stm32.13.3.rel1.win32_1.0.0.202411081344/tools/bin/../lib/gcc/arm-none-eabi/13.3.1/../../../../arm-none-eabi/lib/thumb/v7-m/nofp\libc_nano.a(libc_a-lseekr.o)
                0x0800acb0                _lseek_r
 .text._read_r  0x0800acd4       0x24 C:/ST/STM32CubeIDE_1.19.0/STM32CubeIDE/plugins/com.st.stm32cube.ide.mcu.externaltools.gnu-tools-for-stm32.13.3.rel1.win32_1.0.0.202411081344/tools/bin/../lib/gcc/arm-none-eabi/13.3.1/../../../../arm-none-eabi/lib/thumb/v7-m/nofp\libc_nano.a(libc_a-readr.o)
                0x0800acd4                _read_r
 .text._write_r
                0x0800acf8       0x24 C:/ST/STM32CubeIDE_1.19.0/STM32CubeIDE/plugins/com.st.stm32cube.ide.mcu.externaltools.gnu-tools-for-stm32.13.3.rel1.win32_1.0.0.202411081344/tools/bin/../lib/gcc/arm-none-eabi/13.3.1/../../../../arm-none-eabi/lib/thumb/v7-m/nofp\libc_nano.a(libc_a-writer.o)
                0x0800acf8                _write_r
 .text.__errno  0x0800ad1c        0xc C:/ST/STM32CubeIDE_1.19.0/STM32CubeIDE/plugins/com.st.stm32cube.ide.mcu.externaltools.gnu-tools-for-stm32.13.3.rel1.win32_1.0.0.202411081344/tools/bin/../lib/gcc/arm-none-eabi/13.3.1/../../../../arm-none-eabi/lib/thumb/v7-m/nofp\libc_nano.a(libc_a-errno.o)
                0x0800ad1c                __errno
 .text.__libc_init_array
                0x0800ad28       0x48 C:/ST/STM32CubeIDE_1.19.0/STM32CubeIDE/plugins/com.st.stm32cube.ide.mcu.externaltools.gnu-tools-for-stm32.13.3.rel1.win32_1.0.0.202411081344/tools/bin/../lib/gcc/arm-none-eabi/13.3.1/../../../../arm-none-eabi/lib/thumb/v7-m/nofp\libc_nano.a(libc_a-init.o)
                0x0800ad28                __libc_init_array
 .text.__retarget_lock_init_recursive
                0x0800ad70        0x2 C:/ST/STM32CubeIDE_1.19.0/STM32CubeIDE/plugins/com.st.stm32cube.ide.mcu.externaltools.gnu-tools-for-stm32.13.3.rel1.win32_1.0.0.202411081344/tools/bin/../lib/gcc/arm-none-eabi/13.3.1/../../../../arm-none-eabi/lib/thumb/v7-m/nofp\libc_nano.a(libc_a-lock.o)
                0x0800ad70                __retarget_lock_init_recursive
 .text.__retarget_lock_acquire_recursive
                0x0800ad72        0x2 C:/ST/STM32CubeIDE_1.19.0/STM32CubeIDE/plugins/com.st.stm32cube.ide.mcu.externaltools.gnu-tools-for-stm32.13.3.rel1.win32_1.0.0.202411081344/tools/bin/../lib/gcc/arm-none-eabi/13.3.1/../../../../arm-none-eabi/lib/thumb/v7-m/nofp\libc_nano.a(libc_a-lock.o)
                0x0800ad72                __retarget_lock_acquire_recursive
 .text.__retarget_lock_release_recursive
                0x0800ad74        0x2 C:/ST/STM32CubeIDE_1.19.0/STM32CubeIDE/plugins/com.st.stm32cube.ide.mcu.externaltools.gnu-tools-for-stm32.13.3.rel1.win32_1.0.0.202411081344/tools/bin/../lib/gcc/arm-none-eabi/13.3.1/../../../../arm-none-eabi/lib/thumb/v7-m/nofp\libc_nano.a(libc_a-lock.o)
                0x0800ad74                __retarget_lock_release_recursive
 .text.memchr   0x0800ad76       0x1c C:/ST/STM32CubeIDE_1.19.0/STM32CubeIDE/plugins/com.st.stm32cube.ide.mcu.externaltools.gnu-tools-for-stm32.13.3.rel1.win32_1.0.0.202411081344/tools/bin/../lib/gcc/arm-none-eabi/13.3.1/../../../../arm-none-eabi/lib/thumb/v7-m/nofp\libc_nano.a(libc_a-memchr-stub.o)
                0x0800ad76                memchr
 *fill*         0x0800ad92        0x2 
 .text.nanf     0x0800ad94        0x8 C:/ST/STM32CubeIDE_1.19.0/STM32CubeIDE/plugins/com.st.stm32cube.ide.mcu.externaltools.gnu-tools-for-stm32.13.3.rel1.win32_1.0.0.202411081344/tools/bin/../lib/gcc/arm-none-eabi/13.3.1/../../../../arm-none-eabi/lib/thumb/v7-m/nofp\libc_nano.a(libm_a-sf_nan.o)
                0x0800ad94                nanf
 .text.quorem   0x0800ad9c      0x110 C:/ST/STM32CubeIDE_1.19.0/STM32CubeIDE/plugins/com.st.stm32cube.ide.mcu.externaltools.gnu-tools-for-stm32.13.3.rel1.win32_1.0.0.202411081344/tools/bin/../lib/gcc/arm-none-eabi/13.3.1/../../../../arm-none-eabi/lib/thumb/v7-m/nofp\libc_nano.a(libc_a-dtoa.o)
 *fill*         0x0800aeac        0x4 
 .text._dtoa_r  0x0800aeb0      0xba8 C:/ST/STM32CubeIDE_1.19.0/STM32CubeIDE/plugins/com.st.stm32cube.ide.mcu.externaltools.gnu-tools-for-stm32.13.3.rel1.win32_1.0.0.202411081344/tools/bin/../lib/gcc/arm-none-eabi/13.3.1/../../../../arm-none-eabi/lib/thumb/v7-m/nofp\libc_nano.a(libc_a-dtoa.o)
                0x0800aeb0                _dtoa_r
 .text._free_r  0x0800ba58       0x90 C:/ST/STM32CubeIDE_1.19.0/STM32CubeIDE/plugins/com.st.stm32cube.ide.mcu.externaltools.gnu-tools-for-stm32.13.3.rel1.win32_1.0.0.202411081344/tools/bin/../lib/gcc/arm-none-eabi/13.3.1/../../../../arm-none-eabi/lib/thumb/v7-m/nofp\libc_nano.a(libc_a-freer.o)
                0x0800ba58                _free_r
 .text.malloc   0x0800bae8       0x10 C:/ST/STM32CubeIDE_1.19.0/STM32CubeIDE/plugins/com.st.stm32cube.ide.mcu.externaltools.gnu-tools-for-stm32.13.3.rel1.win32_1.0.0.202411081344/tools/bin/../lib/gcc/arm-none-eabi/13.3.1/../../../../arm-none-eabi/lib/thumb/v7-m/nofp\libc_nano.a(libc_a-malloc.o)
                0x0800bae8                malloc
 .text.sbrk_aligned
                0x0800baf8       0x44 C:/ST/STM32CubeIDE_1.19.0/STM32CubeIDE/plugins/com.st.stm32cube.ide.mcu.externaltools.gnu-tools-for-stm32.13.3.rel1.win32_1.0.0.202411081344/tools/bin/../lib/gcc/arm-none-eabi/13.3.1/../../../../arm-none-eabi/lib/thumb/v7-m/nofp\libc_nano.a(libc_a-mallocr.o)
 .text._malloc_r
                0x0800bb3c      0x100 C:/ST/STM32CubeIDE_1.19.0/STM32CubeIDE/plugins/com.st.stm32cube.ide.mcu.externaltools.gnu-tools-for-stm32.13.3.rel1.win32_1.0.0.202411081344/tools/bin/../lib/gcc/arm-none-eabi/13.3.1/../../../../arm-none-eabi/lib/thumb/v7-m/nofp\libc_nano.a(libc_a-mallocr.o)
                0x0800bb3c                _malloc_r
 .text.__malloc_lock
                0x0800bc3c        0xc C:/ST/STM32CubeIDE_1.19.0/STM32CubeIDE/plugins/com.st.stm32cube.ide.mcu.externaltools.gnu-tools-for-stm32.13.3.rel1.win32_1.0.0.202411081344/tools/bin/../lib/gcc/arm-none-eabi/13.3.1/../../../../arm-none-eabi/lib/thumb/v7-m/nofp\libc_nano.a(libc_a-mlock.o)
                0x0800bc3c                __malloc_lock
 .text.__malloc_unlock
                0x0800bc48        0xc C:/ST/STM32CubeIDE_1.19.0/STM32CubeIDE/plugins/com.st.stm32cube.ide.mcu.externaltools.gnu-tools-for-stm32.13.3.rel1.win32_1.0.0.202411081344/tools/bin/../lib/gcc/arm-none-eabi/13.3.1/../../../../arm-none-eabi/lib/thumb/v7-m/nofp\libc_nano.a(libc_a-mlock.o)
                0x0800bc48                __malloc_unlock
 .text._Balloc  0x0800bc54       0x80 C:/ST/STM32CubeIDE_1.19.0/STM32CubeIDE/plugins/com.st.stm32cube.ide.mcu.externaltools.gnu-tools-for-stm32.13.3.rel1.win32_1.0.0.202411081344/tools/bin/../lib/gcc/arm-none-eabi/13.3.1/../../../../arm-none-eabi/lib/thumb/v7-m/nofp\libc_nano.a(libc_a-mprec.o)
                0x0800bc54                _Balloc
 .text._Bfree   0x0800bcd4       0x44 C:/ST/STM32CubeIDE_1.19.0/STM32CubeIDE/plugins/com.st.stm32cube.ide.mcu.externaltools.gnu-tools-for-stm32.13.3.rel1.win32_1.0.0.202411081344/tools/bin/../lib/gcc/arm-none-eabi/13.3.1/../../../../arm-none-eabi/lib/thumb/v7-m/nofp\libc_nano.a(libc_a-mprec.o)
                0x0800bcd4                _Bfree
 .text.__multadd
                0x0800bd18       0x8c C:/ST/STM32CubeIDE_1.19.0/STM32CubeIDE/plugins/com.st.stm32cube.ide.mcu.externaltools.gnu-tools-for-stm32.13.3.rel1.win32_1.0.0.202411081344/tools/bin/../lib/gcc/arm-none-eabi/13.3.1/../../../../arm-none-eabi/lib/thumb/v7-m/nofp\libc_nano.a(libc_a-mprec.o)
                0x0800bd18                __multadd
 .text.__s2b    0x0800bda4       0x94 C:/ST/STM32CubeIDE_1.19.0/STM32CubeIDE/plugins/com.st.stm32cube.ide.mcu.externaltools.gnu-tools-for-stm32.13.3.rel1.win32_1.0.0.202411081344/tools/bin/../lib/gcc/arm-none-eabi/13.3.1/../../../../arm-none-eabi/lib/thumb/v7-m/nofp\libc_nano.a(libc_a-mprec.o)
                0x0800bda4                __s2b
 .text.__hi0bits
                0x0800be38       0x3e C:/ST/STM32CubeIDE_1.19.0/STM32CubeIDE/plugins/com.st.stm32cube.ide.mcu.externaltools.gnu-tools-for-stm32.13.3.rel1.win32_1.0.0.202411081344/tools/bin/../lib/gcc/arm-none-eabi/13.3.1/../../../../arm-none-eabi/lib/thumb/v7-m/nofp\libc_nano.a(libc_a-mprec.o)
                0x0800be38                __hi0bits
 .text.__lo0bits
                0x0800be76       0x5a C:/ST/STM32CubeIDE_1.19.0/STM32CubeIDE/plugins/com.st.stm32cube.ide.mcu.externaltools.gnu-tools-for-stm32.13.3.rel1.win32_1.0.0.202411081344/tools/bin/../lib/gcc/arm-none-eabi/13.3.1/../../../../arm-none-eabi/lib/thumb/v7-m/nofp\libc_nano.a(libc_a-mprec.o)
                0x0800be76                __lo0bits
 .text.__i2b    0x0800bed0       0x2c C:/ST/STM32CubeIDE_1.19.0/STM32CubeIDE/plugins/com.st.stm32cube.ide.mcu.externaltools.gnu-tools-for-stm32.13.3.rel1.win32_1.0.0.202411081344/tools/bin/../lib/gcc/arm-none-eabi/13.3.1/../../../../arm-none-eabi/lib/thumb/v7-m/nofp\libc_nano.a(libc_a-mprec.o)
                0x0800bed0                __i2b
 .text.__multiply
                0x0800befc      0x144 C:/ST/STM32CubeIDE_1.19.0/STM32CubeIDE/plugins/com.st.stm32cube.ide.mcu.externaltools.gnu-tools-for-stm32.13.3.rel1.win32_1.0.0.202411081344/tools/bin/../lib/gcc/arm-none-eabi/13.3.1/../../../../arm-none-eabi/lib/thumb/v7-m/nofp\libc_nano.a(libc_a-mprec.o)
                0x0800befc                __multiply
 .text.__pow5mult
                0x0800c040       0xb4 C:/ST/STM32CubeIDE_1.19.0/STM32CubeIDE/plugins/com.st.stm32cube.ide.mcu.externaltools.gnu-tools-for-stm32.13.3.rel1.win32_1.0.0.202411081344/tools/bin/../lib/gcc/arm-none-eabi/13.3.1/../../../../arm-none-eabi/lib/thumb/v7-m/nofp\libc_nano.a(libc_a-mprec.o)
                0x0800c040                __pow5mult
 .text.__lshift
                0x0800c0f4       0xd8 C:/ST/STM32CubeIDE_1.19.0/STM32CubeIDE/plugins/com.st.stm32cube.ide.mcu.externaltools.gnu-tools-for-stm32.13.3.rel1.win32_1.0.0.202411081344/tools/bin/../lib/gcc/arm-none-eabi/13.3.1/../../../../arm-none-eabi/lib/thumb/v7-m/nofp\libc_nano.a(libc_a-mprec.o)
                0x0800c0f4                __lshift
 .text.__mcmp   0x0800c1cc       0x36 C:/ST/STM32CubeIDE_1.19.0/STM32CubeIDE/plugins/com.st.stm32cube.ide.mcu.externaltools.gnu-tools-for-stm32.13.3.rel1.win32_1.0.0.202411081344/tools/bin/../lib/gcc/arm-none-eabi/13.3.1/../../../../arm-none-eabi/lib/thumb/v7-m/nofp\libc_nano.a(libc_a-mprec.o)
                0x0800c1cc                __mcmp
 *fill*         0x0800c202        0x2 
 .text.__mdiff  0x0800c204      0x128 C:/ST/STM32CubeIDE_1.19.0/STM32CubeIDE/plugins/com.st.stm32cube.ide.mcu.externaltools.gnu-tools-for-stm32.13.3.rel1.win32_1.0.0.202411081344/tools/bin/../lib/gcc/arm-none-eabi/13.3.1/../../../../arm-none-eabi/lib/thumb/v7-m/nofp\libc_nano.a(libc_a-mprec.o)
                0x0800c204                __mdiff
 .text.__ulp    0x0800c32c       0x40 C:/ST/STM32CubeIDE_1.19.0/STM32CubeIDE/plugins/com.st.stm32cube.ide.mcu.externaltools.gnu-tools-for-stm32.13.3.rel1.win32_1.0.0.202411081344/tools/bin/../lib/gcc/arm-none-eabi/13.3.1/../../../../arm-none-eabi/lib/thumb/v7-m/nofp\libc_nano.a(libc_a-mprec.o)
                0x0800c32c                __ulp
 .text.__b2d    0x0800c36c       0x90 C:/ST/STM32CubeIDE_1.19.0/STM32CubeIDE/plugins/com.st.stm32cube.ide.mcu.externaltools.gnu-tools-for-stm32.13.3.rel1.win32_1.0.0.202411081344/tools/bin/../lib/gcc/arm-none-eabi/13.3.1/../../../../arm-none-eabi/lib/thumb/v7-m/nofp\libc_nano.a(libc_a-mprec.o)
                0x0800c36c                __b2d
 .text.__d2b    0x0800c3fc       0xb0 C:/ST/STM32CubeIDE_1.19.0/STM32CubeIDE/plugins/com.st.stm32cube.ide.mcu.externaltools.gnu-tools-for-stm32.13.3.rel1.win32_1.0.0.202411081344/tools/bin/../lib/gcc/arm-none-eabi/13.3.1/../../../../arm-none-eabi/lib/thumb/v7-m/nofp\libc_nano.a(libc_a-mprec.o)
                0x0800c3fc                __d2b
 .text.__ratio  0x0800c4ac       0x60 C:/ST/STM32CubeIDE_1.19.0/STM32CubeIDE/plugins/com.st.stm32cube.ide.mcu.externaltools.gnu-tools-for-stm32.13.3.rel1.win32_1.0.0.202411081344/tools/bin/../lib/gcc/arm-none-eabi/13.3.1/../../../../arm-none-eabi/lib/thumb/v7-m/nofp\libc_nano.a(libc_a-mprec.o)
                0x0800c4ac                __ratio
 .text.__copybits
                0x0800c50c       0x46 C:/ST/STM32CubeIDE_1.19.0/STM32CubeIDE/plugins/com.st.stm32cube.ide.mcu.externaltools.gnu-tools-for-stm32.13.3.rel1.win32_1.0.0.202411081344/tools/bin/../lib/gcc/arm-none-eabi/13.3.1/../../../../arm-none-eabi/lib/thumb/v7-m/nofp\libc_nano.a(libc_a-mprec.o)
                0x0800c50c                __copybits
 .text.__any_on
                0x0800c552       0x42 C:/ST/STM32CubeIDE_1.19.0/STM32CubeIDE/plugins/com.st.stm32cube.ide.mcu.externaltools.gnu-tools-for-stm32.13.3.rel1.win32_1.0.0.202411081344/tools/bin/../lib/gcc/arm-none-eabi/13.3.1/../../../../arm-none-eabi/lib/thumb/v7-m/nofp\libc_nano.a(libc_a-mprec.o)
                0x0800c552                __any_on
 .text.sulp     0x0800c594       0x42 C:/ST/STM32CubeIDE_1.19.0/STM32CubeIDE/plugins/com.st.stm32cube.ide.mcu.externaltools.gnu-tools-for-stm32.13.3.rel1.win32_1.0.0.202411081344/tools/bin/../lib/gcc/arm-none-eabi/13.3.1/../../../../arm-none-eabi/lib/thumb/v7-m/nofp\libc_nano.a(libc_a-strtod.o)
 *fill*         0x0800c5d6        0x2 
 .text._strtod_l
                0x0800c5d8      0xbb0 C:/ST/STM32CubeIDE_1.19.0/STM32CubeIDE/plugins/com.st.stm32cube.ide.mcu.externaltools.gnu-tools-for-stm32.13.3.rel1.win32_1.0.0.202411081344/tools/bin/../lib/gcc/arm-none-eabi/13.3.1/../../../../arm-none-eabi/lib/thumb/v7-m/nofp\libc_nano.a(libc_a-strtod.o)
                0x0800c5d8                _strtod_l
 .text._strtod_r
                0x0800d188        0xc C:/ST/STM32CubeIDE_1.19.0/STM32CubeIDE/plugins/com.st.stm32cube.ide.mcu.externaltools.gnu-tools-for-stm32.13.3.rel1.win32_1.0.0.202411081344/tools/bin/../lib/gcc/arm-none-eabi/13.3.1/../../../../arm-none-eabi/lib/thumb/v7-m/nofp\libc_nano.a(libc_a-strtod.o)
                0x0800d188                _strtod_r
 .text._strtol_l.isra.0
                0x0800d194       0xf4 C:/ST/STM32CubeIDE_1.19.0/STM32CubeIDE/plugins/com.st.stm32cube.ide.mcu.externaltools.gnu-tools-for-stm32.13.3.rel1.win32_1.0.0.202411081344/tools/bin/../lib/gcc/arm-none-eabi/13.3.1/../../../../arm-none-eabi/lib/thumb/v7-m/nofp\libc_nano.a(libc_a-strtol.o)
 .text._strtol_r
                0x0800d288        0x4 C:/ST/STM32CubeIDE_1.19.0/STM32CubeIDE/plugins/com.st.stm32cube.ide.mcu.externaltools.gnu-tools-for-stm32.13.3.rel1.win32_1.0.0.202411081344/tools/bin/../lib/gcc/arm-none-eabi/13.3.1/../../../../arm-none-eabi/lib/thumb/v7-m/nofp\libc_nano.a(libc_a-strtol.o)
                0x0800d288                _strtol_r
 .text.__ssputs_r
                0x0800d28c       0xb6 C:/ST/STM32CubeIDE_1.19.0/STM32CubeIDE/plugins/com.st.stm32cube.ide.mcu.externaltools.gnu-tools-for-stm32.13.3.rel1.win32_1.0.0.202411081344/tools/bin/../lib/gcc/arm-none-eabi/13.3.1/../../../../arm-none-eabi/lib/thumb/v7-m/nofp\libc_nano.a(libc_a-nano-svfprintf.o)
                0x0800d28c                __ssputs_r
 *fill*         0x0800d342        0x2 
 .text._svfprintf_r
                0x0800d344      0x1f8 C:/ST/STM32CubeIDE_1.19.0/STM32CubeIDE/plugins/com.st.stm32cube.ide.mcu.externaltools.gnu-tools-for-stm32.13.3.rel1.win32_1.0.0.202411081344/tools/bin/../lib/gcc/arm-none-eabi/13.3.1/../../../../arm-none-eabi/lib/thumb/v7-m/nofp\libc_nano.a(libc_a-nano-svfprintf.o)
                0x0800d344                _svfiprintf_r
                0x0800d344                _svfprintf_r
 .text.__sfputc_r
                0x0800d53c       0x2a C:/ST/STM32CubeIDE_1.19.0/STM32CubeIDE/plugins/com.st.stm32cube.ide.mcu.externaltools.gnu-tools-for-stm32.13.3.rel1.win32_1.0.0.202411081344/tools/bin/../lib/gcc/arm-none-eabi/13.3.1/../../../../arm-none-eabi/lib/thumb/v7-m/nofp\libc_nano.a(libc_a-nano-vfprintf.o)
 .text.__sfputs_r
                0x0800d566       0x24 C:/ST/STM32CubeIDE_1.19.0/STM32CubeIDE/plugins/com.st.stm32cube.ide.mcu.externaltools.gnu-tools-for-stm32.13.3.rel1.win32_1.0.0.202411081344/tools/bin/../lib/gcc/arm-none-eabi/13.3.1/../../../../arm-none-eabi/lib/thumb/v7-m/nofp\libc_nano.a(libc_a-nano-vfprintf.o)
                0x0800d566                __sfputs_r
 *fill*         0x0800d58a        0x2 
 .text._vfprintf_r
                0x0800d58c      0x230 C:/ST/STM32CubeIDE_1.19.0/STM32CubeIDE/plugins/com.st.stm32cube.ide.mcu.externaltools.gnu-tools-for-stm32.13.3.rel1.win32_1.0.0.202411081344/tools/bin/../lib/gcc/arm-none-eabi/13.3.1/../../../../arm-none-eabi/lib/thumb/v7-m/nofp\libc_nano.a(libc_a-nano-vfprintf.o)
                0x0800d58c                _vfprintf_r
                0x0800d58c                _vfiprintf_r
 .text.__sflush_r
                0x0800d7bc      0x100 C:/ST/STM32CubeIDE_1.19.0/STM32CubeIDE/plugins/com.st.stm32cube.ide.mcu.externaltools.gnu-tools-for-stm32.13.3.rel1.win32_1.0.0.202411081344/tools/bin/../lib/gcc/arm-none-eabi/13.3.1/../../../../arm-none-eabi/lib/thumb/v7-m/nofp\libc_nano.a(libc_a-fflush.o)
                0x0800d7bc                __sflush_r
 .text._fflush_r
                0x0800d8bc       0x50 C:/ST/STM32CubeIDE_1.19.0/STM32CubeIDE/plugins/com.st.stm32cube.ide.mcu.externaltools.gnu-tools-for-stm32.13.3.rel1.win32_1.0.0.202411081344/tools/bin/../lib/gcc/arm-none-eabi/13.3.1/../../../../arm-none-eabi/lib/thumb/v7-m/nofp\libc_nano.a(libc_a-fflush.o)
                0x0800d8bc                _fflush_r
 .text.__swhatbuf_r
                0x0800d90c       0x4a C:/ST/STM32CubeIDE_1.19.0/STM32CubeIDE/plugins/com.st.stm32cube.ide.mcu.externaltools.gnu-tools-for-stm32.13.3.rel1.win32_1.0.0.202411081344/tools/bin/../lib/gcc/arm-none-eabi/13.3.1/../../../../arm-none-eabi/lib/thumb/v7-m/nofp\libc_nano.a(libc_a-makebuf.o)
                0x0800d90c                __swhatbuf_r
 .text.__smakebuf_r
                0x0800d956       0x78 C:/ST/STM32CubeIDE_1.19.0/STM32CubeIDE/plugins/com.st.stm32cube.ide.mcu.externaltools.gnu-tools-for-stm32.13.3.rel1.win32_1.0.0.202411081344/tools/bin/../lib/gcc/arm-none-eabi/13.3.1/../../../../arm-none-eabi/lib/thumb/v7-m/nofp\libc_nano.a(libc_a-makebuf.o)
                0x0800d956                __smakebuf_r
 .text.memmove  0x0800d9ce       0x34 C:/ST/STM32CubeIDE_1.19.0/STM32CubeIDE/plugins/com.st.stm32cube.ide.mcu.externaltools.gnu-tools-for-stm32.13.3.rel1.win32_1.0.0.202411081344/tools/bin/../lib/gcc/arm-none-eabi/13.3.1/../../../../arm-none-eabi/lib/thumb/v7-m/nofp\libc_nano.a(libc_a-memmove.o)
                0x0800d9ce                memmove
 .text.strncmp  0x0800da02       0x24 C:/ST/STM32CubeIDE_1.19.0/STM32CubeIDE/plugins/com.st.stm32cube.ide.mcu.externaltools.gnu-tools-for-stm32.13.3.rel1.win32_1.0.0.202411081344/tools/bin/../lib/gcc/arm-none-eabi/13.3.1/../../../../arm-none-eabi/lib/thumb/v7-m/nofp\libc_nano.a(libc_a-strncmp.o)
                0x0800da02                strncmp
 *fill*         0x0800da26        0x2 
 .text._fstat_r
                0x0800da28       0x24 C:/ST/STM32CubeIDE_1.19.0/STM32CubeIDE/plugins/com.st.stm32cube.ide.mcu.externaltools.gnu-tools-for-stm32.13.3.rel1.win32_1.0.0.202411081344/tools/bin/../lib/gcc/arm-none-eabi/13.3.1/../../../../arm-none-eabi/lib/thumb/v7-m/nofp\libc_nano.a(libc_a-fstatr.o)
                0x0800da28                _fstat_r
 .text._isatty_r
                0x0800da4c       0x20 C:/ST/STM32CubeIDE_1.19.0/STM32CubeIDE/plugins/com.st.stm32cube.ide.mcu.externaltools.gnu-tools-for-stm32.13.3.rel1.win32_1.0.0.202411081344/tools/bin/../lib/gcc/arm-none-eabi/13.3.1/../../../../arm-none-eabi/lib/thumb/v7-m/nofp\libc_nano.a(libc_a-isattyr.o)
                0x0800da4c                _isatty_r
 .text._sbrk_r  0x0800da6c       0x20 C:/ST/STM32CubeIDE_1.19.0/STM32CubeIDE/plugins/com.st.stm32cube.ide.mcu.externaltools.gnu-tools-for-stm32.13.3.rel1.win32_1.0.0.202411081344/tools/bin/../lib/gcc/arm-none-eabi/13.3.1/../../../../arm-none-eabi/lib/thumb/v7-m/nofp\libc_nano.a(libc_a-sbrkr.o)
                0x0800da6c                _sbrk_r
 .text.memcpy   0x0800da8c       0x1c C:/ST/STM32CubeIDE_1.19.0/STM32CubeIDE/plugins/com.st.stm32cube.ide.mcu.externaltools.gnu-tools-for-stm32.13.3.rel1.win32_1.0.0.202411081344/tools/bin/../lib/gcc/arm-none-eabi/13.3.1/../../../../arm-none-eabi/lib/thumb/v7-m/nofp\libc_nano.a(libc_a-memcpy-stub.o)
                0x0800da8c                memcpy
 .text.nan      0x0800daa8        0xc C:/ST/STM32CubeIDE_1.19.0/STM32CubeIDE/plugins/com.st.stm32cube.ide.mcu.externaltools.gnu-tools-for-stm32.13.3.rel1.win32_1.0.0.202411081344/tools/bin/../lib/gcc/arm-none-eabi/13.3.1/../../../../arm-none-eabi/lib/thumb/v7-m/nofp\libc_nano.a(libm_a-s_nan.o)
                0x0800daa8                nan
 .text.__assert_func
                0x0800dab4       0x3c C:/ST/STM32CubeIDE_1.19.0/STM32CubeIDE/plugins/com.st.stm32cube.ide.mcu.externaltools.gnu-tools-for-stm32.13.3.rel1.win32_1.0.0.202411081344/tools/bin/../lib/gcc/arm-none-eabi/13.3.1/../../../../arm-none-eabi/lib/thumb/v7-m/nofp\libc_nano.a(libc_a-assert.o)
                0x0800dab4                __assert_func
 .text._calloc_r
                0x0800daf0       0x28 C:/ST/STM32CubeIDE_1.19.0/STM32CubeIDE/plugins/com.st.stm32cube.ide.mcu.externaltools.gnu-tools-for-stm32.13.3.rel1.win32_1.0.0.202411081344/tools/bin/../lib/gcc/arm-none-eabi/13.3.1/../../../../arm-none-eabi/lib/thumb/v7-m/nofp\libc_nano.a(libc_a-callocr.o)
                0x0800daf0                _calloc_r
 .text.rshift   0x0800db18       0xa6 C:/ST/STM32CubeIDE_1.19.0/STM32CubeIDE/plugins/com.st.stm32cube.ide.mcu.externaltools.gnu-tools-for-stm32.13.3.rel1.win32_1.0.0.202411081344/tools/bin/../lib/gcc/arm-none-eabi/13.3.1/../../../../arm-none-eabi/lib/thumb/v7-m/nofp\libc_nano.a(libc_a-gdtoa-gethex.o)
 .text.__hexdig_fun
                0x0800dbbe       0x2a C:/ST/STM32CubeIDE_1.19.0/STM32CubeIDE/plugins/com.st.stm32cube.ide.mcu.externaltools.gnu-tools-for-stm32.13.3.rel1.win32_1.0.0.202411081344/tools/bin/../lib/gcc/arm-none-eabi/13.3.1/../../../../arm-none-eabi/lib/thumb/v7-m/nofp\libc_nano.a(libc_a-gdtoa-gethex.o)
                0x0800dbbe                __hexdig_fun
 .text.__gethex
                0x0800dbe8      0x420 C:/ST/STM32CubeIDE_1.19.0/STM32CubeIDE/plugins/com.st.stm32cube.ide.mcu.externaltools.gnu-tools-for-stm32.13.3.rel1.win32_1.0.0.202411081344/tools/bin/../lib/gcc/arm-none-eabi/13.3.1/../../../../arm-none-eabi/lib/thumb/v7-m/nofp\libc_nano.a(libc_a-gdtoa-gethex.o)
                0x0800dbe8                __gethex
 .text.L_shift  0x0800e008       0x24 C:/ST/STM32CubeIDE_1.19.0/STM32CubeIDE/plugins/com.st.stm32cube.ide.mcu.externaltools.gnu-tools-for-stm32.13.3.rel1.win32_1.0.0.202411081344/tools/bin/../lib/gcc/arm-none-eabi/13.3.1/../../../../arm-none-eabi/lib/thumb/v7-m/nofp\libc_nano.a(libc_a-gdtoa-hexnan.o)
 .text.__match  0x0800e02c       0x28 C:/ST/STM32CubeIDE_1.19.0/STM32CubeIDE/plugins/com.st.stm32cube.ide.mcu.externaltools.gnu-tools-for-stm32.13.3.rel1.win32_1.0.0.202411081344/tools/bin/../lib/gcc/arm-none-eabi/13.3.1/../../../../arm-none-eabi/lib/thumb/v7-m/nofp\libc_nano.a(libc_a-gdtoa-hexnan.o)
                0x0800e02c                __match
 .text.__hexnan
                0x0800e054      0x136 C:/ST/STM32CubeIDE_1.19.0/STM32CubeIDE/plugins/com.st.stm32cube.ide.mcu.externaltools.gnu-tools-for-stm32.13.3.rel1.win32_1.0.0.202411081344/tools/bin/../lib/gcc/arm-none-eabi/13.3.1/../../../../arm-none-eabi/lib/thumb/v7-m/nofp\libc_nano.a(libc_a-gdtoa-hexnan.o)
                0x0800e054                __hexnan
 .text.__ascii_mbtowc
                0x0800e18a       0x24 C:/ST/STM32CubeIDE_1.19.0/STM32CubeIDE/plugins/com.st.stm32cube.ide.mcu.externaltools.gnu-tools-for-stm32.13.3.rel1.win32_1.0.0.202411081344/tools/bin/../lib/gcc/arm-none-eabi/13.3.1/../../../../arm-none-eabi/lib/thumb/v7-m/nofp\libc_nano.a(libc_a-mbtowc_r.o)
                0x0800e18a                __ascii_mbtowc
 .text._realloc_r
                0x0800e1ae       0x5c C:/ST/STM32CubeIDE_1.19.0/STM32CubeIDE/plugins/com.st.stm32cube.ide.mcu.externaltools.gnu-tools-for-stm32.13.3.rel1.win32_1.0.0.202411081344/tools/bin/../lib/gcc/arm-none-eabi/13.3.1/../../../../arm-none-eabi/lib/thumb/v7-m/nofp\libc_nano.a(libc_a-reallocr.o)
                0x0800e1ae                _realloc_r
 .text.__ascii_wctomb
                0x0800e20a       0x1a C:/ST/STM32CubeIDE_1.19.0/STM32CubeIDE/plugins/com.st.stm32cube.ide.mcu.externaltools.gnu-tools-for-stm32.13.3.rel1.win32_1.0.0.202411081344/tools/bin/../lib/gcc/arm-none-eabi/13.3.1/../../../../arm-none-eabi/lib/thumb/v7-m/nofp\libc_nano.a(libc_a-wctomb_r.o)
                0x0800e20a                __ascii_wctomb
 .text.fprintf  0x0800e224       0x24 C:/ST/STM32CubeIDE_1.19.0/STM32CubeIDE/plugins/com.st.stm32cube.ide.mcu.externaltools.gnu-tools-for-stm32.13.3.rel1.win32_1.0.0.202411081344/tools/bin/../lib/gcc/arm-none-eabi/13.3.1/../../../../arm-none-eabi/lib/thumb/v7-m/nofp\libc_nano.a(libc_a-fprintf.o)
                0x0800e224                fiprintf
                0x0800e224                fprintf
 .text.abort    0x0800e248        0xe C:/ST/STM32CubeIDE_1.19.0/STM32CubeIDE/plugins/com.st.stm32cube.ide.mcu.externaltools.gnu-tools-for-stm32.13.3.rel1.win32_1.0.0.202411081344/tools/bin/../lib/gcc/arm-none-eabi/13.3.1/../../../../arm-none-eabi/lib/thumb/v7-m/nofp\libc_nano.a(libc_a-abort.o)
                0x0800e248                abort
 .text._malloc_usable_size_r
                0x0800e256       0x10 C:/ST/STM32CubeIDE_1.19.0/STM32CubeIDE/plugins/com.st.stm32cube.ide.mcu.externaltools.gnu-tools-for-stm32.13.3.rel1.win32_1.0.0.202411081344/tools/bin/../lib/gcc/arm-none-eabi/13.3.1/../../../../arm-none-eabi/lib/thumb/v7-m/nofp\libc_nano.a(libc_a-msizer.o)
                0x0800e256                _malloc_usable_size_r
 .text._raise_r
                0x0800e266       0x50 C:/ST/STM32CubeIDE_1.19.0/STM32CubeIDE/plugins/com.st.stm32cube.ide.mcu.externaltools.gnu-tools-for-stm32.13.3.rel1.win32_1.0.0.202411081344/tools/bin/../lib/gcc/arm-none-eabi/13.3.1/../../../../arm-none-eabi/lib/thumb/v7-m/nofp\libc_nano.a(libc_a-signal.o)
                0x0800e266                _raise_r
 *fill*         0x0800e2b6        0x2 
 .text.raise    0x0800e2b8       0x10 C:/ST/STM32CubeIDE_1.19.0/STM32CubeIDE/plugins/com.st.stm32cube.ide.mcu.externaltools.gnu-tools-for-stm32.13.3.rel1.win32_1.0.0.202411081344/tools/bin/../lib/gcc/arm-none-eabi/13.3.1/../../../../arm-none-eabi/lib/thumb/v7-m/nofp\libc_nano.a(libc_a-signal.o)
                0x0800e2b8                raise
 .text._kill_r  0x0800e2c8       0x24 C:/ST/STM32CubeIDE_1.19.0/STM32CubeIDE/plugins/com.st.stm32cube.ide.mcu.externaltools.gnu-tools-for-stm32.13.3.rel1.win32_1.0.0.202411081344/tools/bin/../lib/gcc/arm-none-eabi/13.3.1/../../../../arm-none-eabi/lib/thumb/v7-m/nofp\libc_nano.a(libc_a-signalr.o)
                0x0800e2c8                _kill_r
 .text._getpid_r
                0x0800e2ec        0x4 C:/ST/STM32CubeIDE_1.19.0/STM32CubeIDE/plugins/com.st.stm32cube.ide.mcu.externaltools.gnu-tools-for-stm32.13.3.rel1.win32_1.0.0.202411081344/tools/bin/../lib/gcc/arm-none-eabi/13.3.1/../../../../arm-none-eabi/lib/thumb/v7-m/nofp\libc_nano.a(libc_a-signalr.o)
                0x0800e2ec                _getpid_r
 .text.asin     0x0800e2f0       0x50 C:/ST/STM32CubeIDE_1.19.0/STM32CubeIDE/plugins/com.st.stm32cube.ide.mcu.externaltools.gnu-tools-for-stm32.13.3.rel1.win32_1.0.0.202411081344/tools/bin/../lib/gcc/arm-none-eabi/13.3.1/../../../../arm-none-eabi/lib/thumb/v7-m/nofp\libm.a(libm_a-w_asin.o)
                0x0800e2f0                asin
 .text.atan2    0x0800e340        0x4 C:/ST/STM32CubeIDE_1.19.0/STM32CubeIDE/plugins/com.st.stm32cube.ide.mcu.externaltools.gnu-tools-for-stm32.13.3.rel1.win32_1.0.0.202411081344/tools/bin/../lib/gcc/arm-none-eabi/13.3.1/../../../../arm-none-eabi/lib/thumb/v7-m/nofp\libm.a(libm_a-w_atan2.o)
                0x0800e340                atan2
 .text.fabs     0x0800e344        0x8 C:/ST/STM32CubeIDE_1.19.0/STM32CubeIDE/plugins/com.st.stm32cube.ide.mcu.externaltools.gnu-tools-for-stm32.13.3.rel1.win32_1.0.0.202411081344/tools/bin/../lib/gcc/arm-none-eabi/13.3.1/../../../../arm-none-eabi/lib/thumb/v7-m/nofp\libm.a(libm_a-s_fabs.o)
                0x0800e344                fabs
 *fill*         0x0800e34c        0x4 
 .text.__ieee754_asin
                0x0800e350      0x3f8 C:/ST/STM32CubeIDE_1.19.0/STM32CubeIDE/plugins/com.st.stm32cube.ide.mcu.externaltools.gnu-tools-for-stm32.13.3.rel1.win32_1.0.0.202411081344/tools/bin/../lib/gcc/arm-none-eabi/13.3.1/../../../../arm-none-eabi/lib/thumb/v7-m/nofp\libm.a(libm_a-e_asin.o)
                0x0800e350                __ieee754_asin
 .text.__ieee754_atan2
                0x0800e748      0x1a4 C:/ST/STM32CubeIDE_1.19.0/STM32CubeIDE/plugins/com.st.stm32cube.ide.mcu.externaltools.gnu-tools-for-stm32.13.3.rel1.win32_1.0.0.202411081344/tools/bin/../lib/gcc/arm-none-eabi/13.3.1/../../../../arm-none-eabi/lib/thumb/v7-m/nofp\libm.a(libm_a-e_atan2.o)
                0x0800e748                __ieee754_atan2
 *fill*         0x0800e8ec        0x4 
 .text.atan     0x0800e8f0      0x320 C:/ST/STM32CubeIDE_1.19.0/STM32CubeIDE/plugins/com.st.stm32cube.ide.mcu.externaltools.gnu-tools-for-stm32.13.3.rel1.win32_1.0.0.202411081344/tools/bin/../lib/gcc/arm-none-eabi/13.3.1/../../../../arm-none-eabi/lib/thumb/v7-m/nofp\libm.a(libm_a-s_atan.o)
                0x0800e8f0                atan
 .text.__ieee754_sqrt
                0x0800ec10      0x1a4 C:/ST/STM32CubeIDE_1.19.0/STM32CubeIDE/plugins/com.st.stm32cube.ide.mcu.externaltools.gnu-tools-for-stm32.13.3.rel1.win32_1.0.0.202411081344/tools/bin/../lib/gcc/arm-none-eabi/13.3.1/../../../../arm-none-eabi/lib/thumb/v7-m/nofp\libm.a(libm_a-e_sqrt.o)
                0x0800ec10                __ieee754_sqrt
 *(.glue_7)
 .glue_7        0x0800edb4        0x0 linker stubs
 *(.glue_7t)
 .glue_7t       0x0800edb4        0x0 linker stubs
 *(.eh_frame)
 .eh_frame      0x0800edb4        0x0 C:/ST/STM32CubeIDE_1.19.0/STM32CubeIDE/plugins/com.st.stm32cube.ide.mcu.externaltools.gnu-tools-for-stm32.13.3.rel1.win32_1.0.0.202411081344/tools/bin/../lib/gcc/arm-none-eabi/13.3.1/thumb/v7-m/nofp/crtbegin.o
 *(.init)
 .init          0x0800edb4        0x4 C:/ST/STM32CubeIDE_1.19.0/STM32CubeIDE/plugins/com.st.stm32cube.ide.mcu.externaltools.gnu-tools-for-stm32.13.3.rel1.win32_1.0.0.202411081344/tools/bin/../lib/gcc/arm-none-eabi/13.3.1/thumb/v7-m/nofp/crti.o
                0x0800edb4                _init
 .init          0x0800edb8        0x8 C:/ST/STM32CubeIDE_1.19.0/STM32CubeIDE/plugins/com.st.stm32cube.ide.mcu.externaltools.gnu-tools-for-stm32.13.3.rel1.win32_1.0.0.202411081344/tools/bin/../lib/gcc/arm-none-eabi/13.3.1/thumb/v7-m/nofp/crtn.o
 *(.fini)
 .fini          0x0800edc0        0x4 C:/ST/STM32CubeIDE_1.19.0/STM32CubeIDE/plugins/com.st.stm32cube.ide.mcu.externaltools.gnu-tools-for-stm32.13.3.rel1.win32_1.0.0.202411081344/tools/bin/../lib/gcc/arm-none-eabi/13.3.1/thumb/v7-m/nofp/crti.o
                0x0800edc0                _fini
 .fini          0x0800edc4        0x8 C:/ST/STM32CubeIDE_1.19.0/STM32CubeIDE/plugins/com.st.stm32cube.ide.mcu.externaltools.gnu-tools-for-stm32.13.3.rel1.win32_1.0.0.202411081344/tools/bin/../lib/gcc/arm-none-eabi/13.3.1/thumb/v7-m/nofp/crtn.o
                0x0800edcc                        . = ALIGN (0x4)
                0x0800edcc                        _etext = .

.vfp11_veneer   0x0800edcc        0x0
 .vfp11_veneer  0x0800edcc        0x0 linker stubs

.v4_bx          0x0800edcc        0x0
 .v4_bx         0x0800edcc        0x0 linker stubs

.iplt           0x0800edcc        0x0
 .iplt          0x0800edcc        0x0 C:/ST/STM32CubeIDE_1.19.0/STM32CubeIDE/plugins/com.st.stm32cube.ide.mcu.externaltools.gnu-tools-for-stm32.13.3.rel1.win32_1.0.0.202411081344/tools/bin/../lib/gcc/arm-none-eabi/13.3.1/thumb/v7-m/nofp/crtbegin.o

.rodata         0x0800edd0     0x16e8
                0x0800edd0                        . = ALIGN (0x4)
 *(.rodata)
 .rodata        0x0800edd0       0x4b ./Core/Inc/inv_mpu_dmp_motion_driver.o
 *fill*         0x0800ee1b        0x1 
 .rodata        0x0800ee1c       0x34 ./Core/Src/KF.o
 .rodata        0x0800ee50       0x96 ./Core/Src/inv_mpu.o
 *fill*         0x0800eee6        0x2 
 .rodata        0x0800eee8      0x2ec ./Core/Src/main.o
 .rodata        0x0800f1d4      0x1a3 ./Core/Src/mpu6050.o
 *(.rodata*)
 *fill*         0x0800f377        0x1 
 .rodata.dmp_memory
                0x0800f378      0xbf6 ./Core/Inc/inv_mpu_dmp_motion_driver.o
 *fill*         0x0800ff6e        0x2 
 .rodata.I.0    0x0800ff70       0x10 ./Core/Src/KF.o
 .rodata.I.1    0x0800ff80       0x10 ./Core/Src/KF.o
 .rodata.hw     0x0800ff90        0xc ./Core/Src/inv_mpu.o
                0x0800ff90                hw
 .rodata.reg    0x0800ff9c       0x1b ./Core/Src/inv_mpu.o
                0x0800ff9c                reg
 *fill*         0x0800ffb7        0x1 
 .rodata.test   0x0800ffb8       0x28 ./Core/Src/inv_mpu.o
                0x0800ffb8                test
 .rodata.AHBPrescTable
                0x0800ffe0       0x10 ./Core/Src/system_stm32f1xx.o
                0x0800ffe0                AHBPrescTable
 .rodata.APBPrescTable
                0x0800fff0        0x8 ./Core/Src/system_stm32f1xx.o
                0x0800fff0                APBPrescTable
 .rodata.aPLLMULFactorTable.1
                0x0800fff8       0x10 ./Drivers/STM32F1xx_HAL_Driver/Src/stm32f1xx_hal_rcc.o
 .rodata.aPredivFactorTable.0
                0x08010008        0x2 ./Drivers/STM32F1xx_HAL_Driver/Src/stm32f1xx_hal_rcc.o
 .rodata._printf_float.str1.1
                0x0801000a      0x1d6 C:/ST/STM32CubeIDE_1.19.0/STM32CubeIDE/plugins/com.st.stm32cube.ide.mcu.externaltools.gnu-tools-for-stm32.13.3.rel1.win32_1.0.0.202411081344/tools/bin/../lib/gcc/arm-none-eabi/13.3.1/../../../../arm-none-eabi/lib/thumb/v7-m/nofp\libc_nano.a(libc_a-nano-vfprintf_float.o)
                                 0x12 (size before relaxing)
 .rodata._printf_i.str1.1
                0x080101e0       0x22 C:/ST/STM32CubeIDE_1.19.0/STM32CubeIDE/plugins/com.st.stm32cube.ide.mcu.externaltools.gnu-tools-for-stm32.13.3.rel1.win32_1.0.0.202411081344/tools/bin/../lib/gcc/arm-none-eabi/13.3.1/../../../../arm-none-eabi/lib/thumb/v7-m/nofp\libc_nano.a(libc_a-nano-vfprintf_i.o)
 .rodata._scanf_float.str1.1
                0x080101e0        0x6 C:/ST/STM32CubeIDE_1.19.0/STM32CubeIDE/plugins/com.st.stm32cube.ide.mcu.externaltools.gnu-tools-for-stm32.13.3.rel1.win32_1.0.0.202411081344/tools/bin/../lib/gcc/arm-none-eabi/13.3.1/../../../../arm-none-eabi/lib/thumb/v7-m/nofp\libc_nano.a(libc_a-nano-vfscanf_float.o)
 .rodata._dtoa_r.str1.1
                0x080101e0       0x8f C:/ST/STM32CubeIDE_1.19.0/STM32CubeIDE/plugins/com.st.stm32cube.ide.mcu.externaltools.gnu-tools-for-stm32.13.3.rel1.win32_1.0.0.202411081344/tools/bin/../lib/gcc/arm-none-eabi/13.3.1/../../../../arm-none-eabi/lib/thumb/v7-m/nofp\libc_nano.a(libc_a-dtoa.o)
 .rodata._Balloc.str1.1
                0x080101e0       0x70 C:/ST/STM32CubeIDE_1.19.0/STM32CubeIDE/plugins/com.st.stm32cube.ide.mcu.externaltools.gnu-tools-for-stm32.13.3.rel1.win32_1.0.0.202411081344/tools/bin/../lib/gcc/arm-none-eabi/13.3.1/../../../../arm-none-eabi/lib/thumb/v7-m/nofp\libc_nano.a(libc_a-mprec.o)
 .rodata.__multadd.str1.1
                0x080101e0       0x11 C:/ST/STM32CubeIDE_1.19.0/STM32CubeIDE/plugins/com.st.stm32cube.ide.mcu.externaltools.gnu-tools-for-stm32.13.3.rel1.win32_1.0.0.202411081344/tools/bin/../lib/gcc/arm-none-eabi/13.3.1/../../../../arm-none-eabi/lib/thumb/v7-m/nofp\libc_nano.a(libc_a-mprec.o)
 .rodata.p05.0  0x080101e0        0xc C:/ST/STM32CubeIDE_1.19.0/STM32CubeIDE/plugins/com.st.stm32cube.ide.mcu.externaltools.gnu-tools-for-stm32.13.3.rel1.win32_1.0.0.202411081344/tools/bin/../lib/gcc/arm-none-eabi/13.3.1/../../../../arm-none-eabi/lib/thumb/v7-m/nofp\libc_nano.a(libc_a-mprec.o)
 *fill*         0x080101ec        0x4 
 .rodata.__mprec_bigtens
                0x080101f0       0x28 C:/ST/STM32CubeIDE_1.19.0/STM32CubeIDE/plugins/com.st.stm32cube.ide.mcu.externaltools.gnu-tools-for-stm32.13.3.rel1.win32_1.0.0.202411081344/tools/bin/../lib/gcc/arm-none-eabi/13.3.1/../../../../arm-none-eabi/lib/thumb/v7-m/nofp\libc_nano.a(libc_a-mprec.o)
                0x080101f0                __mprec_bigtens
 .rodata.__mprec_tens
                0x08010218       0xc8 C:/ST/STM32CubeIDE_1.19.0/STM32CubeIDE/plugins/com.st.stm32cube.ide.mcu.externaltools.gnu-tools-for-stm32.13.3.rel1.win32_1.0.0.202411081344/tools/bin/../lib/gcc/arm-none-eabi/13.3.1/../../../../arm-none-eabi/lib/thumb/v7-m/nofp\libc_nano.a(libc_a-mprec.o)