../Core/Inc/inv_mpu_dmp_motion_driver.c:504:5:dmp_load_motion_driver_firmware	8	static
../Core/Inc/inv_mpu_dmp_motion_driver.c:517:5:dmp_set_orientation	40	static
../Core/Inc/inv_mpu_dmp_motion_driver.c:572:5:dmp_set_gyro_bias	80	static
../Core/Inc/inv_mpu_dmp_motion_driver.c:624:5:dmp_set_accel_bias	112	static
../Core/Inc/inv_mpu_dmp_motion_driver.c:676:5:dmp_set_fifo_rate	40	static
../Core/Inc/inv_mpu_dmp_motion_driver.c:702:5:dmp_get_fifo_rate	16	static
../Core/Inc/inv_mpu_dmp_motion_driver.c:714:5:dmp_set_tap_thresh	32	static
../Core/Inc/inv_mpu_dmp_motion_driver.c:780:5:dmp_set_tap_axes	24	static
../Core/Inc/inv_mpu_dmp_motion_driver.c:798:5:dmp_set_tap_count	24	static
../Core/Inc/inv_mpu_dmp_motion_driver.c:816:5:dmp_set_tap_time	24	static
../Core/Inc/inv_mpu_dmp_motion_driver.c:832:5:dmp_set_tap_time_multi	24	static
../Core/Inc/inv_mpu_dmp_motion_driver.c:850:5:dmp_set_shake_reject_thresh	24	static
../Core/Inc/inv_mpu_dmp_motion_driver.c:869:5:dmp_set_shake_reject_time	24	static
../Core/Inc/inv_mpu_dmp_motion_driver.c:887:5:dmp_set_shake_reject_timeout	24	static
../Core/Inc/inv_mpu_dmp_motion_driver.c:902:5:dmp_get_pedometer_step_count	24	static
../Core/Inc/inv_mpu_dmp_motion_driver.c:923:5:dmp_set_pedometer_step_count	24	static
../Core/Inc/inv_mpu_dmp_motion_driver.c:939:5:dmp_get_pedometer_walk_time	24	static
../Core/Inc/inv_mpu_dmp_motion_driver.c:959:5:dmp_set_pedometer_walk_time	24	static
../Core/Inc/inv_mpu_dmp_motion_driver.c:989:5:dmp_enable_feature	32	static
../Core/Inc/inv_mpu_dmp_motion_driver.c:1111:5:dmp_get_enabled_features	16	static
../Core/Inc/inv_mpu_dmp_motion_driver.c:1126:5:dmp_enable_gyro_cal	40	static
../Core/Inc/inv_mpu_dmp_motion_driver.c:1144:5:dmp_enable_lp_quat	24	static
../Core/Inc/inv_mpu_dmp_motion_driver.c:1168:5:dmp_enable_6x_lp_quat	24	static
../Core/Inc/inv_mpu_dmp_motion_driver.c:1189:12:decode_gesture	24	static
../Core/Inc/inv_mpu_dmp_motion_driver.c:1221:5:dmp_set_interrupt_mode	40	static
../Core/Inc/inv_mpu_dmp_motion_driver.c:1260:5:dmp_read_fifo	80	static
../Core/Inc/inv_mpu_dmp_motion_driver.c:1349:5:dmp_register_tap_cb	16	static
../Core/Inc/inv_mpu_dmp_motion_driver.c:1360:5:dmp_register_android_orient_cb	16	static
